Archive member included to satisfy reference by file (symbol)

/usr/lib/gcc/arm-none-eabi/9.2.1/thumb/v6-m/nofp/libgcc.a(_dvmd_tls.o)
                              CMakeFiles/Teclado.dir/home/dario/Documents/pico/pico-sdk/src/rp2_common/pico_divider/divider.S.obj (__aeabi_idiv0)
/usr/lib/gcc/arm-none-eabi/9.2.1/../../../arm-none-eabi/lib/thumb/v6-m/nofp/libg.a(lib_a-atexit.o)
                              /usr/lib/gcc/arm-none-eabi/9.2.1/../../../arm-none-eabi/lib/thumb/v6-m/nofp/crt0.o (atexit)
/usr/lib/gcc/arm-none-eabi/9.2.1/../../../arm-none-eabi/lib/thumb/v6-m/nofp/libg.a(lib_a-calloc.o)
                              CMakeFiles/Teclado.dir/home/dario/Documents/pico/pico-sdk/src/rp2_common/pico_malloc/pico_malloc.c.obj (calloc)
/usr/lib/gcc/arm-none-eabi/9.2.1/../../../arm-none-eabi/lib/thumb/v6-m/nofp/libg.a(lib_a-callocr.o)
                              /usr/lib/gcc/arm-none-eabi/9.2.1/../../../arm-none-eabi/lib/thumb/v6-m/nofp/libg.a(lib_a-calloc.o) (_calloc_r)
/usr/lib/gcc/arm-none-eabi/9.2.1/../../../arm-none-eabi/lib/thumb/v6-m/nofp/libg.a(lib_a-ctype_.o)
                              CMakeFiles/Teclado.dir/home/dario/Documents/pico/pico-sdk/lib/tinyusb/src/tusb.c.obj (_ctype_)
/usr/lib/gcc/arm-none-eabi/9.2.1/../../../arm-none-eabi/lib/thumb/v6-m/nofp/libg.a(lib_a-fini.o)
                              /usr/lib/gcc/arm-none-eabi/9.2.1/../../../arm-none-eabi/lib/thumb/v6-m/nofp/crt0.o (__libc_fini_array)
/usr/lib/gcc/arm-none-eabi/9.2.1/../../../arm-none-eabi/lib/thumb/v6-m/nofp/libg.a(lib_a-impure.o)
                              /usr/lib/gcc/arm-none-eabi/9.2.1/../../../arm-none-eabi/lib/thumb/v6-m/nofp/libg.a(lib_a-calloc.o) (_impure_ptr)
/usr/lib/gcc/arm-none-eabi/9.2.1/../../../arm-none-eabi/lib/thumb/v6-m/nofp/libg.a(lib_a-init.o)
                              /usr/lib/gcc/arm-none-eabi/9.2.1/../../../arm-none-eabi/lib/thumb/v6-m/nofp/crt0.o (__libc_init_array)
/usr/lib/gcc/arm-none-eabi/9.2.1/../../../arm-none-eabi/lib/thumb/v6-m/nofp/libg.a(lib_a-malloc.o)
                              CMakeFiles/Teclado.dir/home/dario/Documents/pico/pico-sdk/src/rp2_common/pico_malloc/pico_malloc.c.obj (malloc)
/usr/lib/gcc/arm-none-eabi/9.2.1/../../../arm-none-eabi/lib/thumb/v6-m/nofp/libg.a(lib_a-mallocr.o)
                              /usr/lib/gcc/arm-none-eabi/9.2.1/../../../arm-none-eabi/lib/thumb/v6-m/nofp/libg.a(lib_a-callocr.o) (_malloc_r)
/usr/lib/gcc/arm-none-eabi/9.2.1/../../../arm-none-eabi/lib/thumb/v6-m/nofp/libg.a(lib_a-mlock.o)
                              /usr/lib/gcc/arm-none-eabi/9.2.1/../../../arm-none-eabi/lib/thumb/v6-m/nofp/libg.a(lib_a-mallocr.o) (__malloc_lock)
/usr/lib/gcc/arm-none-eabi/9.2.1/../../../arm-none-eabi/lib/thumb/v6-m/nofp/libg.a(lib_a-sbrkr.o)
                              /usr/lib/gcc/arm-none-eabi/9.2.1/../../../arm-none-eabi/lib/thumb/v6-m/nofp/libg.a(lib_a-mallocr.o) (_sbrk_r)
/usr/lib/gcc/arm-none-eabi/9.2.1/../../../arm-none-eabi/lib/thumb/v6-m/nofp/libg.a(lib_a-strlen-stub.o)
                              CMakeFiles/Teclado.dir/usb_descriptors.c.obj (strlen)
/usr/lib/gcc/arm-none-eabi/9.2.1/../../../arm-none-eabi/lib/thumb/v6-m/nofp/libg.a(lib_a-__atexit.o)
                              /usr/lib/gcc/arm-none-eabi/9.2.1/../../../arm-none-eabi/lib/thumb/v6-m/nofp/libg.a(lib_a-atexit.o) (__register_exitproc)
/usr/lib/gcc/arm-none-eabi/9.2.1/../../../arm-none-eabi/lib/thumb/v6-m/nofp/libg.a(lib_a-freer.o)
                              /usr/lib/gcc/arm-none-eabi/9.2.1/../../../arm-none-eabi/lib/thumb/v6-m/nofp/libg.a(lib_a-malloc.o) (_free_r)
/usr/lib/gcc/arm-none-eabi/9.2.1/../../../arm-none-eabi/lib/thumb/v6-m/nofp/libg.a(lib_a-reent.o)
                              /usr/lib/gcc/arm-none-eabi/9.2.1/../../../arm-none-eabi/lib/thumb/v6-m/nofp/libg.a(lib_a-sbrkr.o) (errno)

Allocating common symbols
Common symbol       size              file

sf_table            0x100             CMakeFiles/Teclado.dir/home/dario/Documents/pico/pico-sdk/src/rp2_common/pico_float/float_init_rom.c.obj
errno               0x4               /usr/lib/gcc/arm-none-eabi/9.2.1/../../../arm-none-eabi/lib/thumb/v6-m/nofp/libg.a(lib_a-reent.o)
_usbd_qdef_buf      0xc0              CMakeFiles/Teclado.dir/home/dario/Documents/pico/pico-sdk/lib/tinyusb/src/device/usbd.c.obj
sd_table            0x100             CMakeFiles/Teclado.dir/home/dario/Documents/pico/pico-sdk/src/rp2_common/pico_double/double_init_rom.c.obj
uart_char_to_line_feed
                    0x4               CMakeFiles/Teclado.dir/home/dario/Documents/pico/pico-sdk/src/rp2_common/hardware_uart/uart.c.obj

Discarded input sections

 .text          0x0000000000000000        0x0 /usr/lib/gcc/arm-none-eabi/9.2.1/thumb/v6-m/nofp/crti.o
 .data          0x0000000000000000        0x0 /usr/lib/gcc/arm-none-eabi/9.2.1/thumb/v6-m/nofp/crti.o
 .bss           0x0000000000000000        0x0 /usr/lib/gcc/arm-none-eabi/9.2.1/thumb/v6-m/nofp/crti.o
[...]
Memory Configuration

Name             Origin             Length             Attributes
FLASH            0x0000000010000000 0x0000000000200000 xr
RAM              0x0000000020000000 0x0000000000040000 xrw
SCRATCH_X        0x0000000020040000 0x0000000000001000 xrw
SCRATCH_Y        0x0000000020041000 0x0000000000001000 xrw
*default*        0x0000000000000000 0xffffffffffffffff

Linker script and memory map

LOAD /usr/lib/gcc/arm-none-eabi/9.2.1/thumb/v6-m/nofp/crti.o
LOAD /usr/lib/gcc/arm-none-eabi/9.2.1/thumb/v6-m/nofp/crtbegin.o
LOAD /usr/lib/gcc/arm-none-eabi/9.2.1/../../../arm-none-eabi/lib/thumb/v6-m/nofp/crt0.o

.flash_begin    0x0000000010000000        0x0
                0x0000000010000000                __flash_binary_start = .

.boot2          0x0000000010000000      0x100
                0x0000000010000000                __boot2_start__ = .
 *(.boot2)
 .boot2         0x0000000010000000      0x100 /tmp/ccyeWkks.o
                0x0000000010000100                __boot2_end__ = .
                0x0000000000000001                ASSERT (((__boot2_end__ - __boot2_start__) == 0x100), ERROR: Pico second stage bootloader must be 256 bytes in size)

.text           0x0000000010000100     0x69c0
                0x0000000010000100                __logical_binary_start = .
 *(.vectors)
 .vectors       0x0000000010000100       0xd4 CMakeFiles/Teclado.dir/home/dario/Documents/pico/pico-sdk/src/rp2_common/pico_standard_link/crt0.S.obj
                0x0000000010000100                __vectors
                0x0000000010000100                __VECTOR_TABLE
                0x00000000100001c0                isr_invalid
                0x00000000100001c0                __default_isrs_start
                0x00000000100001c2                isr_nmi
                0x00000000100001c4                isr_hardfault
                0x00000000100001c6                isr_svcall
                0x00000000100001c8                isr_pendsv
                0x00000000100001ca                isr_systick
                0x00000000100001cc                isr_irq30
                0x00000000100001cc                __unhandled_user_irq
                0x00000000100001cc                isr_irq13
                0x00000000100001cc                isr_irq27
                0x00000000100001cc                isr_irq31
                0x00000000100001cc                isr_irq5
                0x00000000100001cc                isr_irq11
                0x00000000100001cc                isr_irq23
                0x00000000100001cc                isr_irq18
                0x00000000100001cc                isr_irq28
                0x00000000100001cc                isr_irq19
                0x00000000100001cc                isr_irq0
                0x00000000100001cc                isr_irq6
                0x00000000100001cc                isr_irq22
                0x00000000100001cc                isr_irq17
                0x00000000100001cc                isr_irq14
                0x00000000100001cc                isr_irq2
                0x00000000100001cc                isr_irq10
                0x00000000100001cc                isr_irq8
                0x00000000100001cc                isr_irq24
                0x00000000100001cc                isr_irq1
                0x00000000100001cc                isr_irq7
                0x00000000100001cc                isr_irq21
                0x00000000100001cc                isr_irq20
                0x00000000100001cc                isr_irq15
                0x00000000100001cc                isr_irq25
                0x00000000100001cc                isr_irq4
                0x00000000100001cc                isr_irq16
                0x00000000100001cc                isr_irq29
                0x00000000100001cc                isr_irq26
                0x00000000100001cc                __default_isrs_end
                0x00000000100001cc                isr_irq3
                0x00000000100001cc                isr_irq12
                0x00000000100001cc                isr_irq9
                0x00000000100001d2                unhandled_user_irq_num_in_r0
 *(.binary_info_header)
 .binary_info_header
                0x00000000100001d4       0x14 CMakeFiles/Teclado.dir/home/dario/Documents/pico/pico-sdk/src/rp2_common/pico_standard_link/crt0.S.obj
                0x00000000100001e8                __binary_info_header_end = .
 *(.reset)
 .reset         0x00000000100001e8       0xa8 CMakeFiles/Teclado.dir/home/dario/Documents/pico/pico-sdk/src/rp2_common/pico_standard_link/crt0.S.obj
                0x00000000100001e8                _entry_point
                0x0000000010000266                __get_current_exception
 .reset         0x0000000010000290       0x30 CMakeFiles/Teclado.dir/home/dario/Documents/pico/pico-sdk/src/rp2_common/pico_standard_link/binary_info.c.obj
 *(.init)
 .init          0x00000000100002c0        0x4 /usr/lib/gcc/arm-none-eabi/9.2.1/thumb/v6-m/nofp/crti.o
                0x00000000100002c0                _init
 *(EXCLUDE_FILE(*libm.a: *libc.a:*lib_a-mem*.o *libgcc.a:) .text*)
 .text          0x00000000100002c4       0x98 /usr/lib/gcc/arm-none-eabi/9.2.1/thumb/v6-m/nofp/crtbegin.o
 .text._ZL15send_hid_reporthm
                0x000000001000035c       0x64 CMakeFiles/Teclado.dir/Teclado.cpp.obj
 .text._Z11matrix_read2IOPA4_3KEY
                0x00000000100003c0      0x20c CMakeFiles/Teclado.dir/Teclado.cpp.obj
                0x00000000100003c0                matrix_read(IO, KEY (*) [4])
 .text.tud_mount_cb
                0x00000000100005cc        0x2 CMakeFiles/Teclado.dir/Teclado.cpp.obj
                0x00000000100005cc                tud_mount_cb
 .text.tud_umount_cb
                0x00000000100005ce        0x2 CMakeFiles/Teclado.dir/Teclado.cpp.obj
                0x00000000100005ce                tud_umount_cb
 .text.tud_suspend_cb
                0x00000000100005d0        0x2 CMakeFiles/Teclado.dir/Teclado.cpp.obj
                0x00000000100005d0                tud_suspend_cb
 .text.tud_resume_cb
                0x00000000100005d2        0x2 CMakeFiles/Teclado.dir/Teclado.cpp.obj
                0x00000000100005d2                tud_resume_cb
 .text._Z8hid_taskv
                0x00000000100005d4       0x70 CMakeFiles/Teclado.dir/Teclado.cpp.obj
                0x00000000100005d4                hid_task()
 .text.main     0x0000000010000644      0x12c CMakeFiles/Teclado.dir/Teclado.cpp.obj
                0x0000000010000644                main
 .text.tud_hid_report_complete_cb
                0x0000000010000770       0x1a CMakeFiles/Teclado.dir/Teclado.cpp.obj
                0x0000000010000770                tud_hid_report_complete_cb
 .text.tud_hid_get_report_cb
                0x000000001000078a        0x4 CMakeFiles/Teclado.dir/Teclado.cpp.obj
                0x000000001000078a                tud_hid_get_report_cb
 .text.tud_hid_set_report_cb
                0x000000001000078e       0x2a CMakeFiles/Teclado.dir/Teclado.cpp.obj
                0x000000001000078e                tud_hid_set_report_cb
 .text.tud_descriptor_device_cb
                0x00000000100007b8        0x8 CMakeFiles/Teclado.dir/usb_descriptors.c.obj
                0x00000000100007b8                tud_descriptor_device_cb
 .text.tud_hid_descriptor_report_cb
                0x00000000100007c0        0x8 CMakeFiles/Teclado.dir/usb_descriptors.c.obj
                0x00000000100007c0                tud_hid_descriptor_report_cb
 .text.tud_descriptor_configuration_cb
                0x00000000100007c8        0x8 CMakeFiles/Teclado.dir/usb_descriptors.c.obj
                0x00000000100007c8                tud_descriptor_configuration_cb
 .text.tud_descriptor_string_cb
                0x00000000100007d0       0x60 CMakeFiles/Teclado.dir/usb_descriptors.c.obj
                0x00000000100007d0                tud_descriptor_string_cb
 .text.gpio_set_function
                0x0000000010000830       0x30 CMakeFiles/Teclado.dir/home/dario/Documents/pico/pico-sdk/src/rp2_common/hardware_gpio/gpio.c.obj
                0x0000000010000830                gpio_set_function
 .text.gpio_set_pulls
                0x0000000010000860       0x34 CMakeFiles/Teclado.dir/home/dario/Documents/pico/pico-sdk/src/rp2_common/hardware_gpio/gpio.c.obj
                0x0000000010000860                gpio_set_pulls
 .text.gpio_init
                0x0000000010000894       0x16 CMakeFiles/Teclado.dir/home/dario/Documents/pico/pico-sdk/src/rp2_common/hardware_gpio/gpio.c.obj
                0x0000000010000894                gpio_init
 *fill*         0x00000000100008aa        0x2 
 .text.hw_claim_lock
                0x00000000100008ac       0x18 CMakeFiles/Teclado.dir/home/dario/Documents/pico/pico-sdk/src/rp2_common/hardware_claim/claim.c.obj
                0x00000000100008ac                hw_claim_lock
 .text.hw_claim_unlock
                0x00000000100008c4       0x14 CMakeFiles/Teclado.dir/home/dario/Documents/pico/pico-sdk/src/rp2_common/hardware_claim/claim.c.obj
                0x00000000100008c4                hw_claim_unlock
 .text.hw_claim_or_assert
                0x00000000100008d8       0x32 CMakeFiles/Teclado.dir/home/dario/Documents/pico/pico-sdk/src/rp2_common/hardware_claim/claim.c.obj
                0x00000000100008d8                hw_claim_or_assert
 .text.hw_claim_unused_from_range
                0x000000001000090a       0x50 CMakeFiles/Teclado.dir/home/dario/Documents/pico/pico-sdk/src/rp2_common/hardware_claim/claim.c.obj
                0x000000001000090a                hw_claim_unused_from_range
 *fill*         0x000000001000095a        0x2 
 .text.running_on_fpga
                0x000000001000095c       0x14 CMakeFiles/Teclado.dir/home/dario/Documents/pico/pico-sdk/src/rp2_common/pico_platform/platform.c.obj
                0x000000001000095c                running_on_fpga
 .text.spin_locks_reset
                0x0000000010000970       0x20 CMakeFiles/Teclado.dir/home/dario/Documents/pico/pico-sdk/src/rp2_common/hardware_sync/sync.c.obj
                0x0000000010000970                spin_locks_reset
 .text.next_striped_spin_lock_num
                0x0000000010000990       0x1c CMakeFiles/Teclado.dir/home/dario/Documents/pico/pico-sdk/src/rp2_common/hardware_sync/sync.c.obj
                0x0000000010000990                next_striped_spin_lock_num
 .text.spin_lock_claim_unused
                0x00000000100009ac       0x20 CMakeFiles/Teclado.dir/home/dario/Documents/pico/pico-sdk/src/rp2_common/hardware_sync/sync.c.obj
                0x00000000100009ac                spin_lock_claim_unused
 .text.uart_set_baudrate
                0x00000000100009cc       0x5c CMakeFiles/Teclado.dir/home/dario/Documents/pico/pico-sdk/src/rp2_common/hardware_uart/uart.c.obj
                0x00000000100009cc                uart_set_baudrate
 .text.uart_set_translate_crlf
                0x0000000010000a28       0x28 CMakeFiles/Teclado.dir/home/dario/Documents/pico/pico-sdk/src/rp2_common/hardware_uart/uart.c.obj
                0x0000000010000a28                uart_set_translate_crlf
 .text.uart_init
                0x0000000010000a50       0x80 CMakeFiles/Teclado.dir/home/dario/Documents/pico/pico-sdk/src/rp2_common/hardware_uart/uart.c.obj
                0x0000000010000a50                uart_init
 .text.alarm_pool_post_alloc_init
                0x0000000010000ad0       0x40 CMakeFiles/Teclado.dir/home/dario/Documents/pico/pico-sdk/src/common/pico_time/time.c.obj
 .text.sleep_until_callback
                0x0000000010000b10       0x30 CMakeFiles/Teclado.dir/home/dario/Documents/pico/pico-sdk/src/common/pico_time/time.c.obj
 .text.timer_pool_entry_comparator
                0x0000000010000b40       0x7c CMakeFiles/Teclado.dir/home/dario/Documents/pico/pico-sdk/src/common/pico_time/time.c.obj
                0x0000000010000b40                timer_pool_entry_comparator
 .text.ph_add_child_node
                0x0000000010000bbc       0xa4 CMakeFiles/Teclado.dir/home/dario/Documents/pico/pico-sdk/src/common/pico_time/time.c.obj
 .text.ph_merge_nodes
                0x0000000010000c60       0x3e CMakeFiles/Teclado.dir/home/dario/Documents/pico/pico-sdk/src/common/pico_time/time.c.obj
 *fill*         0x0000000010000c9e        0x2 
 .text.add_alarm_under_lock
                0x0000000010000ca0      0x174 CMakeFiles/Teclado.dir/home/dario/Documents/pico/pico-sdk/src/common/pico_time/time.c.obj
 .text.alarm_pool_alarm_callback
                0x0000000010000e14      0x32c CMakeFiles/Teclado.dir/home/dario/Documents/pico/pico-sdk/src/common/pico_time/time.c.obj
 .text.alarm_pool_init_default
                0x0000000010001140       0x38 CMakeFiles/Teclado.dir/home/dario/Documents/pico/pico-sdk/src/common/pico_time/time.c.obj
                0x0000000010001140                alarm_pool_init_default
 .text.alarm_pool_get_default
                0x0000000010001178       0x2c CMakeFiles/Teclado.dir/home/dario/Documents/pico/pico-sdk/src/common/pico_time/time.c.obj
                0x0000000010001178                alarm_pool_get_default
 .text.alarm_pool_add_alarm_at
                0x00000000100011a4      0x170 CMakeFiles/Teclado.dir/home/dario/Documents/pico/pico-sdk/src/common/pico_time/time.c.obj
                0x00000000100011a4                alarm_pool_add_alarm_at
 .text.alarm_pool_cancel_alarm
                0x0000000010001314       0xf0 CMakeFiles/Teclado.dir/home/dario/Documents/pico/pico-sdk/src/common/pico_time/time.c.obj
                0x0000000010001314                alarm_pool_cancel_alarm
 .text.best_effort_wfe_or_timeout
                0x0000000010001404       0x80 CMakeFiles/Teclado.dir/home/dario/Documents/pico/pico-sdk/src/common/pico_time/time.c.obj
                0x0000000010001404                best_effort_wfe_or_timeout
 .text.hardware_alarm_irq_handler
                0x0000000010001484       0x8c CMakeFiles/Teclado.dir/home/dario/Documents/pico/pico-sdk/src/rp2_common/hardware_timer/timer.c.obj
 .text.hardware_alarm_claim
                0x0000000010001510       0x18 CMakeFiles/Teclado.dir/home/dario/Documents/pico/pico-sdk/src/rp2_common/hardware_timer/timer.c.obj
                0x0000000010001510                hardware_alarm_claim
 .text.time_us_64
                0x0000000010001528       0x18 CMakeFiles/Teclado.dir/home/dario/Documents/pico/pico-sdk/src/rp2_common/hardware_timer/timer.c.obj
                0x0000000010001528                time_us_64
 .text.hardware_alarm_set_callback
                0x0000000010001540       0x90 CMakeFiles/Teclado.dir/home/dario/Documents/pico/pico-sdk/src/rp2_common/hardware_timer/timer.c.obj
                0x0000000010001540                hardware_alarm_set_callback
 .text.hardware_alarm_set_target
                0x00000000100015d0       0xe8 CMakeFiles/Teclado.dir/home/dario/Documents/pico/pico-sdk/src/rp2_common/hardware_timer/timer.c.obj
                0x00000000100015d0                hardware_alarm_set_target
 .text.hardware_alarm_cancel
                0x00000000100016b8       0x40 CMakeFiles/Teclado.dir/home/dario/Documents/pico/pico-sdk/src/rp2_common/hardware_timer/timer.c.obj
                0x00000000100016b8                hardware_alarm_cancel
 .text.lock_init
                0x00000000100016f8       0x10 CMakeFiles/Teclado.dir/home/dario/Documents/pico/pico-sdk/src/common/pico_sync/lock_core.c.obj
                0x00000000100016f8                lock_init
 .text.mutex_init
                0x0000000010001708       0x1a CMakeFiles/Teclado.dir/home/dario/Documents/pico/pico-sdk/src/common/pico_sync/mutex.c.obj
                0x0000000010001708                mutex_init
 .text.recursive_mutex_init
                0x0000000010001722       0x1e CMakeFiles/Teclado.dir/home/dario/Documents/pico/pico-sdk/src/common/pico_sync/mutex.c.obj
                0x0000000010001722                recursive_mutex_init
 .text.critical_section_init_with_lock_num
                0x0000000010001740       0x14 CMakeFiles/Teclado.dir/home/dario/Documents/pico/pico-sdk/src/common/pico_sync/critical_section.c.obj
                0x0000000010001740                critical_section_init_with_lock_num
 .text.critical_section_init
                0x0000000010001754       0x14 CMakeFiles/Teclado.dir/home/dario/Documents/pico/pico-sdk/src/common/pico_sync/critical_section.c.obj
                0x0000000010001754                critical_section_init
 .text.ph_add_child_node
                0x0000000010001768       0xa4 CMakeFiles/Teclado.dir/home/dario/Documents/pico/pico-sdk/src/common/pico_util/pheap.c.obj
 .text.ph_merge_nodes
                0x000000001000180c       0x3e CMakeFiles/Teclado.dir/home/dario/Documents/pico/pico-sdk/src/common/pico_util/pheap.c.obj
 *fill*         0x000000001000184a        0x2 
 .text.ph_clear
                0x000000001000184c       0x70 CMakeFiles/Teclado.dir/home/dario/Documents/pico/pico-sdk/src/common/pico_util/pheap.c.obj
                0x000000001000184c                ph_clear
 .text.ph_post_alloc_init
                0x00000000100018bc        0xe CMakeFiles/Teclado.dir/home/dario/Documents/pico/pico-sdk/src/common/pico_util/pheap.c.obj
                0x00000000100018bc                ph_post_alloc_init
 *fill*         0x00000000100018ca        0x2 
 .text.ph_merge_two_pass
                0x00000000100018cc       0xa8 CMakeFiles/Teclado.dir/home/dario/Documents/pico/pico-sdk/src/common/pico_util/pheap.c.obj
                0x00000000100018cc                ph_merge_two_pass
 .text.ph_remove_any_head
                0x0000000010001974      0x108 CMakeFiles/Teclado.dir/home/dario/Documents/pico/pico-sdk/src/common/pico_util/pheap.c.obj
 .text.ph_remove_head
                0x0000000010001a7c       0x14 CMakeFiles/Teclado.dir/home/dario/Documents/pico/pico-sdk/src/common/pico_util/pheap.c.obj
                0x0000000010001a7c                ph_remove_head
 .text.ph_remove_and_free_node
                0x0000000010001a90       0xf8 CMakeFiles/Teclado.dir/home/dario/Documents/pico/pico-sdk/src/common/pico_util/pheap.c.obj
                0x0000000010001a90                ph_remove_and_free_node
 .text._exit    0x0000000010001b88        0x4 CMakeFiles/Teclado.dir/home/dario/Documents/pico/pico-sdk/src/rp2_common/pico_runtime/runtime.c.obj
                0x0000000010001b88                _exit
 .text.exit     0x0000000010001b8c        0x6 CMakeFiles/Teclado.dir/home/dario/Documents/pico/pico-sdk/src/rp2_common/pico_runtime/runtime.c.obj
                0x0000000010001b8c                exit
 *fill*         0x0000000010001b92        0x2 
 .text.__assert_func
                0x0000000010001b94       0x3c CMakeFiles/Teclado.dir/home/dario/Documents/pico/pico-sdk/src/rp2_common/pico_runtime/runtime.c.obj
                0x0000000010001b94                __assert_func
 .text.runtime_init
                0x0000000010001bd0       0xf8 CMakeFiles/Teclado.dir/home/dario/Documents/pico/pico-sdk/src/rp2_common/pico_runtime/runtime.c.obj
                0x0000000010001bd0                runtime_init
 .text.panic    0x0000000010001cc8       0x30 CMakeFiles/Teclado.dir/home/dario/Documents/pico/pico-sdk/src/rp2_common/pico_runtime/runtime.c.obj
                0x0000000010001cc8                panic
 .text.clock_configure
                0x0000000010001cf8      0x104 CMakeFiles/Teclado.dir/home/dario/Documents/pico/pico-sdk/src/rp2_common/hardware_clocks/clocks.c.obj
                0x0000000010001cf8                clock_configure
 .text.clocks_init
                0x0000000010001dfc      0x100 CMakeFiles/Teclado.dir/home/dario/Documents/pico/pico-sdk/src/rp2_common/hardware_clocks/clocks.c.obj
                0x0000000010001dfc                clocks_init
 .text.clock_get_hz
                0x0000000010001efc        0xc CMakeFiles/Teclado.dir/home/dario/Documents/pico/pico-sdk/src/rp2_common/hardware_clocks/clocks.c.obj
                0x0000000010001efc                clock_get_hz
 .text.set_raw_irq_handler_and_unlock
                0x0000000010001f08       0x28 CMakeFiles/Teclado.dir/home/dario/Documents/pico/pico-sdk/src/rp2_common/hardware_irq/irq.c.obj
 .text.make_branch
                0x0000000010001f30       0x34 CMakeFiles/Teclado.dir/home/dario/Documents/pico/pico-sdk/src/rp2_common/hardware_irq/irq.c.obj
 .text.insert_branch_and_link
                0x0000000010001f64       0x40 CMakeFiles/Teclado.dir/home/dario/Documents/pico/pico-sdk/src/rp2_common/hardware_irq/irq.c.obj
 .text.irq_is_enabled
                0x0000000010001fa4       0x18 CMakeFiles/Teclado.dir/home/dario/Documents/pico/pico-sdk/src/rp2_common/hardware_irq/irq.c.obj
                0x0000000010001fa4                irq_is_enabled
 .text.irq_set_mask_enabled
                0x0000000010001fbc       0x20 CMakeFiles/Teclado.dir/home/dario/Documents/pico/pico-sdk/src/rp2_common/hardware_irq/irq.c.obj
                0x0000000010001fbc                irq_set_mask_enabled
 .text.irq_set_enabled
                0x0000000010001fdc        0xe CMakeFiles/Teclado.dir/home/dario/Documents/pico/pico-sdk/src/rp2_common/hardware_irq/irq.c.obj
                0x0000000010001fdc                irq_set_enabled
 *fill*         0x0000000010001fea        0x2 
 .text.irq_get_vtable_handler
                0x0000000010001fec       0x10 CMakeFiles/Teclado.dir/home/dario/Documents/pico/pico-sdk/src/rp2_common/hardware_irq/irq.c.obj
                0x0000000010001fec                irq_get_vtable_handler
 .text.irq_set_exclusive_handler
                0x0000000010001ffc       0x54 CMakeFiles/Teclado.dir/home/dario/Documents/pico/pico-sdk/src/rp2_common/hardware_irq/irq.c.obj
                0x0000000010001ffc                irq_set_exclusive_handler
 .text.irq_remove_handler
                0x0000000010002050      0x1ac CMakeFiles/Teclado.dir/home/dario/Documents/pico/pico-sdk/src/rp2_common/hardware_irq/irq.c.obj
                0x0000000010002050                irq_remove_handler
 .text.irq_add_tail_to_free_list
                0x00000000100021fc       0xf0 CMakeFiles/Teclado.dir/home/dario/Documents/pico/pico-sdk/src/rp2_common/hardware_irq/irq.c.obj
                0x00000000100021fc                irq_add_tail_to_free_list
 .text.irq_init_priorities
                0x00000000100022ec       0x1c CMakeFiles/Teclado.dir/home/dario/Documents/pico/pico-sdk/src/rp2_common/hardware_irq/irq.c.obj
                0x00000000100022ec                irq_init_priorities
 .text.pll_init
                0x0000000010002308      0x118 CMakeFiles/Teclado.dir/home/dario/Documents/pico/pico-sdk/src/rp2_common/hardware_pll/pll.c.obj
                0x0000000010002308                pll_init
 .text.watchdog_start_tick
                0x0000000010002420       0x10 CMakeFiles/Teclado.dir/home/dario/Documents/pico/pico-sdk/src/rp2_common/hardware_watchdog/watchdog.c.obj
                0x0000000010002420                watchdog_start_tick
 .text.xosc_init
                0x0000000010002430       0x28 CMakeFiles/Teclado.dir/home/dario/Documents/pico/pico-sdk/src/rp2_common/hardware_xosc/xosc.c.obj
                0x0000000010002430                xosc_init
 .text._out_null
                0x0000000010002458        0x2 CMakeFiles/Teclado.dir/home/dario/Documents/pico/pico-sdk/src/rp2_common/pico_printf/printf.c.obj
 .text._out_fct
                0x000000001000245a        0xe CMakeFiles/Teclado.dir/home/dario/Documents/pico/pico-sdk/src/rp2_common/pico_printf/printf.c.obj
 .text._atoi    0x0000000010002468       0x24 CMakeFiles/Teclado.dir/home/dario/Documents/pico/pico-sdk/src/rp2_common/pico_printf/printf.c.obj
 .text._out_rev
                0x000000001000248c       0xae CMakeFiles/Teclado.dir/home/dario/Documents/pico/pico-sdk/src/rp2_common/pico_printf/printf.c.obj
 .text._ntoa_format
                0x000000001000253a      0x110 CMakeFiles/Teclado.dir/home/dario/Documents/pico/pico-sdk/src/rp2_common/pico_printf/printf.c.obj
 .text._ntoa_long
                0x000000001000264a       0xbc CMakeFiles/Teclado.dir/home/dario/Documents/pico/pico-sdk/src/rp2_common/pico_printf/printf.c.obj
 .text._ntoa_long_long
                0x0000000010002706       0xe2 CMakeFiles/Teclado.dir/home/dario/Documents/pico/pico-sdk/src/rp2_common/pico_printf/printf.c.obj
 .text._etoa    0x00000000100027e8      0x40c CMakeFiles/Teclado.dir/home/dario/Documents/pico/pico-sdk/src/rp2_common/pico_printf/printf.c.obj
 .text._ftoa    0x0000000010002bf4      0x354 CMakeFiles/Teclado.dir/home/dario/Documents/pico/pico-sdk/src/rp2_common/pico_printf/printf.c.obj
 .text._vsnprintf
                0x0000000010002f48      0x628 CMakeFiles/Teclado.dir/home/dario/Documents/pico/pico-sdk/src/rp2_common/pico_printf/printf.c.obj
 .text.vfctprintf
                0x0000000010003570       0x20 CMakeFiles/Teclado.dir/home/dario/Documents/pico/pico-sdk/src/rp2_common/pico_printf/printf.c.obj
                0x0000000010003570                vfctprintf
 .text          0x0000000010003590       0x10 CMakeFiles/Teclado.dir/home/dario/Documents/pico/pico-sdk/src/rp2_common/pico_bit_ops/bit_ops_aeabi.S.obj
 .text.rom_func_lookup
                0x00000000100035a0       0x10 CMakeFiles/Teclado.dir/home/dario/Documents/pico/pico-sdk/src/rp2_common/pico_bootrom/bootrom.c.obj
                0x00000000100035a0                rom_func_lookup
 .text.rom_data_lookup
                0x00000000100035b0       0x10 CMakeFiles/Teclado.dir/home/dario/Documents/pico/pico-sdk/src/rp2_common/pico_bootrom/bootrom.c.obj
                0x00000000100035b0                rom_data_lookup
 .text.rom_funcs_lookup
                0x00000000100035c0       0x36 CMakeFiles/Teclado.dir/home/dario/Documents/pico/pico-sdk/src/rp2_common/pico_bootrom/bootrom.c.obj
                0x00000000100035c0                rom_funcs_lookup
 *fill*         0x00000000100035f6        0x2 
 .text.__wrap___aeabi_idiv
                0x00000000100035f8       0x50 CMakeFiles/Teclado.dir/home/dario/Documents/pico/pico-sdk/src/rp2_common/pico_divider/divider.S.obj
                0x00000000100035f8                __wrap___aeabi_idivmod
                0x00000000100035f8                divmod_s32s32
                0x00000000100035f8                div_s32s32
                0x00000000100035f8                __wrap___aeabi_idiv
                0x0000000010003600                divmod_s32s32_unsafe
                0x000000001000362c                divmod_s32s32_savestate
 .text.__wrap___aeabi_uidiv
                0x0000000010003648       0x4c CMakeFiles/Teclado.dir/home/dario/Documents/pico/pico-sdk/src/rp2_common/pico_divider/divider.S.obj
                0x0000000010003648                __wrap___aeabi_uidiv
                0x0000000010003648                __wrap___aeabi_uidivmod
                0x0000000010003648                div_u32u32
                0x0000000010003648                divmod_u32u32
                0x0000000010003650                divmod_u32u32_unsafe
                0x0000000010003678                divmod_u32u32_savestate
 .text.__wrap___aeabi_ldiv
                0x0000000010003694      0x434 CMakeFiles/Teclado.dir/home/dario/Documents/pico/pico-sdk/src/rp2_common/pico_divider/divider.S.obj
                0x0000000010003694                div_s64s64
                0x0000000010003694                divmod_s64s64
                0x0000000010003694                __wrap___aeabi_ldivmod
                0x00000000100036cc                div_u64u64
                0x00000000100036cc                divmod_u64u64
                0x00000000100036cc                __wrap___aeabi_uldivmod
                0x00000000100036dc                divmod_u64u64_savestate
                0x0000000010003704                divmod_s64s64_unsafe
                0x000000001000378c                divmod_u64u64_unsafe
 .text.__wrap___aeabi_darithmetic
                0x0000000010003ac8       0x80 CMakeFiles/Teclado.dir/home/dario/Documents/pico/pico-sdk/src/rp2_common/pico_double/double_aeabi.S.obj
                0x0000000010003ac8                __wrap___aeabi_drsub
                0x0000000010003ace                __wrap___aeabi_dsub
                0x0000000010003ae0                __wrap___aeabi_dadd
                0x0000000010003af2                __wrap___aeabi_ddiv
                0x0000000010003b2e                __wrap___aeabi_dmul
 .text.__wrap___aeabi_cdcmple
                0x0000000010003b48       0x6c CMakeFiles/Teclado.dir/home/dario/Documents/pico/pico-sdk/src/rp2_common/pico_double/double_aeabi.S.obj
                0x0000000010003b48                __wrap___aeabi_cdrcmple
                0x0000000010003b58                __wrap___aeabi_cdcmple
                0x0000000010003b58                __wrap___aeabi_cdcmpeq
 .text.__wrap___aeabi_dcmplt
                0x0000000010003bb4        0xc CMakeFiles/Teclado.dir/home/dario/Documents/pico/pico-sdk/src/rp2_common/pico_double/double_aeabi.S.obj
                0x0000000010003bb4                __wrap___aeabi_dcmplt
 .text.__wrap___aeabi_dcmple
                0x0000000010003bc0       0x10 CMakeFiles/Teclado.dir/home/dario/Documents/pico/pico-sdk/src/rp2_common/pico_double/double_aeabi.S.obj
                0x0000000010003bc0                __wrap___aeabi_dcmple
 .text.__wrap___aeabi_dcmpge
                0x0000000010003bd0       0x10 CMakeFiles/Teclado.dir/home/dario/Documents/pico/pico-sdk/src/rp2_common/pico_double/double_aeabi.S.obj
                0x0000000010003bd0                __wrap___aeabi_dcmpge
 .text.__wrap___aeabi_dcmpgt
                0x0000000010003be0        0xa CMakeFiles/Teclado.dir/home/dario/Documents/pico/pico-sdk/src/rp2_common/pico_double/double_aeabi.S.obj
                0x0000000010003be0                __wrap___aeabi_dcmpgt
 .text.__wrap___aeabi_dcmpun
                0x0000000010003bea       0x1c CMakeFiles/Teclado.dir/home/dario/Documents/pico/pico-sdk/src/rp2_common/pico_double/double_aeabi.S.obj
                0x0000000010003bea                __wrap___aeabi_dcmpun
 *fill*         0x0000000010003c06        0x2 
 .text.__wrap___aeabi_i2d
                0x0000000010003c08       0x38 CMakeFiles/Teclado.dir/home/dario/Documents/pico/pico-sdk/src/rp2_common/pico_double/double_aeabi.S.obj
                0x0000000010003c08                __wrap___aeabi_ui2d
                0x0000000010003c10                __wrap___aeabi_i2d
 .text.__wrap___aeabi_d2iz
                0x0000000010003c40       0x48 CMakeFiles/Teclado.dir/home/dario/Documents/pico/pico-sdk/src/rp2_common/pico_double/double_aeabi.S.obj
                0x0000000010003c40                __wrap___aeabi_d2iz
                0x0000000010003c40                double2int_z
 .text.__wrap___aeabi_d2uiz
                0x0000000010003c88       0x18 CMakeFiles/Teclado.dir/home/dario/Documents/pico/pico-sdk/src/rp2_common/pico_double/double_aeabi.S.obj
                0x0000000010003c88                double2uint
                0x0000000010003c88                __wrap___aeabi_d2uiz
 .text.__aeabi_double_init
                0x0000000010003ca0       0xc8 CMakeFiles/Teclado.dir/home/dario/Documents/pico/pico-sdk/src/rp2_common/pico_double/double_init_rom.c.obj
                0x0000000010003ca0                __aeabi_double_init
 .text.double_table_shim_on_use_helper
                0x0000000010003d68       0x34 CMakeFiles/Teclado.dir/home/dario/Documents/pico/pico-sdk/src/rp2_common/pico_double/double_v1_rom_shim.S.obj
                0x0000000010003d68                double_table_shim_on_use_helper
 .text.__wrap___aeabi_dsub
                0x0000000010003d9c       0x10 CMakeFiles/Teclado.dir/home/dario/Documents/pico/pico-sdk/src/rp2_common/pico_double/double_v1_rom_shim.S.obj
                0x0000000010003d9c                drsub_shim
                0x0000000010003da2                dsub_shim
 .text.dadd_shim
                0x0000000010003dac      0x15c CMakeFiles/Teclado.dir/home/dario/Documents/pico/pico-sdk/src/rp2_common/pico_double/double_v1_rom_shim.S.obj
                0x0000000010003dac                dadd_shim
 .text.dmul_shim
                0x0000000010003f08      0x15c CMakeFiles/Teclado.dir/home/dario/Documents/pico/pico-sdk/src/rp2_common/pico_double/double_v1_rom_shim.S.obj
                0x0000000010003f08                dmul_shim
 .text.ddiv_shim
                0x0000000010004064      0x1b0 CMakeFiles/Teclado.dir/home/dario/Documents/pico/pico-sdk/src/rp2_common/pico_double/double_v1_rom_shim.S.obj
                0x0000000010004064                ddiv_shim
 .text.double2uint_shim
                0x0000000010004214        0xe CMakeFiles/Teclado.dir/home/dario/Documents/pico/pico-sdk/src/rp2_common/pico_double/double_v1_rom_shim.S.obj
                0x0000000010004214                double2uint_shim
                0x0000000010004216                double2ufix_shim
 *fill*         0x0000000010004222        0x2 
 .text.double2uint64_shim
                0x0000000010004224       0x70 CMakeFiles/Teclado.dir/home/dario/Documents/pico/pico-sdk/src/rp2_common/pico_double/double_v1_rom_shim.S.obj
                0x0000000010004224                double2uint64_shim
                0x0000000010004226                double2ufix64_shim
                0x0000000010004246                d2fix_a
 .text.dunpacks
                0x0000000010004294       0x3c CMakeFiles/Teclado.dir/home/dario/Documents/pico/pico-sdk/src/rp2_common/pico_double/double_v1_rom_shim.S.obj
                0x0000000010004294                dunpacks
 .text.__aeabi_lmul
                0x00000000100042d0       0x32 CMakeFiles/Teclado.dir/home/dario/Documents/pico/pico-sdk/src/rp2_common/pico_int64_ops/pico_int64_ops_aeabi.S.obj
                0x00000000100042d0                __wrap___aeabi_lmul
 *fill*         0x0000000010004302        0x2 
 .text.__aeabi_float_init
                0x0000000010004304       0xfc CMakeFiles/Teclado.dir/home/dario/Documents/pico/pico-sdk/src/rp2_common/pico_float/float_init_rom.c.obj
                0x0000000010004304                __aeabi_float_init
 .text.float_table_shim_on_use_helper
                0x0000000010004400       0x34 CMakeFiles/Teclado.dir/home/dario/Documents/pico/pico-sdk/src/rp2_common/pico_float/float_v1_rom_shim.S.obj
                0x0000000010004400                float_table_shim_on_use_helper
 .text          0x0000000010004434       0x10 CMakeFiles/Teclado.dir/home/dario/Documents/pico/pico-sdk/src/rp2_common/pico_mem_ops/mem_ops_aeabi.S.obj
                0x0000000010004434                __aeabi_mem_init
 .text.memset   0x0000000010004444        0xc CMakeFiles/Teclado.dir/home/dario/Documents/pico/pico-sdk/src/rp2_common/pico_mem_ops/mem_ops_aeabi.S.obj
                0x0000000010004444                __wrap_memset
 .text.memcpy   0x0000000010004450        0xc CMakeFiles/Teclado.dir/home/dario/Documents/pico/pico-sdk/src/rp2_common/pico_mem_ops/mem_ops_aeabi.S.obj
                0x0000000010004450                __wrap___aeabi_memcpy
                0x0000000010004450                __wrap_memcpy
 .text.stdio_out_chars_no_crlf
                0x000000001000445c        0xe CMakeFiles/Teclado.dir/home/dario/Documents/pico/pico-sdk/src/rp2_common/pico_stdio/stdio.c.obj
 *fill*         0x000000001000446a        0x2 
 .text.stdio_out_chars_crlf
                0x000000001000446c       0x80 CMakeFiles/Teclado.dir/home/dario/Documents/pico/pico-sdk/src/rp2_common/pico_stdio/stdio.c.obj
 .text.stdio_stack_buffer_flush
                0x00000000100044ec       0x44 CMakeFiles/Teclado.dir/home/dario/Documents/pico/pico-sdk/src/rp2_common/pico_stdio/stdio.c.obj
 .text.stdio_buffered_printer
                0x0000000010004530       0x20 CMakeFiles/Teclado.dir/home/dario/Documents/pico/pico-sdk/src/rp2_common/pico_stdio/stdio.c.obj
 .text.stdout_serialize_begin
                0x0000000010004550       0x30 CMakeFiles/Teclado.dir/home/dario/Documents/pico/pico-sdk/src/rp2_common/pico_stdio/stdio.c.obj
                0x0000000010004550                stdout_serialize_begin
 .text.stdout_serialize_end
                0x0000000010004580       0x10 CMakeFiles/Teclado.dir/home/dario/Documents/pico/pico-sdk/src/rp2_common/pico_stdio/stdio.c.obj
                0x0000000010004580                stdout_serialize_end
 .text.stdio_put_string
                0x0000000010004590       0x98 CMakeFiles/Teclado.dir/home/dario/Documents/pico/pico-sdk/src/rp2_common/pico_stdio/stdio.c.obj
 .text.stdio_set_driver_enabled
                0x0000000010004628       0x38 CMakeFiles/Teclado.dir/home/dario/Documents/pico/pico-sdk/src/rp2_common/pico_stdio/stdio.c.obj
                0x0000000010004628                stdio_set_driver_enabled
 .text.stdio_flush
                0x0000000010004660       0x20 CMakeFiles/Teclado.dir/home/dario/Documents/pico/pico-sdk/src/rp2_common/pico_stdio/stdio.c.obj
                0x0000000010004660                stdio_flush
 .text.__wrap_puts
                0x0000000010004680       0x1e CMakeFiles/Teclado.dir/home/dario/Documents/pico/pico-sdk/src/rp2_common/pico_stdio/stdio.c.obj
                0x0000000010004680                __wrap_puts
 *fill*         0x000000001000469e        0x2 
 .text.__wrap_vprintf
                0x00000000100046a0       0x44 CMakeFiles/Teclado.dir/home/dario/Documents/pico/pico-sdk/src/rp2_common/pico_stdio/stdio.c.obj
                0x00000000100046a0                __wrap_vprintf
 .text.__wrap_printf
                0x00000000100046e4       0x18 CMakeFiles/Teclado.dir/home/dario/Documents/pico/pico-sdk/src/rp2_common/pico_stdio/stdio.c.obj
                0x00000000100046e4                __wrap_printf
 .text.stdio_init_all
                0x00000000100046fc        0x8 CMakeFiles/Teclado.dir/home/dario/Documents/pico/pico-sdk/src/rp2_common/pico_stdio/stdio.c.obj
                0x00000000100046fc                stdio_init_all
 .text.stdio_uart_out_chars
                0x0000000010004704       0x74 CMakeFiles/Teclado.dir/home/dario/Documents/pico/pico-sdk/src/rp2_common/pico_stdio_uart/stdio_uart.c.obj
 .text.stdio_uart_in_chars
                0x0000000010004778       0x54 CMakeFiles/Teclado.dir/home/dario/Documents/pico/pico-sdk/src/rp2_common/pico_stdio_uart/stdio_uart.c.obj
                0x0000000010004778                stdio_uart_in_chars
 .text.stdio_uart_init_full
                0x00000000100047cc       0x3c CMakeFiles/Teclado.dir/home/dario/Documents/pico/pico-sdk/src/rp2_common/pico_stdio_uart/stdio_uart.c.obj
                0x00000000100047cc                stdio_uart_init_full
 .text.stdio_uart_init
                0x0000000010004808       0x28 CMakeFiles/Teclado.dir/home/dario/Documents/pico/pico-sdk/src/rp2_common/pico_stdio_uart/stdio_uart.c.obj
                0x0000000010004808                stdio_uart_init
 .text.hw_endpoint_get_by_addr
                0x0000000010004830       0x18 CMakeFiles/Teclado.dir/home/dario/Documents/pico/pico-sdk/lib/tinyusb/src/portable/raspberrypi/rp2040/dcd_rp2040.c.obj
 .text.reset_ep0_pid
                0x0000000010004848       0x28 CMakeFiles/Teclado.dir/home/dario/Documents/pico/pico-sdk/lib/tinyusb/src/portable/raspberrypi/rp2040/dcd_rp2040.c.obj
 .text._hw_endpoint_alloc
                0x0000000010004870       0x70 CMakeFiles/Teclado.dir/home/dario/Documents/pico/pico-sdk/lib/tinyusb/src/portable/raspberrypi/rp2040/dcd_rp2040.c.obj
 .text.hw_endpoint_init
                0x00000000100048e0       0x88 CMakeFiles/Teclado.dir/home/dario/Documents/pico/pico-sdk/lib/tinyusb/src/portable/raspberrypi/rp2040/dcd_rp2040.c.obj
 .text.reset_non_control_endpoints
                0x0000000010004968       0x40 CMakeFiles/Teclado.dir/home/dario/Documents/pico/pico-sdk/lib/tinyusb/src/portable/raspberrypi/rp2040/dcd_rp2040.c.obj
 .text.hw_handle_buff_status
                0x00000000100049a8       0x8c CMakeFiles/Teclado.dir/home/dario/Documents/pico/pico-sdk/lib/tinyusb/src/portable/raspberrypi/rp2040/dcd_rp2040.c.obj
 .text.dcd_rp2040_irq
                0x0000000010004a34       0xc0 CMakeFiles/Teclado.dir/home/dario/Documents/pico/pico-sdk/lib/tinyusb/src/portable/raspberrypi/rp2040/dcd_rp2040.c.obj
 .text.hw_endpoint_xfer
                0x0000000010004af4       0x14 CMakeFiles/Teclado.dir/home/dario/Documents/pico/pico-sdk/lib/tinyusb/src/portable/raspberrypi/rp2040/dcd_rp2040.c.obj
 .text.dcd_int_enable
                0x0000000010004b08       0x2c CMakeFiles/Teclado.dir/home/dario/Documents/pico/pico-sdk/lib/tinyusb/src/portable/raspberrypi/rp2040/dcd_rp2040.c.obj
                0x0000000010004b08                dcd_int_enable
 .text.dcd_set_address
                0x0000000010004b34       0x2c CMakeFiles/Teclado.dir/home/dario/Documents/pico/pico-sdk/lib/tinyusb/src/portable/raspberrypi/rp2040/dcd_rp2040.c.obj
                0x0000000010004b34                dcd_set_address
 .text.dcd_remote_wakeup
                0x0000000010004b60       0x30 CMakeFiles/Teclado.dir/home/dario/Documents/pico/pico-sdk/lib/tinyusb/src/portable/raspberrypi/rp2040/dcd_rp2040.c.obj
                0x0000000010004b60                dcd_remote_wakeup
 .text.dcd_connect
                0x0000000010004b90       0x10 CMakeFiles/Teclado.dir/home/dario/Documents/pico/pico-sdk/lib/tinyusb/src/portable/raspberrypi/rp2040/dcd_rp2040.c.obj
                0x0000000010004b90                dcd_connect
 .text.dcd_init
                0x0000000010004ba0       0x7c CMakeFiles/Teclado.dir/home/dario/Documents/pico/pico-sdk/lib/tinyusb/src/portable/raspberrypi/rp2040/dcd_rp2040.c.obj
                0x0000000010004ba0                dcd_init
 .text.dcd_edpt0_status_complete
                0x0000000010004c1c       0x1c CMakeFiles/Teclado.dir/home/dario/Documents/pico/pico-sdk/lib/tinyusb/src/portable/raspberrypi/rp2040/dcd_rp2040.c.obj
                0x0000000010004c1c                dcd_edpt0_status_complete
 .text.dcd_edpt_open
                0x0000000010004c38       0x40 CMakeFiles/Teclado.dir/home/dario/Documents/pico/pico-sdk/lib/tinyusb/src/portable/raspberrypi/rp2040/dcd_rp2040.c.obj
                0x0000000010004c38                dcd_edpt_open
 .text.dcd_edpt_close_all
                0x0000000010004c78        0x8 CMakeFiles/Teclado.dir/home/dario/Documents/pico/pico-sdk/lib/tinyusb/src/portable/raspberrypi/rp2040/dcd_rp2040.c.obj
                0x0000000010004c78                dcd_edpt_close_all
 .text.dcd_edpt_xfer
                0x0000000010004c80       0x30 CMakeFiles/Teclado.dir/home/dario/Documents/pico/pico-sdk/lib/tinyusb/src/portable/raspberrypi/rp2040/dcd_rp2040.c.obj
                0x0000000010004c80                dcd_edpt_xfer
 .text.dcd_edpt_stall
                0x0000000010004cb0       0x2c CMakeFiles/Teclado.dir/home/dario/Documents/pico/pico-sdk/lib/tinyusb/src/portable/raspberrypi/rp2040/dcd_rp2040.c.obj
                0x0000000010004cb0                dcd_edpt_stall
 .text.dcd_edpt_clear_stall
                0x0000000010004cdc       0x20 CMakeFiles/Teclado.dir/home/dario/Documents/pico/pico-sdk/lib/tinyusb/src/portable/raspberrypi/rp2040/dcd_rp2040.c.obj
                0x0000000010004cdc                dcd_edpt_clear_stall
 .text.prepare_ep_buffer
                0x0000000010004cfc       0x70 CMakeFiles/Teclado.dir/home/dario/Documents/pico/pico-sdk/lib/tinyusb/src/portable/raspberrypi/rp2040/rp2040_usb.c.obj
 .text.sync_ep_buffer
                0x0000000010004d6c       0x7c CMakeFiles/Teclado.dir/home/dario/Documents/pico/pico-sdk/lib/tinyusb/src/portable/raspberrypi/rp2040/rp2040_usb.c.obj
 .text._hw_endpoint_xfer_sync
                0x0000000010004de8       0x28 CMakeFiles/Teclado.dir/home/dario/Documents/pico/pico-sdk/lib/tinyusb/src/portable/raspberrypi/rp2040/rp2040_usb.c.obj
 .text.rp2040_usb_init
                0x0000000010004e10       0x4c CMakeFiles/Teclado.dir/home/dario/Documents/pico/pico-sdk/lib/tinyusb/src/portable/raspberrypi/rp2040/rp2040_usb.c.obj
                0x0000000010004e10                rp2040_usb_init
 .text.hw_endpoint_reset_transfer
                0x0000000010004e5c        0xc CMakeFiles/Teclado.dir/home/dario/Documents/pico/pico-sdk/lib/tinyusb/src/portable/raspberrypi/rp2040/rp2040_usb.c.obj
                0x0000000010004e5c                hw_endpoint_reset_transfer
 .text._hw_endpoint_buffer_control_update32
                0x0000000010004e68       0x58 CMakeFiles/Teclado.dir/home/dario/Documents/pico/pico-sdk/lib/tinyusb/src/portable/raspberrypi/rp2040/rp2040_usb.c.obj
                0x0000000010004e68                _hw_endpoint_buffer_control_update32
 .text._hw_endpoint_start_next_buffer
                0x0000000010004ec0       0x74 CMakeFiles/Teclado.dir/home/dario/Documents/pico/pico-sdk/lib/tinyusb/src/portable/raspberrypi/rp2040/rp2040_usb.c.obj
 .text.hw_endpoint_xfer_start
                0x0000000010004f34       0x48 CMakeFiles/Teclado.dir/home/dario/Documents/pico/pico-sdk/lib/tinyusb/src/portable/raspberrypi/rp2040/rp2040_usb.c.obj
                0x0000000010004f34                hw_endpoint_xfer_start
 .text.hw_endpoint_xfer_continue
                0x0000000010004f7c       0x38 CMakeFiles/Teclado.dir/home/dario/Documents/pico/pico-sdk/lib/tinyusb/src/portable/raspberrypi/rp2040/rp2040_usb.c.obj
                0x0000000010004f7c                hw_endpoint_xfer_continue
 .text.configuration_reset
                0x0000000010004fb4       0x84 CMakeFiles/Teclado.dir/home/dario/Documents/pico/pico-sdk/lib/tinyusb/src/device/usbd.c.obj
 .text.usbd_reset
                0x0000000010005038        0xc CMakeFiles/Teclado.dir/home/dario/Documents/pico/pico-sdk/lib/tinyusb/src/device/usbd.c.obj
 .text.invoke_class_control
                0x0000000010005044       0x1a CMakeFiles/Teclado.dir/home/dario/Documents/pico/pico-sdk/lib/tinyusb/src/device/usbd.c.obj
 *fill*         0x000000001000505e        0x2 
 .text.process_set_config
                0x0000000010005060      0x188 CMakeFiles/Teclado.dir/home/dario/Documents/pico/pico-sdk/lib/tinyusb/src/device/usbd.c.obj
 .text.process_get_descriptor
                0x00000000100051e8       0xec CMakeFiles/Teclado.dir/home/dario/Documents/pico/pico-sdk/lib/tinyusb/src/device/usbd.c.obj
 .text.tud_mounted
                0x00000000100052d4       0x10 CMakeFiles/Teclado.dir/home/dario/Documents/pico/pico-sdk/lib/tinyusb/src/device/usbd.c.obj
                0x00000000100052d4                tud_mounted
 .text.tud_suspended
                0x00000000100052e4       0x10 CMakeFiles/Teclado.dir/home/dario/Documents/pico/pico-sdk/lib/tinyusb/src/device/usbd.c.obj
                0x00000000100052e4                tud_suspended
 .text.tud_remote_wakeup
                0x00000000100052f4       0x2c CMakeFiles/Teclado.dir/home/dario/Documents/pico/pico-sdk/lib/tinyusb/src/device/usbd.c.obj
                0x00000000100052f4                tud_remote_wakeup
 .text.tud_inited
                0x0000000010005320        0xc CMakeFiles/Teclado.dir/home/dario/Documents/pico/pico-sdk/lib/tinyusb/src/device/usbd.c.obj
                0x0000000010005320                tud_inited
 .text.tud_init
                0x000000001000532c       0xcc CMakeFiles/Teclado.dir/home/dario/Documents/pico/pico-sdk/lib/tinyusb/src/device/usbd.c.obj
                0x000000001000532c                tud_init
 .text.dcd_event_handler
                0x00000000100053f8      0x1e0 CMakeFiles/Teclado.dir/home/dario/Documents/pico/pico-sdk/lib/tinyusb/src/device/usbd.c.obj
                0x00000000100053f8                dcd_event_handler
 .text.dcd_event_bus_signal
                0x00000000100055d8       0x26 CMakeFiles/Teclado.dir/home/dario/Documents/pico/pico-sdk/lib/tinyusb/src/device/usbd.c.obj
                0x00000000100055d8                dcd_event_bus_signal
 .text.dcd_event_bus_reset
                0x00000000100055fe       0x2a CMakeFiles/Teclado.dir/home/dario/Documents/pico/pico-sdk/lib/tinyusb/src/device/usbd.c.obj
                0x00000000100055fe                dcd_event_bus_reset
 .text.dcd_event_setup_received
                0x0000000010005628       0x34 CMakeFiles/Teclado.dir/home/dario/Documents/pico/pico-sdk/lib/tinyusb/src/device/usbd.c.obj
                0x0000000010005628                dcd_event_setup_received
 .text.dcd_event_xfer_complete
                0x000000001000565c       0x44 CMakeFiles/Teclado.dir/home/dario/Documents/pico/pico-sdk/lib/tinyusb/src/device/usbd.c.obj
                0x000000001000565c                dcd_event_xfer_complete
 .text.usbd_edpt_open
                0x00000000100056a0       0x58 CMakeFiles/Teclado.dir/home/dario/Documents/pico/pico-sdk/lib/tinyusb/src/device/usbd.c.obj
                0x00000000100056a0                usbd_edpt_open
 .text.usbd_open_edpt_pair
                0x00000000100056f8       0x8c CMakeFiles/Teclado.dir/home/dario/Documents/pico/pico-sdk/lib/tinyusb/src/device/usbd.c.obj
                0x00000000100056f8                usbd_open_edpt_pair
 .text.usbd_edpt_claim
                0x0000000010005784       0x8c CMakeFiles/Teclado.dir/home/dario/Documents/pico/pico-sdk/lib/tinyusb/src/device/usbd.c.obj
                0x0000000010005784                usbd_edpt_claim
 .text.usbd_edpt_xfer
                0x0000000010005810       0x80 CMakeFiles/Teclado.dir/home/dario/Documents/pico/pico-sdk/lib/tinyusb/src/device/usbd.c.obj
                0x0000000010005810                usbd_edpt_xfer
 .text.usbd_edpt_busy
                0x0000000010005890       0x1c CMakeFiles/Teclado.dir/home/dario/Documents/pico/pico-sdk/lib/tinyusb/src/device/usbd.c.obj
                0x0000000010005890                usbd_edpt_busy
 .text.usbd_edpt_stall
                0x00000000100058ac       0x40 CMakeFiles/Teclado.dir/home/dario/Documents/pico/pico-sdk/lib/tinyusb/src/device/usbd.c.obj
                0x00000000100058ac                usbd_edpt_stall
 .text.usbd_edpt_clear_stall
                0x00000000100058ec       0x40 CMakeFiles/Teclado.dir/home/dario/Documents/pico/pico-sdk/lib/tinyusb/src/device/usbd.c.obj
                0x00000000100058ec                usbd_edpt_clear_stall
 .text.usbd_edpt_stalled
                0x000000001000592c       0x1c CMakeFiles/Teclado.dir/home/dario/Documents/pico/pico-sdk/lib/tinyusb/src/device/usbd.c.obj
                0x000000001000592c                usbd_edpt_stalled
 .text.process_control_request
                0x0000000010005948      0x3b8 CMakeFiles/Teclado.dir/home/dario/Documents/pico/pico-sdk/lib/tinyusb/src/device/usbd.c.obj
 .text.tud_task
                0x0000000010005d00      0x218 CMakeFiles/Teclado.dir/home/dario/Documents/pico/pico-sdk/lib/tinyusb/src/device/usbd.c.obj
                0x0000000010005d00                tud_task
 .text._data_stage_xact
                0x0000000010005f18       0x58 CMakeFiles/Teclado.dir/home/dario/Documents/pico/pico-sdk/lib/tinyusb/src/device/usbd_control.c.obj
 .text.tud_control_status
                0x0000000010005f70       0x38 CMakeFiles/Teclado.dir/home/dario/Documents/pico/pico-sdk/lib/tinyusb/src/device/usbd_control.c.obj
                0x0000000010005f70                tud_control_status
 .text.tud_control_xfer
                0x0000000010005fa8       0xa8 CMakeFiles/Teclado.dir/home/dario/Documents/pico/pico-sdk/lib/tinyusb/src/device/usbd_control.c.obj
                0x0000000010005fa8                tud_control_xfer
 .text.usbd_control_reset
                0x0000000010006050       0x14 CMakeFiles/Teclado.dir/home/dario/Documents/pico/pico-sdk/lib/tinyusb/src/device/usbd_control.c.obj
                0x0000000010006050                usbd_control_reset
 .text.usbd_control_set_complete_callback
                0x0000000010006064        0xc CMakeFiles/Teclado.dir/home/dario/Documents/pico/pico-sdk/lib/tinyusb/src/device/usbd_control.c.obj
                0x0000000010006064                usbd_control_set_complete_callback
 .text.usbd_control_set_request
                0x0000000010006070       0x1c CMakeFiles/Teclado.dir/home/dario/Documents/pico/pico-sdk/lib/tinyusb/src/device/usbd_control.c.obj
                0x0000000010006070                usbd_control_set_request
 .text.usbd_control_xfer_cb
                0x000000001000608c       0xfc CMakeFiles/Teclado.dir/home/dario/Documents/pico/pico-sdk/lib/tinyusb/src/device/usbd_control.c.obj
                0x000000001000608c                usbd_control_xfer_cb
 .text.tud_hid_n_ready
                0x0000000010006188       0x50 CMakeFiles/Teclado.dir/home/dario/Documents/pico/pico-sdk/lib/tinyusb/src/class/hid/hid_device.c.obj
                0x0000000010006188                tud_hid_n_ready
 .text.tud_hid_n_report
                0x00000000100061d8       0x84 CMakeFiles/Teclado.dir/home/dario/Documents/pico/pico-sdk/lib/tinyusb/src/class/hid/hid_device.c.obj
                0x00000000100061d8                tud_hid_n_report
 .text.tud_hid_n_keyboard_report
                0x000000001000625c       0x40 CMakeFiles/Teclado.dir/home/dario/Documents/pico/pico-sdk/lib/tinyusb/src/class/hid/hid_device.c.obj
                0x000000001000625c                tud_hid_n_keyboard_report
 .text.hidd_reset
                0x000000001000629c       0x14 CMakeFiles/Teclado.dir/home/dario/Documents/pico/pico-sdk/lib/tinyusb/src/class/hid/hid_device.c.obj
                0x000000001000629c                hidd_reset
 .text.hidd_init
                0x00000000100062b0        0xa CMakeFiles/Teclado.dir/home/dario/Documents/pico/pico-sdk/lib/tinyusb/src/class/hid/hid_device.c.obj
                0x00000000100062b0                hidd_init
 *fill*         0x00000000100062ba        0x2 
 .text.hidd_open
                0x00000000100062bc      0x100 CMakeFiles/Teclado.dir/home/dario/Documents/pico/pico-sdk/lib/tinyusb/src/class/hid/hid_device.c.obj
                0x00000000100062bc                hidd_open
 .text.hidd_control_xfer_cb
                0x00000000100063bc      0x28c CMakeFiles/Teclado.dir/home/dario/Documents/pico/pico-sdk/lib/tinyusb/src/class/hid/hid_device.c.obj
                0x00000000100063bc                hidd_control_xfer_cb
 .text.hidd_xfer_cb
                0x0000000010006648       0xa8 CMakeFiles/Teclado.dir/home/dario/Documents/pico/pico-sdk/lib/tinyusb/src/class/hid/hid_device.c.obj
                0x0000000010006648                hidd_xfer_cb
 .text.tusb_init
                0x00000000100066f0       0x24 CMakeFiles/Teclado.dir/home/dario/Documents/pico/pico-sdk/lib/tinyusb/src/tusb.c.obj
                0x00000000100066f0                tusb_init
 .text.tusb_inited
                0x0000000010006714        0xe CMakeFiles/Teclado.dir/home/dario/Documents/pico/pico-sdk/lib/tinyusb/src/tusb.c.obj
                0x0000000010006714                tusb_inited
 *fill*         0x0000000010006722        0x2 
 .text.tu_edpt_validate
                0x0000000010006724       0xa8 CMakeFiles/Teclado.dir/home/dario/Documents/pico/pico-sdk/lib/tinyusb/src/tusb.c.obj
                0x0000000010006724                tu_edpt_validate
 .text.tu_edpt_bind_driver
                0x00000000100067cc       0x2a CMakeFiles/Teclado.dir/home/dario/Documents/pico/pico-sdk/lib/tinyusb/src/tusb.c.obj
                0x00000000100067cc                tu_edpt_bind_driver
 .text.advance_pointer
                0x00000000100067f6       0x18 CMakeFiles/Teclado.dir/home/dario/Documents/pico/pico-sdk/lib/tinyusb/src/common/tusb_fifo.c.obj
 .text.backward_pointer
                0x000000001000680e       0x1e CMakeFiles/Teclado.dir/home/dario/Documents/pico/pico-sdk/lib/tinyusb/src/common/tusb_fifo.c.obj
 .text.get_relative_pointer
                0x000000001000682c       0x10 CMakeFiles/Teclado.dir/home/dario/Documents/pico/pico-sdk/lib/tinyusb/src/common/tusb_fifo.c.obj
 .text._tu_fifo_peek
                0x000000001000683c       0x50 CMakeFiles/Teclado.dir/home/dario/Documents/pico/pico-sdk/lib/tinyusb/src/common/tusb_fifo.c.obj
 .text.tu_fifo_read
                0x000000001000688c       0x42 CMakeFiles/Teclado.dir/home/dario/Documents/pico/pico-sdk/lib/tinyusb/src/common/tusb_fifo.c.obj
                0x000000001000688c                tu_fifo_read
 .text.tu_fifo_write
                0x00000000100068ce       0x6c CMakeFiles/Teclado.dir/home/dario/Documents/pico/pico-sdk/lib/tinyusb/src/common/tusb_fifo.c.obj
                0x00000000100068ce                tu_fifo_write
 .text.tu_fifo_clear
                0x000000001000693a       0x4c CMakeFiles/Teclado.dir/home/dario/Documents/pico/pico-sdk/lib/tinyusb/src/common/tusb_fifo.c.obj
                0x000000001000693a                tu_fifo_clear
 *fill*         0x0000000010006986        0x2 
 .text.board_init
                0x0000000010006988       0x30 CMakeFiles/Teclado.dir/home/dario/Documents/pico/pico-sdk/lib/tinyusb/hw/bsp/rp2040/family.c.obj
                0x0000000010006988                board_init
 .text.board_led_write
                0x00000000100069b8       0x1c CMakeFiles/Teclado.dir/home/dario/Documents/pico/pico-sdk/lib/tinyusb/hw/bsp/rp2040/family.c.obj
                0x00000000100069b8                board_led_write
 .text.board_button_read
                0x00000000100069d4        0xe CMakeFiles/Teclado.dir/home/dario/Documents/pico/pico-sdk/lib/tinyusb/hw/bsp/rp2040/family.c.obj
                0x00000000100069d4                board_button_read
 *fill*         0x00000000100069e2        0x2 
 .text          0x00000000100069e4       0x68 /usr/lib/gcc/arm-none-eabi/9.2.1/../../../arm-none-eabi/lib/thumb/v6-m/nofp/libg.a(lib_a-strlen-stub.o)
                0x00000000100069e4                strlen
 *(.fini)
 .fini          0x0000000010006a4c        0x4 /usr/lib/gcc/arm-none-eabi/9.2.1/thumb/v6-m/nofp/crti.o
                0x0000000010006a4c                _fini
 .fini.__stub   0x0000000010006a50       0x70 linker stubs
 *crtbegin.o(.ctors)
 *crtbegin?.o(.ctors)
 *(EXCLUDE_FILE(*crtend.o *crtend?.o) .ctors)
 *(SORT_BY_NAME(.ctors.*))
 *(.ctors)
 *crtbegin.o(.dtors)
 *crtbegin?.o(.dtors)
 *(EXCLUDE_FILE(*crtend.o *crtend?.o) .dtors)
 *(SORT_BY_NAME(.dtors.*))
 *(.dtors)
 *(.eh_frame*)
 .eh_frame      0x0000000010006ac0        0x0 /usr/lib/gcc/arm-none-eabi/9.2.1/thumb/v6-m/nofp/crtbegin.o
                0x0000000010006ac0                . = ALIGN (0x4)

.glue_7         0x0000000010006ac0        0x0
 .glue_7        0x0000000010006ac0        0x0 linker stubs

.glue_7t        0x0000000010006ac0        0x0
 .glue_7t       0x0000000010006ac0        0x0 linker stubs

.vfp11_veneer   0x0000000010006ac0        0x0
 .vfp11_veneer  0x0000000010006ac0        0x0 linker stubs

.v4_bx          0x0000000010006ac0        0x0
 .v4_bx         0x0000000010006ac0        0x0 linker stubs

.iplt           0x0000000010006ac0        0x0
 .iplt          0x0000000010006ac0        0x0 /usr/lib/gcc/arm-none-eabi/9.2.1/thumb/v6-m/nofp/crtbegin.o

.rodata         0x0000000010006ac0     0x14b8
 *(EXCLUDE_FILE(*libm.a: *libc.a:*lib_a-mem*.o *libgcc.a:) .rodata*)
 .rodata._Z11matrix_read2IOPA4_3KEY.str1.4
                0x0000000010006ac0       0xa2 CMakeFiles/Teclado.dir/Teclado.cpp.obj
 *fill*         0x0000000010006b62        0x2 
 .rodata        0x0000000010006b64       0x40 CMakeFiles/Teclado.dir/Teclado.cpp.obj
 .rodata.str1.4
                0x0000000010006ba4       0x1f CMakeFiles/Teclado.dir/usb_descriptors.c.obj
 *fill*         0x0000000010006bc3        0x1 
 .rodata.__compound_literal.0
                0x0000000010006bc4        0x2 CMakeFiles/Teclado.dir/usb_descriptors.c.obj
 *fill*         0x0000000010006bc6        0x2 
 .rodata.desc_configuration
                0x0000000010006bc8       0x22 CMakeFiles/Teclado.dir/usb_descriptors.c.obj
                0x0000000010006bc8                desc_configuration
 *fill*         0x0000000010006bea        0x2 
 .rodata.desc_device
                0x0000000010006bec       0x12 CMakeFiles/Teclado.dir/usb_descriptors.c.obj
                0x0000000010006bec                desc_device
 *fill*         0x0000000010006bfe        0x2 
 .rodata.desc_hid_report
                0x0000000010006c00       0x43 CMakeFiles/Teclado.dir/usb_descriptors.c.obj
                0x0000000010006c00                desc_hid_report
 *fill*         0x0000000010006c43        0x1 
 .rodata.spin_lock_claim_unused.str1.4
                0x0000000010006c44       0x1b CMakeFiles/Teclado.dir/home/dario/Documents/pico/pico-sdk/src/rp2_common/hardware_sync/sync.c.obj
 *fill*         0x0000000010006c5f        0x1 
 .rodata.repeating_timer_callback.str1.4
                0x0000000010006c60       0x54 CMakeFiles/Teclado.dir/home/dario/Documents/pico/pico-sdk/src/common/pico_time/time.c.obj
 .rodata.alarm_pool_dump_key.str1.4
                0x0000000010006cb4       0x33 CMakeFiles/Teclado.dir/home/dario/Documents/pico/pico-sdk/src/common/pico_time/time.c.obj
 *fill*         0x0000000010006ce7        0x1 
 .rodata.ph_add_child_node.str1.4
                0x0000000010006ce8       0x9e CMakeFiles/Teclado.dir/home/dario/Documents/pico/pico-sdk/src/common/pico_time/time.c.obj
 *fill*         0x0000000010006d86        0x2 
 .rodata.add_alarm_under_lock.str1.4
                0x0000000010006d88       0x28 CMakeFiles/Teclado.dir/home/dario/Documents/pico/pico-sdk/src/common/pico_time/time.c.obj
                                         0x2b (size before relaxing)
 .rodata.alarm_pool_alarm_callback.str1.4
                0x0000000010006db0       0x82 CMakeFiles/Teclado.dir/home/dario/Documents/pico/pico-sdk/src/common/pico_time/time.c.obj
                                         0xee (size before relaxing)
 *fill*         0x0000000010006e32        0x2 
 .rodata.alarm_pool_get_default.str1.4
                0x0000000010006e34       0x21 CMakeFiles/Teclado.dir/home/dario/Documents/pico/pico-sdk/src/common/pico_time/time.c.obj
 *fill*         0x0000000010006e55        0x3 
 .rodata.alarm_pool_cancel_alarm.str1.4
                0x0000000010006e58       0x27 CMakeFiles/Teclado.dir/home/dario/Documents/pico/pico-sdk/src/common/pico_time/time.c.obj
 *fill*         0x0000000010006e7f        0x1 
 .rodata.__func__.5701
                0x0000000010006e80       0x15 CMakeFiles/Teclado.dir/home/dario/Documents/pico/pico-sdk/src/common/pico_time/time.c.obj
 *fill*         0x0000000010006e95        0x3 
 .rodata.__func__.6007
                0x0000000010006e98        0xc CMakeFiles/Teclado.dir/home/dario/Documents/pico/pico-sdk/src/common/pico_time/time.c.obj
 .rodata.__func__.6014
                0x0000000010006ea4       0x12 CMakeFiles/Teclado.dir/home/dario/Documents/pico/pico-sdk/src/common/pico_time/time.c.obj
 *fill*         0x0000000010006eb6        0x2 
 .rodata.__func__.6030
                0x0000000010006eb8        0xf CMakeFiles/Teclado.dir/home/dario/Documents/pico/pico-sdk/src/common/pico_time/time.c.obj
 *fill*         0x0000000010006ec7        0x1 
 .rodata.__func__.6052
                0x0000000010006ec8        0xd CMakeFiles/Teclado.dir/home/dario/Documents/pico/pico-sdk/src/common/pico_time/time.c.obj
 *fill*         0x0000000010006ed5        0x3 
 .rodata.__func__.6276
                0x0000000010006ed8        0xa CMakeFiles/Teclado.dir/home/dario/Documents/pico/pico-sdk/src/common/pico_time/time.c.obj
 *fill*         0x0000000010006ee2        0x2 
 .rodata.__func__.6281
                0x0000000010006ee4       0x12 CMakeFiles/Teclado.dir/home/dario/Documents/pico/pico-sdk/src/common/pico_time/time.c.obj
 *fill*         0x0000000010006ef6        0x2 
 .rodata.__func__.6296
                0x0000000010006ef8       0x17 CMakeFiles/Teclado.dir/home/dario/Documents/pico/pico-sdk/src/common/pico_time/time.c.obj
 *fill*         0x0000000010006f0f        0x1 
 .rodata.__func__.6307
                0x0000000010006f10       0x15 CMakeFiles/Teclado.dir/home/dario/Documents/pico/pico-sdk/src/common/pico_time/time.c.obj
 *fill*         0x0000000010006f25        0x3 
 .rodata.__func__.6324
                0x0000000010006f28       0x1a CMakeFiles/Teclado.dir/home/dario/Documents/pico/pico-sdk/src/common/pico_time/time.c.obj
 *fill*         0x0000000010006f42        0x2 
 .rodata.__func__.6363
                0x0000000010006f44       0x18 CMakeFiles/Teclado.dir/home/dario/Documents/pico/pico-sdk/src/common/pico_time/time.c.obj
 .rodata.hardware_alarm_claim.str1.4
                0x0000000010006f5c       0x22 CMakeFiles/Teclado.dir/home/dario/Documents/pico/pico-sdk/src/rp2_common/hardware_timer/timer.c.obj
 *fill*         0x0000000010006f7e        0x2 
 .rodata.hardware_alarm_set_target.str1.4
                0x0000000010006f80       0x6e CMakeFiles/Teclado.dir/home/dario/Documents/pico/pico-sdk/src/rp2_common/hardware_timer/timer.c.obj
 *fill*         0x0000000010006fee        0x2 
 .rodata.__func__.4559
                0x0000000010006ff0       0x1a CMakeFiles/Teclado.dir/home/dario/Documents/pico/pico-sdk/src/rp2_common/hardware_timer/timer.c.obj
 *fill*         0x000000001000700a        0x2 
 .rodata.str1.4
                0x000000001000700c       0x95 CMakeFiles/Teclado.dir/home/dario/Documents/pico/pico-sdk/src/common/pico_sync/mutex.c.obj
                                        0x101 (size before relaxing)
 *fill*         0x00000000100070a1        0x3 
 .rodata.__func__.4193
                0x00000000100070a4       0x15 CMakeFiles/Teclado.dir/home/dario/Documents/pico/pico-sdk/src/common/pico_sync/mutex.c.obj
 *fill*         0x00000000100070b9        0x3 
 .rodata.__func__.4681
                0x00000000100070bc       0x18 CMakeFiles/Teclado.dir/home/dario/Documents/pico/pico-sdk/src/common/pico_sync/mutex.c.obj
 .rodata.__func__.4700
                0x00000000100070d4        0xb CMakeFiles/Teclado.dir/home/dario/Documents/pico/pico-sdk/src/common/pico_sync/mutex.c.obj
 .rodata.ph_add_child_node.str1.4
                0x00000000100070df       0x9e CMakeFiles/Teclado.dir/home/dario/Documents/pico/pico-sdk/src/common/pico_util/pheap.c.obj
 *fill*         0x00000000100070df        0x1 
 .rodata.ph_remove_any_head.str1.4
                0x00000000100070e0       0x98 CMakeFiles/Teclado.dir/home/dario/Documents/pico/pico-sdk/src/common/pico_util/pheap.c.obj
 .rodata.ph_remove_and_free_node.str1.4
                0x0000000010007178       0x26 CMakeFiles/Teclado.dir/home/dario/Documents/pico/pico-sdk/src/common/pico_util/pheap.c.obj
 *fill*         0x000000001000719e        0x2 
 .rodata.__func__.5708
                0x00000000100071a0        0xc CMakeFiles/Teclado.dir/home/dario/Documents/pico/pico-sdk/src/common/pico_util/pheap.c.obj
 .rodata.__func__.5715
                0x00000000100071ac       0x12 CMakeFiles/Teclado.dir/home/dario/Documents/pico/pico-sdk/src/common/pico_util/pheap.c.obj
 *fill*         0x00000000100071be        0x2 
 .rodata.__func__.5801
                0x00000000100071c0       0x13 CMakeFiles/Teclado.dir/home/dario/Documents/pico/pico-sdk/src/common/pico_util/pheap.c.obj
 *fill*         0x00000000100071d3        0x1 
 .rodata.__func__.5819
                0x00000000100071d4       0x18 CMakeFiles/Teclado.dir/home/dario/Documents/pico/pico-sdk/src/common/pico_util/pheap.c.obj
 .rodata.__assert_func.str1.4
                0x00000000100071ec       0x3f CMakeFiles/Teclado.dir/home/dario/Documents/pico/pico-sdk/src/rp2_common/pico_runtime/runtime.c.obj
                                         0x43 (size before relaxing)
 *fill*         0x000000001000722b        0x1 
 .rodata.runtime_init.str1.4
                0x000000001000722c       0x6a CMakeFiles/Teclado.dir/home/dario/Documents/pico/pico-sdk/src/rp2_common/pico_runtime/runtime.c.obj
 *fill*         0x0000000010007296        0x2 
 .rodata.panic.str1.4
                0x0000000010007298       0x12 CMakeFiles/Teclado.dir/home/dario/Documents/pico/pico-sdk/src/rp2_common/pico_runtime/runtime.c.obj
 *fill*         0x00000000100072aa        0x2 
 .rodata.__func__.5816
                0x00000000100072ac        0xd CMakeFiles/Teclado.dir/home/dario/Documents/pico/pico-sdk/src/rp2_common/pico_runtime/runtime.c.obj
 *fill*         0x00000000100072b9        0x3 
 .rodata.clock_configure.str1.4
                0x00000000100072bc       0x60 CMakeFiles/Teclado.dir/home/dario/Documents/pico/pico-sdk/src/rp2_common/hardware_clocks/clocks.c.obj
 .rodata.__func__.4688
                0x000000001000731c       0x10 CMakeFiles/Teclado.dir/home/dario/Documents/pico/pico-sdk/src/rp2_common/hardware_clocks/clocks.c.obj
 .rodata.make_branch.str1.4
                0x000000001000732c       0x56 CMakeFiles/Teclado.dir/home/dario/Documents/pico/pico-sdk/src/rp2_common/hardware_irq/irq.c.obj
 *fill*         0x0000000010007382        0x2 
 .rodata.irq_set_exclusive_handler.str1.4
                0x0000000010007384       0x36 CMakeFiles/Teclado.dir/home/dario/Documents/pico/pico-sdk/src/rp2_common/hardware_irq/irq.c.obj
 *fill*         0x00000000100073ba        0x2 
 .rodata.irq_add_shared_handler.str1.4
                0x00000000100073bc       0xd9 CMakeFiles/Teclado.dir/home/dario/Documents/pico/pico-sdk/src/rp2_common/hardware_irq/irq.c.obj
 *fill*         0x0000000010007495        0x3 
 .rodata.irq_remove_handler.str1.4
                0x0000000010007498       0x2a CMakeFiles/Teclado.dir/home/dario/Documents/pico/pico-sdk/src/rp2_common/hardware_irq/irq.c.obj
 *fill*         0x00000000100074c2        0x2 
 .rodata.irq_add_tail_to_free_list.str1.4
                0x00000000100074c4       0x32 CMakeFiles/Teclado.dir/home/dario/Documents/pico/pico-sdk/src/rp2_common/hardware_irq/irq.c.obj
                                         0x3a (size before relaxing)
 *fill*         0x00000000100074f6        0x2 
 .rodata.__func__.4733
                0x00000000100074f8       0x1a CMakeFiles/Teclado.dir/home/dario/Documents/pico/pico-sdk/src/rp2_common/hardware_irq/irq.c.obj
 *fill*         0x0000000010007512        0x2 
 .rodata.__func__.4747
                0x0000000010007514        0xc CMakeFiles/Teclado.dir/home/dario/Documents/pico/pico-sdk/src/rp2_common/hardware_irq/irq.c.obj
 .rodata.__func__.4755
                0x0000000010007520       0x17 CMakeFiles/Teclado.dir/home/dario/Documents/pico/pico-sdk/src/rp2_common/hardware_irq/irq.c.obj
 *fill*         0x0000000010007537        0x1 
 .rodata.__func__.4759
                0x0000000010007538        0xf CMakeFiles/Teclado.dir/home/dario/Documents/pico/pico-sdk/src/rp2_common/hardware_irq/irq.c.obj
 *fill*         0x0000000010007547        0x1 
 .rodata.__func__.4798
                0x0000000010007548       0x13 CMakeFiles/Teclado.dir/home/dario/Documents/pico/pico-sdk/src/rp2_common/hardware_irq/irq.c.obj
 *fill*         0x000000001000755b        0x1 
 .rodata.__func__.4821
                0x000000001000755c       0x1a CMakeFiles/Teclado.dir/home/dario/Documents/pico/pico-sdk/src/rp2_common/hardware_irq/irq.c.obj
 *fill*         0x0000000010007576        0x2 
 .rodata.pll_init.str1.4
                0x0000000010007578       0xe3 CMakeFiles/Teclado.dir/home/dario/Documents/pico/pico-sdk/src/rp2_common/hardware_pll/pll.c.obj
 *fill*         0x000000001000765b        0x1 
 .rodata.__func__.4408
                0x000000001000765c        0x9 CMakeFiles/Teclado.dir/home/dario/Documents/pico/pico-sdk/src/rp2_common/hardware_pll/pll.c.obj
 *fill*         0x0000000010007665        0x3 
 .rodata._ftoa.str1.4
                0x0000000010007668       0x15 CMakeFiles/Teclado.dir/home/dario/Documents/pico/pico-sdk/src/rp2_common/pico_printf/printf.c.obj
 *fill*         0x000000001000767d        0x3 
 .rodata._vsnprintf
                0x0000000010007680      0x1e0 CMakeFiles/Teclado.dir/home/dario/Documents/pico/pico-sdk/src/rp2_common/pico_printf/printf.c.obj
 .rodata.pow10.5422
                0x0000000010007860       0x50 CMakeFiles/Teclado.dir/home/dario/Documents/pico/pico-sdk/src/rp2_common/pico_printf/printf.c.obj
 .rodata.__aeabi_double_init.str1.4
                0x00000000100078b0       0xb1 CMakeFiles/Teclado.dir/home/dario/Documents/pico/pico-sdk/src/rp2_common/pico_double/double_init_rom.c.obj
 *fill*         0x0000000010007961        0x3 
 .rodata.__func__.4719
                0x0000000010007964       0x14 CMakeFiles/Teclado.dir/home/dario/Documents/pico/pico-sdk/src/rp2_common/pico_double/double_init_rom.c.obj
 .rodata.__aeabi_float_init.str1.4
                0x0000000010007978       0x83 CMakeFiles/Teclado.dir/home/dario/Documents/pico/pico-sdk/src/rp2_common/pico_float/float_init_rom.c.obj
                                         0x87 (size before relaxing)
 *fill*         0x00000000100079fb        0x1 
 .rodata.__func__.4720
                0x00000000100079fc       0x13 CMakeFiles/Teclado.dir/home/dario/Documents/pico/pico-sdk/src/rp2_common/pico_float/float_init_rom.c.obj
 *fill*         0x0000000010007a0f        0x1 
 .rodata.str1.4
                0x0000000010007a10       0x3c CMakeFiles/Teclado.dir/home/dario/Documents/pico/pico-sdk/src/rp2_common/pico_standard_link/binary_info.c.obj
 .rodata.__bi_44
                0x0000000010007a4c        0xc CMakeFiles/Teclado.dir/home/dario/Documents/pico/pico-sdk/src/rp2_common/pico_standard_link/binary_info.c.obj
 .rodata.__bi_75
                0x0000000010007a58        0xc CMakeFiles/Teclado.dir/home/dario/Documents/pico/pico-sdk/src/rp2_common/pico_standard_link/binary_info.c.obj
 .rodata.__bi_81
                0x0000000010007a64        0xc CMakeFiles/Teclado.dir/home/dario/Documents/pico/pico-sdk/src/rp2_common/pico_standard_link/binary_info.c.obj
 .rodata.crlf_str.6051
                0x0000000010007a70        0x2 CMakeFiles/Teclado.dir/home/dario/Documents/pico/pico-sdk/src/rp2_common/pico_stdio/stdio.c.obj
 *fill*         0x0000000010007a72        0x2 
 .rodata.str1.4
                0x0000000010007a74       0x2c CMakeFiles/Teclado.dir/home/dario/Documents/pico/pico-sdk/src/rp2_common/pico_stdio_uart/stdio_uart.c.obj
 .rodata.__bi_28.4752
                0x0000000010007aa0        0xc CMakeFiles/Teclado.dir/home/dario/Documents/pico/pico-sdk/src/rp2_common/pico_stdio_uart/stdio_uart.c.obj
 .rodata.__bi_29.4756
                0x0000000010007aac        0x8 CMakeFiles/Teclado.dir/home/dario/Documents/pico/pico-sdk/src/rp2_common/pico_stdio_uart/stdio_uart.c.obj
 .rodata._hw_endpoint_alloc.str1.4
                0x0000000010007ab4       0xc1 CMakeFiles/Teclado.dir/home/dario/Documents/pico/pico-sdk/lib/tinyusb/src/portable/raspberrypi/rp2040/dcd_rp2040.c.obj
 *fill*         0x0000000010007b75        0x3 
 .rodata.dcd_rp2040_irq.str1.4
                0x0000000010007b78       0x14 CMakeFiles/Teclado.dir/home/dario/Documents/pico/pico-sdk/lib/tinyusb/src/portable/raspberrypi/rp2040/dcd_rp2040.c.obj
 .rodata.dcd_int_enable.str1.4
                0x0000000010007b8c        0xc CMakeFiles/Teclado.dir/home/dario/Documents/pico/pico-sdk/lib/tinyusb/src/portable/raspberrypi/rp2040/dcd_rp2040.c.obj
 .rodata.__func__.6863
                0x0000000010007b98       0x13 CMakeFiles/Teclado.dir/home/dario/Documents/pico/pico-sdk/lib/tinyusb/src/portable/raspberrypi/rp2040/dcd_rp2040.c.obj
 *fill*         0x0000000010007bab        0x1 
 .rodata.__func__.6916
                0x0000000010007bac        0x9 CMakeFiles/Teclado.dir/home/dario/Documents/pico/pico-sdk/lib/tinyusb/src/portable/raspberrypi/rp2040/dcd_rp2040.c.obj
 *fill*         0x0000000010007bb5        0x3 
 .rodata.__func__.6920
                0x0000000010007bb8        0xf CMakeFiles/Teclado.dir/home/dario/Documents/pico/pico-sdk/lib/tinyusb/src/portable/raspberrypi/rp2040/dcd_rp2040.c.obj
 *fill*         0x0000000010007bc7        0x1 
 .rodata.__func__.6929
                0x0000000010007bc8       0x10 CMakeFiles/Teclado.dir/home/dario/Documents/pico/pico-sdk/lib/tinyusb/src/portable/raspberrypi/rp2040/dcd_rp2040.c.obj
 .rodata.__func__.6933
                0x0000000010007bd8       0x12 CMakeFiles/Teclado.dir/home/dario/Documents/pico/pico-sdk/lib/tinyusb/src/portable/raspberrypi/rp2040/dcd_rp2040.c.obj
 *fill*         0x0000000010007bea        0x2 
 .rodata.__func__.6948
                0x0000000010007bec        0xe CMakeFiles/Teclado.dir/home/dario/Documents/pico/pico-sdk/lib/tinyusb/src/portable/raspberrypi/rp2040/dcd_rp2040.c.obj
 *fill*         0x0000000010007bfa        0x2 
 .rodata.__func__.6958
                0x0000000010007bfc        0xe CMakeFiles/Teclado.dir/home/dario/Documents/pico/pico-sdk/lib/tinyusb/src/portable/raspberrypi/rp2040/dcd_rp2040.c.obj
 *fill*         0x0000000010007c0a        0x2 
 .rodata.sync_ep_buffer.str1.4
                0x0000000010007c0c       0x9d CMakeFiles/Teclado.dir/home/dario/Documents/pico/pico-sdk/lib/tinyusb/src/portable/raspberrypi/rp2040/rp2040_usb.c.obj
 *fill*         0x0000000010007ca9        0x3 
 .rodata._hw_endpoint_buffer_control_update32.str1.4
                0x0000000010007cac       0x1f CMakeFiles/Teclado.dir/home/dario/Documents/pico/pico-sdk/lib/tinyusb/src/portable/raspberrypi/rp2040/rp2040_usb.c.obj
 *fill*         0x0000000010007ccb        0x1 
 .rodata.hw_endpoint_xfer_start.str1.4
                0x0000000010007ccc       0x38 CMakeFiles/Teclado.dir/home/dario/Documents/pico/pico-sdk/lib/tinyusb/src/portable/raspberrypi/rp2040/rp2040_usb.c.obj
 .rodata.hw_endpoint_xfer_continue.str1.4
                0x0000000010007d04       0x29 CMakeFiles/Teclado.dir/home/dario/Documents/pico/pico-sdk/lib/tinyusb/src/portable/raspberrypi/rp2040/rp2040_usb.c.obj
 .rodata.str1.4
                0x0000000010007d2d       0x29 CMakeFiles/Teclado.dir/home/dario/Documents/pico/pico-sdk/lib/tinyusb/src/portable/raspberrypi/rp2040/rp2040_usb.c.obj
                                          0x7 (size before relaxing)
 *fill*         0x0000000010007d2d        0x3 
 .rodata.__func__.6630
                0x0000000010007d30        0xf CMakeFiles/Teclado.dir/home/dario/Documents/pico/pico-sdk/lib/tinyusb/src/portable/raspberrypi/rp2040/rp2040_usb.c.obj
 *fill*         0x0000000010007d3f        0x1 
 .rodata.process_set_config.str1.4
                0x0000000010007d40       0x17 CMakeFiles/Teclado.dir/home/dario/Documents/pico/pico-sdk/lib/tinyusb/src/device/usbd.c.obj
 *fill*         0x0000000010007d57        0x1 
 .rodata.process_get_descriptor
                0x0000000010007d58       0x40 CMakeFiles/Teclado.dir/home/dario/Documents/pico/pico-sdk/lib/tinyusb/src/device/usbd.c.obj
 .rodata.process_control_request
                0x0000000010007d98       0x28 CMakeFiles/Teclado.dir/home/dario/Documents/pico/pico-sdk/lib/tinyusb/src/device/usbd.c.obj
 .rodata.tud_task
                0x0000000010007dc0       0x24 CMakeFiles/Teclado.dir/home/dario/Documents/pico/pico-sdk/lib/tinyusb/src/device/usbd.c.obj
 .rodata.__func__.6539
                0x0000000010007de4       0x10 CMakeFiles/Teclado.dir/home/dario/Documents/pico/pico-sdk/lib/tinyusb/src/device/usbd.c.obj
 .rodata.__func__.7434
                0x0000000010007df4        0x9 CMakeFiles/Teclado.dir/home/dario/Documents/pico/pico-sdk/lib/tinyusb/src/device/usbd.c.obj
 *fill*         0x0000000010007dfd        0x3 
 .rodata.__func__.7455
                0x0000000010007e00       0x18 CMakeFiles/Teclado.dir/home/dario/Documents/pico/pico-sdk/lib/tinyusb/src/device/usbd.c.obj
 .rodata.__func__.7498
                0x0000000010007e18       0x13 CMakeFiles/Teclado.dir/home/dario/Documents/pico/pico-sdk/lib/tinyusb/src/device/usbd.c.obj
 *fill*         0x0000000010007e2b        0x1 
 .rodata.__func__.7533
                0x0000000010007e2c       0x17 CMakeFiles/Teclado.dir/home/dario/Documents/pico/pico-sdk/lib/tinyusb/src/device/usbd.c.obj
 *fill*         0x0000000010007e43        0x1 
 .rodata.__func__.7587
                0x0000000010007e44       0x14 CMakeFiles/Teclado.dir/home/dario/Documents/pico/pico-sdk/lib/tinyusb/src/device/usbd.c.obj
 .rodata.__func__.7601
                0x0000000010007e58        0xf CMakeFiles/Teclado.dir/home/dario/Documents/pico/pico-sdk/lib/tinyusb/src/device/usbd.c.obj
 *fill*         0x0000000010007e67        0x1 
 .rodata.__func__.7624
                0x0000000010007e68        0xf CMakeFiles/Teclado.dir/home/dario/Documents/pico/pico-sdk/lib/tinyusb/src/device/usbd.c.obj
 *fill*         0x0000000010007e77        0x1 
 .rodata._usbd_driver
                0x0000000010007e78       0x18 CMakeFiles/Teclado.dir/home/dario/Documents/pico/pico-sdk/lib/tinyusb/src/device/usbd.c.obj
 .rodata.tud_control_xfer.str1.4
                0x0000000010007e90       0x17 CMakeFiles/Teclado.dir/home/dario/Documents/pico/pico-sdk/lib/tinyusb/src/device/usbd_control.c.obj
 .rodata.__func__.7349
                0x0000000010007e90       0x11 CMakeFiles/Teclado.dir/home/dario/Documents/pico/pico-sdk/lib/tinyusb/src/device/usbd_control.c.obj
 *fill*         0x0000000010007ea1        0x3 
 .rodata.__func__.7376
                0x0000000010007ea4       0x15 CMakeFiles/Teclado.dir/home/dario/Documents/pico/pico-sdk/lib/tinyusb/src/device/usbd_control.c.obj
 *fill*         0x0000000010007eb9        0x3 
 .rodata.hidd_open.str1.4
                0x0000000010007ebc       0x11 CMakeFiles/Teclado.dir/home/dario/Documents/pico/pico-sdk/lib/tinyusb/src/class/hid/hid_device.c.obj
                                         0x29 (size before relaxing)
 *fill*         0x0000000010007ecd        0x3 
 .rodata.hidd_control_xfer_cb
                0x0000000010007ed0       0x30 CMakeFiles/Teclado.dir/home/dario/Documents/pico/pico-sdk/lib/tinyusb/src/class/hid/hid_device.c.obj
 .rodata.__PRETTY_FUNCTION__.7302
                0x0000000010007f00        0xa CMakeFiles/Teclado.dir/home/dario/Documents/pico/pico-sdk/lib/tinyusb/src/class/hid/hid_device.c.obj
 *fill*         0x0000000010007f0a        0x2 
 .rodata.__func__.7295
                0x0000000010007f0c        0xa CMakeFiles/Teclado.dir/home/dario/Documents/pico/pico-sdk/lib/tinyusb/src/class/hid/hid_device.c.obj
 *fill*         0x0000000010007f16        0x2 
 .rodata.__func__.7318
                0x0000000010007f18       0x15 CMakeFiles/Teclado.dir/home/dario/Documents/pico/pico-sdk/lib/tinyusb/src/class/hid/hid_device.c.obj
 *fill*         0x0000000010007f2d        0x3 
 .rodata.__func__.7341
                0x0000000010007f30        0xd CMakeFiles/Teclado.dir/home/dario/Documents/pico/pico-sdk/lib/tinyusb/src/class/hid/hid_device.c.obj
 .rodata.tusb_init.str1.4
                0x0000000010007f3d       0x17 CMakeFiles/Teclado.dir/home/dario/Documents/pico/pico-sdk/lib/tinyusb/src/tusb.c.obj
 *fill*         0x0000000010007f3d        0x3 
 .rodata.__func__.7222
                0x0000000010007f40        0xa CMakeFiles/Teclado.dir/home/dario/Documents/pico/pico-sdk/lib/tinyusb/src/tusb.c.obj
 *fill*         0x0000000010007f4a        0x2 
 .rodata.__func__.7234
                0x0000000010007f4c       0x11 CMakeFiles/Teclado.dir/home/dario/Documents/pico/pico-sdk/lib/tinyusb/src/tusb.c.obj
 *fill*         0x0000000010007f5d        0x3 
 .rodata.str1.4
                0x0000000010007f60        0x4 CMakeFiles/Teclado.dir/home/dario/Documents/pico/pico-sdk/lib/tinyusb/hw/bsp/rp2040/family.c.obj
 .rodata.__bi_121.7675
                0x0000000010007f64        0xc CMakeFiles/Teclado.dir/home/dario/Documents/pico/pico-sdk/lib/tinyusb/hw/bsp/rp2040/family.c.obj
 .rodata.__bi_131.7678
                0x0000000010007f70        0x8 CMakeFiles/Teclado.dir/home/dario/Documents/pico/pico-sdk/lib/tinyusb/hw/bsp/rp2040/family.c.obj
                0x0000000010007f78                . = ALIGN (0x4)
 *(SORT_BY_ALIGNMENT(SORT_BY_NAME(.flashdata*)))
                0x0000000010007f78                . = ALIGN (0x4)

.rel.dyn        0x0000000010007f78        0x0
 .rel.iplt      0x0000000010007f78        0x0 /usr/lib/gcc/arm-none-eabi/9.2.1/thumb/v6-m/nofp/crtbegin.o

.ARM.extab
 *(.ARM.extab* .gnu.linkonce.armextab.*)
                0x0000000010007f78                __exidx_start = .

.ARM.exidx
 *(.ARM.exidx* .gnu.linkonce.armexidx.*)
                0x0000000010007f78                __exidx_end = .
                0x0000000010007f78                . = ALIGN (0x4)
                0x0000000010007f78                __binary_info_start = .

.binary_info    0x0000000010007f78       0x2c
 *(.binary_info.keep.*)
 .binary_info.keep.__bi_ptr22
                0x0000000010007f78        0x4 CMakeFiles/Teclado.dir/home/dario/Documents/pico/pico-sdk/src/rp2_common/pico_standard_link/binary_info.c.obj
 .binary_info.keep.__bi_ptr30
                0x0000000010007f7c        0x4 CMakeFiles/Teclado.dir/home/dario/Documents/pico/pico-sdk/src/rp2_common/pico_standard_link/binary_info.c.obj
 .binary_info.keep.__bi_ptr38
                0x0000000010007f80        0x4 CMakeFiles/Teclado.dir/home/dario/Documents/pico/pico-sdk/src/rp2_common/pico_standard_link/binary_info.c.obj
 .binary_info.keep.__bi_ptr44
                0x0000000010007f84        0x4 CMakeFiles/Teclado.dir/home/dario/Documents/pico/pico-sdk/src/rp2_common/pico_standard_link/binary_info.c.obj
 .binary_info.keep.__bi_ptr50
                0x0000000010007f88        0x4 CMakeFiles/Teclado.dir/home/dario/Documents/pico/pico-sdk/src/rp2_common/pico_standard_link/binary_info.c.obj
 .binary_info.keep.__bi_ptr75
                0x0000000010007f8c        0x4 CMakeFiles/Teclado.dir/home/dario/Documents/pico/pico-sdk/src/rp2_common/pico_standard_link/binary_info.c.obj
 .binary_info.keep.__bi_ptr81
                0x0000000010007f90        0x4 CMakeFiles/Teclado.dir/home/dario/Documents/pico/pico-sdk/src/rp2_common/pico_standard_link/binary_info.c.obj
 .binary_info.keep.__bi_ptr121
                0x0000000010007f94        0x4 CMakeFiles/Teclado.dir/home/dario/Documents/pico/pico-sdk/lib/tinyusb/hw/bsp/rp2040/family.c.obj
 .binary_info.keep.__bi_ptr131
                0x0000000010007f98        0x4 CMakeFiles/Teclado.dir/home/dario/Documents/pico/pico-sdk/lib/tinyusb/hw/bsp/rp2040/family.c.obj
 *(.binary_info.*)
 .binary_info.__bi_ptr28
                0x0000000010007f9c        0x4 CMakeFiles/Teclado.dir/home/dario/Documents/pico/pico-sdk/src/rp2_common/pico_stdio_uart/stdio_uart.c.obj
 .binary_info.__bi_ptr29
                0x0000000010007fa0        0x4 CMakeFiles/Teclado.dir/home/dario/Documents/pico/pico-sdk/src/rp2_common/pico_stdio_uart/stdio_uart.c.obj
                0x0000000010007fa4                __binary_info_end = .
                0x0000000010007fa4                . = ALIGN (0x4)
                0x0000000010007fa4                __etext = .

.ram_vector_table
                0x0000000020000000       0xc0
 *(.ram_vector_table)
 .ram_vector_table
                0x0000000020000000       0xc0 CMakeFiles/Teclado.dir/home/dario/Documents/pico/pico-sdk/src/rp2_common/pico_runtime/runtime.c.obj
                0x0000000020000000                ram_vector_table

.data           0x00000000200000c0      0x38c load address 0x0000000010007fa4
                0x00000000200000c0                __data_start__ = .
 *(vtable)
 *(.time_critical*)
 .time_critical.mutex_enter_blocking
                0x00000000200000c0       0x48 CMakeFiles/Teclado.dir/home/dario/Documents/pico/pico-sdk/src/common/pico_sync/mutex.c.obj
                0x00000000200000c0                mutex_enter_blocking
 .time_critical.mutex_try_enter
                0x0000000020000108       0x48 CMakeFiles/Teclado.dir/home/dario/Documents/pico/pico-sdk/src/common/pico_sync/mutex.c.obj
                0x0000000020000108                mutex_try_enter
 .time_critical.mutex_enter_block_until
                0x0000000020000150       0x88 CMakeFiles/Teclado.dir/home/dario/Documents/pico/pico-sdk/src/common/pico_sync/mutex.c.obj
                0x0000000020000150                mutex_enter_block_until
 .time_critical.mutex_enter_timeout_ms
                0x00000000200001d8       0x78 CMakeFiles/Teclado.dir/home/dario/Documents/pico/pico-sdk/src/common/pico_sync/mutex.c.obj
                0x00000000200001d8                mutex_enter_timeout_ms
 .time_critical.mutex_exit
                0x0000000020000250       0x4c CMakeFiles/Teclado.dir/home/dario/Documents/pico/pico-sdk/src/common/pico_sync/mutex.c.obj
                0x0000000020000250                mutex_exit
 .time_critical.get_bootsel_button
                0x000000002000029c       0x60 CMakeFiles/Teclado.dir/home/dario/Documents/pico/pico-sdk/lib/tinyusb/hw/bsp/rp2040/family.c.obj
                0x000000002000029c                get_bootsel_button
 *(.text*)
 .text          0x00000000200002fc        0x4 /usr/lib/gcc/arm-none-eabi/9.2.1/thumb/v6-m/nofp/libgcc.a(_dvmd_tls.o)
                0x00000000200002fc                __aeabi_ldiv0
                0x00000000200002fc                __aeabi_idiv0
 .text.__stub   0x0000000020000300       0x40 linker stubs
                0x0000000020000340                . = ALIGN (0x4)
 *(.rodata*)
                0x0000000020000340                . = ALIGN (0x4)
 *(.data*)
 .data.string_desc_arr
                0x0000000020000340       0x10 CMakeFiles/Teclado.dir/usb_descriptors.c.obj
                0x0000000020000340                string_desc_arr
 .data.striped_spin_lock_num
                0x0000000020000350        0x1 CMakeFiles/Teclado.dir/home/dario/Documents/pico/pico-sdk/src/rp2_common/hardware_sync/sync.c.obj
 *fill*         0x0000000020000351        0x3 
 .data.default_alarm_pool
                0x0000000020000354       0x18 CMakeFiles/Teclado.dir/home/dario/Documents/pico/pico-sdk/src/common/pico_time/time.c.obj
 .data.default_alarm_pool_heap
                0x000000002000036c       0x10 CMakeFiles/Teclado.dir/home/dario/Documents/pico/pico-sdk/src/common/pico_time/time.c.obj
 .data          0x000000002000037c       0x48 CMakeFiles/Teclado.dir/home/dario/Documents/pico/pico-sdk/src/rp2_common/hardware_irq/irq_handler_chain.S.obj
                0x000000002000037c                irq_handler_chain_slots
                0x00000000200003ac                irq_handler_chain_first_slot
                0x00000000200003b6                irq_handler_chain_remove_tail
 *fill*         0x00000000200003c4        0xc 
 .data.aeabi_bits_funcs
                0x00000000200003d0       0x10 CMakeFiles/Teclado.dir/home/dario/Documents/pico/pico-sdk/src/rp2_common/pico_bit_ops/bit_ops_aeabi.S.obj
                0x00000000200003d0                aeabi_bits_funcs
                0x00000000200003e0                aeabi_bits_funcs_end
 .data.aeabi_mem_funcs
                0x00000000200003e0       0x10 CMakeFiles/Teclado.dir/home/dario/Documents/pico/pico-sdk/src/rp2_common/pico_mem_ops/mem_ops_aeabi.S.obj
                0x00000000200003e0                aeabi_mem_funcs
                0x00000000200003f0                aeabi_mem_funcs_end
 .data.stdio_uart
                0x00000000200003f0       0x14 CMakeFiles/Teclado.dir/home/dario/Documents/pico/pico-sdk/src/rp2_common/pico_stdio_uart/stdio_uart.c.obj
                0x00000000200003f0                stdio_uart
 .data.ep_dir_string
                0x0000000020000404        0x8 CMakeFiles/Teclado.dir/home/dario/Documents/pico/pico-sdk/lib/tinyusb/src/portable/raspberrypi/rp2040/rp2040_usb.c.obj
                0x0000000020000404                ep_dir_string
 .data._usbd_qdef
                0x000000002000040c       0x24 CMakeFiles/Teclado.dir/home/dario/Documents/pico/pico-sdk/lib/tinyusb/src/device/usbd.c.obj
                0x000000002000040c                _usbd_qdef
                0x0000000020000430                . = ALIGN (0x4)
 *(.after_data.*)
                0x0000000020000430                . = ALIGN (0x4)
                0x0000000020000430                PROVIDE (__mutex_array_start = .)
 *(SORT_BY_NAME(.mutex_array.*))
 *(.mutex_array)
 .mutex_array   0x0000000020000430        0x8 CMakeFiles/Teclado.dir/home/dario/Documents/pico/pico-sdk/src/rp2_common/pico_stdio/stdio.c.obj
                0x0000000020000438                PROVIDE (__mutex_array_end = .)
                0x0000000020000438                . = ALIGN (0x4)
                0x0000000020000438                PROVIDE (__preinit_array_start = .)
 *(SORT_BY_NAME(.preinit_array.*))
 .preinit_array.00001
                0x0000000020000438        0x4 CMakeFiles/Teclado.dir/home/dario/Documents/pico/pico-sdk/src/rp2_common/pico_mem_ops/mem_ops_aeabi.S.obj
 .preinit_array.00010
                0x000000002000043c        0x4 CMakeFiles/Teclado.dir/home/dario/Documents/pico/pico-sdk/src/rp2_common/pico_bit_ops/bit_ops_aeabi.S.obj
 .preinit_array.00020
                0x0000000020000440        0x4 CMakeFiles/Teclado.dir/home/dario/Documents/pico/pico-sdk/src/rp2_common/pico_double/double_aeabi.S.obj
 .preinit_array.00020
                0x0000000020000444        0x4 CMakeFiles/Teclado.dir/home/dario/Documents/pico/pico-sdk/src/rp2_common/pico_float/float_aeabi.S.obj
 *(.preinit_array)
                0x0000000020000448                PROVIDE (__preinit_array_end = .)
                0x0000000020000448                . = ALIGN (0x4)
                0x0000000020000448                PROVIDE (__init_array_start = .)
 *(SORT_BY_NAME(.init_array.*))
 *(.init_array)
 .init_array    0x0000000020000448        0x4 /usr/lib/gcc/arm-none-eabi/9.2.1/thumb/v6-m/nofp/crtbegin.o
                0x000000002000044c                PROVIDE (__init_array_end = .)
                0x000000002000044c                . = ALIGN (0x4)
                0x000000002000044c                PROVIDE (__fini_array_start = .)
 *(SORT_BY_NAME(.fini_array.*))
 *(.fini_array)
                0x000000002000044c                PROVIDE (__fini_array_end = .)
 *(.jcr)
                0x000000002000044c                . = ALIGN (0x4)
                0x000000002000044c                __data_end__ = .

.tm_clone_table
                0x000000002000044c        0x0 load address 0x0000000010008330
 .tm_clone_table
                0x000000002000044c        0x0 /usr/lib/gcc/arm-none-eabi/9.2.1/thumb/v6-m/nofp/crtbegin.o
 .tm_clone_table
                0x000000002000044c        0x0 /usr/lib/gcc/arm-none-eabi/9.2.1/thumb/v6-m/nofp/crtend.o

.igot.plt       0x000000002000044c        0x0 load address 0x0000000010008330
 .igot.plt      0x000000002000044c        0x0 /usr/lib/gcc/arm-none-eabi/9.2.1/thumb/v6-m/nofp/crtbegin.o

.uninitialized_data
                0x000000002000044c        0x0 load address 0x0000000010008330
                0x000000002000044c                . = ALIGN (0x4)
 *(.uninitialized_data*)

.scratch_x      0x0000000020040000        0x0 load address 0x0000000010008330
                0x0000000020040000                __scratch_x_start__ = .
 *(.scratch_x.*)
                0x0000000020040000                . = ALIGN (0x4)
                0x0000000020040000                __scratch_x_end__ = .
                0x0000000010008330                __scratch_x_source__ = LOADADDR (.scratch_x)

.scratch_y      0x0000000020041000        0x0 load address 0x0000000010008330
                0x0000000020041000                __scratch_y_start__ = .
 *(.scratch_y.*)
                0x0000000020041000                . = ALIGN (0x4)
                0x0000000020041000                __scratch_y_end__ = .
                0x0000000010008330                __scratch_y_source__ = LOADADDR (.scratch_y)

.bss            0x0000000020000450      0x9cc
                0x0000000020000450                . = ALIGN (0x4)
                0x0000000020000450                __bss_start__ = .
 *(SORT_BY_ALIGNMENT(SORT_BY_NAME(.bss*)))
 .bss.default_alarm_pool_entries