Archive member included to satisfy reference by file (symbol)

c:/progra~2/gnuarm~1/102021~1.10/bin/../lib/gcc/arm-none-eabi/10.3.1/thumb/v6-m/nofp\libgcc.a(_dvmd_tls.o)
                              CMakeFiles/Teclado.dir/E_/Users/dario/Documents/Pico/pico-sdk/src/rp2_common/pico_divider/divider.S.obj (__aeabi_idiv0)
c:/progra~2/gnuarm~1/102021~1.10/bin/../lib/gcc/arm-none-eabi/10.3.1/thumb/v6-m/nofp\libgcc.a(unwind-arm.o)
                              CMakeFiles/Teclado.dir/Teclado.cpp.obj (__aeabi_unwind_cpp_pr0)
c:/progra~2/gnuarm~1/102021~1.10/bin/../lib/gcc/arm-none-eabi/10.3.1/thumb/v6-m/nofp\libgcc.a(libunwind.o)
                              c:/progra~2/gnuarm~1/102021~1.10/bin/../lib/gcc/arm-none-eabi/10.3.1/thumb/v6-m/nofp\libgcc.a(unwind-arm.o) (restore_core_regs)
c:/progra~2/gnuarm~1/102021~1.10/bin/../lib/gcc/arm-none-eabi/10.3.1/thumb/v6-m/nofp\libgcc.a(pr-support.o)
                              c:/progra~2/gnuarm~1/102021~1.10/bin/../lib/gcc/arm-none-eabi/10.3.1/thumb/v6-m/nofp\libgcc.a(unwind-arm.o) (__gnu_unwind_execute)
c:/progra~2/gnuarm~1/102021~1.10/bin/../lib/gcc/arm-none-eabi/10.3.1/../../../../arm-none-eabi/lib/thumb/v6-m/nofp\libg.a(lib_a-abort.o)
                              c:/progra~2/gnuarm~1/102021~1.10/bin/../lib/gcc/arm-none-eabi/10.3.1/thumb/v6-m/nofp\libgcc.a(unwind-arm.o) (abort)
c:/progra~2/gnuarm~1/102021~1.10/bin/../lib/gcc/arm-none-eabi/10.3.1/../../../../arm-none-eabi/lib/thumb/v6-m/nofp\libg.a(lib_a-calloc.o)
                              CMakeFiles/Teclado.dir/E_/Users/dario/Documents/Pico/pico-sdk/src/rp2_common/pico_malloc/pico_malloc.c.obj (calloc)
c:/progra~2/gnuarm~1/102021~1.10/bin/../lib/gcc/arm-none-eabi/10.3.1/../../../../arm-none-eabi/lib/thumb/v6-m/nofp\libg.a(lib_a-callocr.o)
                              c:/progra~2/gnuarm~1/102021~1.10/bin/../lib/gcc/arm-none-eabi/10.3.1/../../../../arm-none-eabi/lib/thumb/v6-m/nofp\libg.a(lib_a-calloc.o) (_calloc_r)
c:/progra~2/gnuarm~1/102021~1.10/bin/../lib/gcc/arm-none-eabi/10.3.1/../../../../arm-none-eabi/lib/thumb/v6-m/nofp\libg.a(lib_a-errno.o)
                              c:/progra~2/gnuarm~1/102021~1.10/bin/../lib/gcc/arm-none-eabi/10.3.1/../../../../arm-none-eabi/lib/thumb/v6-m/nofp\libg.a(lib_a-callocr.o) (__errno)
c:/progra~2/gnuarm~1/102021~1.10/bin/../lib/gcc/arm-none-eabi/10.3.1/../../../../arm-none-eabi/lib/thumb/v6-m/nofp\libg.a(lib_a-impure.o)
                              c:/progra~2/gnuarm~1/102021~1.10/bin/../lib/gcc/arm-none-eabi/10.3.1/../../../../arm-none-eabi/lib/thumb/v6-m/nofp\libg.a(lib_a-calloc.o) (_impure_ptr)
c:/progra~2/gnuarm~1/102021~1.10/bin/../lib/gcc/arm-none-eabi/10.3.1/../../../../arm-none-eabi/lib/thumb/v6-m/nofp\libg.a(lib_a-init.o)
                              c:/progra~2/gnuarm~1/102021~1.10/bin/../lib/gcc/arm-none-eabi/10.3.1/../../../../arm-none-eabi/lib/thumb/v6-m/nofp/crt0.o (__libc_init_array)
c:/progra~2/gnuarm~1/102021~1.10/bin/../lib/gcc/arm-none-eabi/10.3.1/../../../../arm-none-eabi/lib/thumb/v6-m/nofp\libg.a(lib_a-malloc.o)
                              CMakeFiles/Teclado.dir/E_/Users/dario/Documents/Pico/pico-sdk/src/rp2_common/pico_malloc/pico_malloc.c.obj (malloc)
c:/progra~2/gnuarm~1/102021~1.10/bin/../lib/gcc/arm-none-eabi/10.3.1/../../../../arm-none-eabi/lib/thumb/v6-m/nofp\libg.a(lib_a-mallocr.o)
                              c:/progra~2/gnuarm~1/102021~1.10/bin/../lib/gcc/arm-none-eabi/10.3.1/../../../../arm-none-eabi/lib/thumb/v6-m/nofp\libg.a(lib_a-callocr.o) (_malloc_r)
c:/progra~2/gnuarm~1/102021~1.10/bin/../lib/gcc/arm-none-eabi/10.3.1/../../../../arm-none-eabi/lib/thumb/v6-m/nofp\libg.a(lib_a-mlock.o)
                              c:/progra~2/gnuarm~1/102021~1.10/bin/../lib/gcc/arm-none-eabi/10.3.1/../../../../arm-none-eabi/lib/thumb/v6-m/nofp\libg.a(lib_a-mallocr.o) (__malloc_lock)
c:/progra~2/gnuarm~1/102021~1.10/bin/../lib/gcc/arm-none-eabi/10.3.1/../../../../arm-none-eabi/lib/thumb/v6-m/nofp\libg.a(lib_a-sbrkr.o)
                              c:/progra~2/gnuarm~1/102021~1.10/bin/../lib/gcc/arm-none-eabi/10.3.1/../../../../arm-none-eabi/lib/thumb/v6-m/nofp\libg.a(lib_a-mallocr.o) (_sbrk_r)
c:/progra~2/gnuarm~1/102021~1.10/bin/../lib/gcc/arm-none-eabi/10.3.1/../../../../arm-none-eabi/lib/thumb/v6-m/nofp\libg.a(lib_a-signal.o)
                              c:/progra~2/gnuarm~1/102021~1.10/bin/../lib/gcc/arm-none-eabi/10.3.1/../../../../arm-none-eabi/lib/thumb/v6-m/nofp\libg.a(lib_a-abort.o) (raise)
c:/progra~2/gnuarm~1/102021~1.10/bin/../lib/gcc/arm-none-eabi/10.3.1/../../../../arm-none-eabi/lib/thumb/v6-m/nofp\libg.a(lib_a-signalr.o)
                              c:/progra~2/gnuarm~1/102021~1.10/bin/../lib/gcc/arm-none-eabi/10.3.1/../../../../arm-none-eabi/lib/thumb/v6-m/nofp\libg.a(lib_a-signal.o) (_kill_r)
c:/progra~2/gnuarm~1/102021~1.10/bin/../lib/gcc/arm-none-eabi/10.3.1/../../../../arm-none-eabi/lib/thumb/v6-m/nofp\libg.a(lib_a-strlen-stub.o)
[...]
Memory Configuration

Name             Origin             Length             Attributes
FLASH            0x10000000         0x00200000         xr
RAM              0x20000000         0x00040000         xrw
SCRATCH_X        0x20040000         0x00001000         xrw
SCRATCH_Y        0x20041000         0x00001000         xrw
*default*        0x00000000         0xffffffff

Linker script and memory map

LOAD c:/progra~2/gnuarm~1/102021~1.10/bin/../lib/gcc/arm-none-eabi/10.3.1/thumb/v6-m/nofp/crti.o
LOAD c:/progra~2/gnuarm~1/102021~1.10/bin/../lib/gcc/arm-none-eabi/10.3.1/thumb/v6-m/nofp/crtbegin.o
LOAD c:/progra~2/gnuarm~1/102021~1.10/bin/../lib/gcc/arm-none-eabi/10.3.1/../../../../arm-none-eabi/lib/thumb/v6-m/nofp/crt0.o

.flash_begin    0x10000000        0x0
                0x10000000                __flash_binary_start = .

.boot2          0x10000000      0x100
                0x10000000                __boot2_start__ = .
 *(.boot2)
 .boot2         0x10000000      0x100 C:\Users\dario\AppData\Local\Temp\ccMSEtcC.o
                0x10000100                __boot2_end__ = .
                0x00000001                ASSERT (((__boot2_end__ - __boot2_start__) == 0x100), ERROR: Pico second stage bootloader must be 256 bytes in size)

.text           0x10000100     0x4110
                0x10000100                __logical_binary_start = .
 *(.vectors)
 .vectors       0x10000100       0xd4 CMakeFiles/Teclado.dir/E_/Users/dario/Documents/Pico/pico-sdk/src/rp2_common/pico_standard_link/crt0.S.obj
                0x10000100                __VECTOR_TABLE
                0x10000100                __vectors
                0x100001c0                isr_invalid
                0x100001c0                __default_isrs_start
                0x100001c2                isr_nmi
                0x100001c4                isr_hardfault
                0x100001c6                isr_svcall
                0x100001c8                isr_pendsv
                0x100001ca                isr_systick
                0x100001cc                isr_irq23
                0x100001cc                isr_irq18
                0x100001cc                isr_irq11
                0x100001cc                isr_irq28
                0x100001cc                isr_irq19
                0x100001cc                isr_irq0
                0x100001cc                isr_irq6
                0x100001cc                isr_irq5
                0x100001cc                isr_irq12
                0x100001cc                isr_irq22
                0x100001cc                isr_irq31
                0x100001cc                isr_irq17
                0x100001cc                isr_irq27
                0x100001cc                isr_irq30
                0x100001cc                isr_irq2
                0x100001cc                isr_irq10
                0x100001cc                isr_irq8
                0x100001cc                isr_irq24
                0x100001cc                isr_irq1
                0x100001cc                isr_irq7
                0x100001cc                isr_irq21
                0x100001cc                isr_irq20
                0x100001cc                isr_irq15
                0x100001cc                isr_irq25
                0x100001cc                isr_irq13
                0x100001cc                __unhandled_user_irq
                0x100001cc                isr_irq4
                0x100001cc                isr_irq16
                0x100001cc                isr_irq29
                0x100001cc                isr_irq26
                0x100001cc                __default_isrs_end
                0x100001cc                isr_irq3
                0x100001cc                isr_irq14
                0x100001cc                isr_irq9
                0x100001d2                unhandled_user_irq_num_in_r0
 *(.binary_info_header)
 .binary_info_header
                0x100001d4       0x14 CMakeFiles/Teclado.dir/E_/Users/dario/Documents/Pico/pico-sdk/src/rp2_common/pico_standard_link/crt0.S.obj
                0x100001e8                __binary_info_header_end = .
 *(.reset)
 .reset         0x100001e8       0xa8 CMakeFiles/Teclado.dir/E_/Users/dario/Documents/Pico/pico-sdk/src/rp2_common/pico_standard_link/crt0.S.obj
                0x100001e8                _entry_point
                0x10000266                __get_current_exception
 .reset         0x10000290       0x30 CMakeFiles/Teclado.dir/E_/Users/dario/Documents/Pico/pico-sdk/src/rp2_common/pico_standard_link/binary_info.c.obj
 *(.init)
 .init          0x100002c0        0x4 c:/progra~2/gnuarm~1/102021~1.10/bin/../lib/gcc/arm-none-eabi/10.3.1/thumb/v6-m/nofp/crti.o
                0x100002c0                _init
 *(EXCLUDE_FILE(*libm.a: *libc.a:*lib_a-mem*.o *libgcc.a:) .text*)
 .text          0x100002c4       0x48 c:/progra~2/gnuarm~1/102021~1.10/bin/../lib/gcc/arm-none-eabi/10.3.1/thumb/v6-m/nofp/crtbegin.o
 .text.main     0x1000030c       0xb8 CMakeFiles/Teclado.dir/Teclado.cpp.obj
                0x1000030c                main
 .text.gpio_set_function
                0x100003c4       0x30 CMakeFiles/Teclado.dir/E_/Users/dario/Documents/Pico/pico-sdk/src/rp2_common/hardware_gpio/gpio.c.obj
                0x100003c4                gpio_set_function
 .text.gpio_init
                0x100003f4       0x16 CMakeFiles/Teclado.dir/E_/Users/dario/Documents/Pico/pico-sdk/src/rp2_common/hardware_gpio/gpio.c.obj
                0x100003f4                gpio_init
 *fill*         0x1000040a        0x2 
 .text.hw_claim_lock
                0x1000040c       0x18 CMakeFiles/Teclado.dir/E_/Users/dario/Documents/Pico/pico-sdk/src/rp2_common/hardware_claim/claim.c.obj
                0x1000040c                hw_claim_lock
 .text.hw_claim_unlock
                0x10000424       0x14 CMakeFiles/Teclado.dir/E_/Users/dario/Documents/Pico/pico-sdk/src/rp2_common/hardware_claim/claim.c.obj
                0x10000424                hw_claim_unlock
 .text.hw_claim_or_assert
                0x10000438       0x32 CMakeFiles/Teclado.dir/E_/Users/dario/Documents/Pico/pico-sdk/src/rp2_common/hardware_claim/claim.c.obj
                0x10000438                hw_claim_or_assert
 *fill*         0x1000046a        0x2 
 .text.running_on_fpga
                0x1000046c       0x14 CMakeFiles/Teclado.dir/E_/Users/dario/Documents/Pico/pico-sdk/src/rp2_common/pico_platform/platform.c.obj
                0x1000046c                running_on_fpga
 .text.spin_locks_reset
                0x10000480       0x20 CMakeFiles/Teclado.dir/E_/Users/dario/Documents/Pico/pico-sdk/src/rp2_common/hardware_sync/sync.c.obj
                0x10000480                spin_locks_reset
 .text.next_striped_spin_lock_num
                0x100004a0       0x1c CMakeFiles/Teclado.dir/E_/Users/dario/Documents/Pico/pico-sdk/src/rp2_common/hardware_sync/sync.c.obj
                0x100004a0                next_striped_spin_lock_num
 .text.alarm_pool_post_alloc_init
                0x100004bc       0x40 CMakeFiles/Teclado.dir/E_/Users/dario/Documents/Pico/pico-sdk/src/common/pico_time/time.c.obj
 .text.sleep_until_callback
                0x100004fc       0x30 CMakeFiles/Teclado.dir/E_/Users/dario/Documents/Pico/pico-sdk/src/common/pico_time/time.c.obj
 .text.timer_pool_entry_comparator
                0x1000052c       0x7c CMakeFiles/Teclado.dir/E_/Users/dario/Documents/Pico/pico-sdk/src/common/pico_time/time.c.obj
                0x1000052c                timer_pool_entry_comparator
 .text.ph_add_child_node
                0x100005a8       0xa4 CMakeFiles/Teclado.dir/E_/Users/dario/Documents/Pico/pico-sdk/src/common/pico_time/time.c.obj
 .text.ph_merge_nodes
                0x1000064c       0x3e CMakeFiles/Teclado.dir/E_/Users/dario/Documents/Pico/pico-sdk/src/common/pico_time/time.c.obj
 *fill*         0x1000068a        0x2 
 .text.add_alarm_under_lock
                0x1000068c      0x174 CMakeFiles/Teclado.dir/E_/Users/dario/Documents/Pico/pico-sdk/src/common/pico_time/time.c.obj
 .text.alarm_pool_alarm_callback
                0x10000800      0x328 CMakeFiles/Teclado.dir/E_/Users/dario/Documents/Pico/pico-sdk/src/common/pico_time/time.c.obj
 .text.alarm_pool_init_default
                0x10000b28       0x38 CMakeFiles/Teclado.dir/E_/Users/dario/Documents/Pico/pico-sdk/src/common/pico_time/time.c.obj
                0x10000b28                alarm_pool_init_default
 .text.alarm_pool_get_default
                0x10000b60       0x2c CMakeFiles/Teclado.dir/E_/Users/dario/Documents/Pico/pico-sdk/src/common/pico_time/time.c.obj
                0x10000b60                alarm_pool_get_default
 .text.alarm_pool_add_alarm_at
                0x10000b8c      0x170 CMakeFiles/Teclado.dir/E_/Users/dario/Documents/Pico/pico-sdk/src/common/pico_time/time.c.obj
                0x10000b8c                alarm_pool_add_alarm_at
 .text.sleep_until
                0x10000cfc       0xfc CMakeFiles/Teclado.dir/E_/Users/dario/Documents/Pico/pico-sdk/src/common/pico_time/time.c.obj
                0x10000cfc                sleep_until
 .text.sleep_us
                0x10000df8       0x58 CMakeFiles/Teclado.dir/E_/Users/dario/Documents/Pico/pico-sdk/src/common/pico_time/time.c.obj
                0x10000df8                sleep_us
 .text.sleep_ms
                0x10000e50       0x14 CMakeFiles/Teclado.dir/E_/Users/dario/Documents/Pico/pico-sdk/src/common/pico_time/time.c.obj
                0x10000e50                sleep_ms
 .text.hardware_alarm_irq_handler
                0x10000e64       0x8c CMakeFiles/Teclado.dir/E_/Users/dario/Documents/Pico/pico-sdk/src/rp2_common/hardware_timer/timer.c.obj
 .text.hardware_alarm_claim
                0x10000ef0       0x18 CMakeFiles/Teclado.dir/E_/Users/dario/Documents/Pico/pico-sdk/src/rp2_common/hardware_timer/timer.c.obj
                0x10000ef0                hardware_alarm_claim
 .text.time_us_64
                0x10000f08       0x18 CMakeFiles/Teclado.dir/E_/Users/dario/Documents/Pico/pico-sdk/src/rp2_common/hardware_timer/timer.c.obj
                0x10000f08                time_us_64
 .text.busy_wait_until
                0x10000f20       0x28 CMakeFiles/Teclado.dir/E_/Users/dario/Documents/Pico/pico-sdk/src/rp2_common/hardware_timer/timer.c.obj
                0x10000f20                busy_wait_until
 .text.hardware_alarm_set_callback
                0x10000f48       0x90 CMakeFiles/Teclado.dir/E_/Users/dario/Documents/Pico/pico-sdk/src/rp2_common/hardware_timer/timer.c.obj
                0x10000f48                hardware_alarm_set_callback
 .text.hardware_alarm_set_target
                0x10000fd8       0xe8 CMakeFiles/Teclado.dir/E_/Users/dario/Documents/Pico/pico-sdk/src/rp2_common/hardware_timer/timer.c.obj
                0x10000fd8                hardware_alarm_set_target
 .text.hardware_alarm_cancel
                0x100010c0       0x40 CMakeFiles/Teclado.dir/E_/Users/dario/Documents/Pico/pico-sdk/src/rp2_common/hardware_timer/timer.c.obj
                0x100010c0                hardware_alarm_cancel
 .text.lock_init
                0x10001100       0x10 CMakeFiles/Teclado.dir/E_/Users/dario/Documents/Pico/pico-sdk/src/common/pico_sync/lock_core.c.obj
                0x10001100                lock_init
 .text.mutex_init
                0x10001110       0x1a CMakeFiles/Teclado.dir/E_/Users/dario/Documents/Pico/pico-sdk/src/common/pico_sync/mutex.c.obj
                0x10001110                mutex_init
 .text.recursive_mutex_init
                0x1000112a       0x1e CMakeFiles/Teclado.dir/E_/Users/dario/Documents/Pico/pico-sdk/src/common/pico_sync/mutex.c.obj
                0x1000112a                recursive_mutex_init
 .text.ph_add_child_node
                0x10001148       0xa4 CMakeFiles/Teclado.dir/E_/Users/dario/Documents/Pico/pico-sdk/src/common/pico_util/pheap.c.obj
 .text.ph_merge_nodes
                0x100011ec       0x3e CMakeFiles/Teclado.dir/E_/Users/dario/Documents/Pico/pico-sdk/src/common/pico_util/pheap.c.obj
 *fill*         0x1000122a        0x2 
 .text.ph_clear
                0x1000122c       0x70 CMakeFiles/Teclado.dir/E_/Users/dario/Documents/Pico/pico-sdk/src/common/pico_util/pheap.c.obj
                0x1000122c                ph_clear
 .text.ph_post_alloc_init
                0x1000129c        0xe CMakeFiles/Teclado.dir/E_/Users/dario/Documents/Pico/pico-sdk/src/common/pico_util/pheap.c.obj
                0x1000129c                ph_post_alloc_init
 *fill*         0x100012aa        0x2 
 .text.ph_merge_two_pass
                0x100012ac       0xa8 CMakeFiles/Teclado.dir/E_/Users/dario/Documents/Pico/pico-sdk/src/common/pico_util/pheap.c.obj
                0x100012ac                ph_merge_two_pass
 .text.ph_remove_any_head
                0x10001354      0x108 CMakeFiles/Teclado.dir/E_/Users/dario/Documents/Pico/pico-sdk/src/common/pico_util/pheap.c.obj
 .text.ph_remove_head
                0x1000145c       0x14 CMakeFiles/Teclado.dir/E_/Users/dario/Documents/Pico/pico-sdk/src/common/pico_util/pheap.c.obj
                0x1000145c                ph_remove_head
 .text.ph_remove_and_free_node
                0x10001470       0xf8 CMakeFiles/Teclado.dir/E_/Users/dario/Documents/Pico/pico-sdk/src/common/pico_util/pheap.c.obj
                0x10001470                ph_remove_and_free_node
 .text._exit    0x10001568        0x4 CMakeFiles/Teclado.dir/E_/Users/dario/Documents/Pico/pico-sdk/src/rp2_common/pico_runtime/runtime.c.obj
                0x10001568                _exit
 .text.exit     0x1000156c        0x6 CMakeFiles/Teclado.dir/E_/Users/dario/Documents/Pico/pico-sdk/src/rp2_common/pico_runtime/runtime.c.obj
                0x1000156c                exit
 *fill*         0x10001572        0x2 
 .text.__assert_func
                0x10001574       0x3c CMakeFiles/Teclado.dir/E_/Users/dario/Documents/Pico/pico-sdk/src/rp2_common/pico_runtime/runtime.c.obj
                0x10001574                __assert_func
 .text.runtime_init
                0x100015b0       0xf8 CMakeFiles/Teclado.dir/E_/Users/dario/Documents/Pico/pico-sdk/src/rp2_common/pico_runtime/runtime.c.obj
                0x100015b0                runtime_init
 .text.panic    0x100016a8       0x30 CMakeFiles/Teclado.dir/E_/Users/dario/Documents/Pico/pico-sdk/src/rp2_common/pico_runtime/runtime.c.obj
                0x100016a8                panic
 .text.clock_configure
                0x100016d8      0x104 CMakeFiles/Teclado.dir/E_/Users/dario/Documents/Pico/pico-sdk/src/rp2_common/hardware_clocks/clocks.c.obj
                0x100016d8                clock_configure
 .text.clocks_init
                0x100017dc      0x100 CMakeFiles/Teclado.dir/E_/Users/dario/Documents/Pico/pico-sdk/src/rp2_common/hardware_clocks/clocks.c.obj
                0x100017dc                clocks_init
 .text.set_raw_irq_handler_and_unlock
                0x100018dc       0x28 CMakeFiles/Teclado.dir/E_/Users/dario/Documents/Pico/pico-sdk/src/rp2_common/hardware_irq/irq.c.obj
 .text.make_branch
                0x10001904       0x34 CMakeFiles/Teclado.dir/E_/Users/dario/Documents/Pico/pico-sdk/src/rp2_common/hardware_irq/irq.c.obj
 .text.insert_branch_and_link
                0x10001938       0x40 CMakeFiles/Teclado.dir/E_/Users/dario/Documents/Pico/pico-sdk/src/rp2_common/hardware_irq/irq.c.obj
 .text.irq_is_enabled
                0x10001978       0x18 CMakeFiles/Teclado.dir/E_/Users/dario/Documents/Pico/pico-sdk/src/rp2_common/hardware_irq/irq.c.obj
                0x10001978                irq_is_enabled
 .text.irq_set_mask_enabled
                0x10001990       0x20 CMakeFiles/Teclado.dir/E_/Users/dario/Documents/Pico/pico-sdk/src/rp2_common/hardware_irq/irq.c.obj
                0x10001990                irq_set_mask_enabled
 .text.irq_set_enabled
                0x100019b0        0xe CMakeFiles/Teclado.dir/E_/Users/dario/Documents/Pico/pico-sdk/src/rp2_common/hardware_irq/irq.c.obj
                0x100019b0                irq_set_enabled
 *fill*         0x100019be        0x2 
 .text.irq_get_vtable_handler
                0x100019c0       0x10 CMakeFiles/Teclado.dir/E_/Users/dario/Documents/Pico/pico-sdk/src/rp2_common/hardware_irq/irq.c.obj
                0x100019c0                irq_get_vtable_handler
 .text.irq_set_exclusive_handler
                0x100019d0       0x54 CMakeFiles/Teclado.dir/E_/Users/dario/Documents/Pico/pico-sdk/src/rp2_common/hardware_irq/irq.c.obj
                0x100019d0                irq_set_exclusive_handler
 .text.irq_remove_handler
                0x10001a24      0x1ac CMakeFiles/Teclado.dir/E_/Users/dario/Documents/Pico/pico-sdk/src/rp2_common/hardware_irq/irq.c.obj
                0x10001a24                irq_remove_handler
 .text.irq_add_tail_to_free_list
                0x10001bd0       0xf0 CMakeFiles/Teclado.dir/E_/Users/dario/Documents/Pico/pico-sdk/src/rp2_common/hardware_irq/irq.c.obj
                0x10001bd0                irq_add_tail_to_free_list
 .text.irq_init_priorities
                0x10001cc0       0x1c CMakeFiles/Teclado.dir/E_/Users/dario/Documents/Pico/pico-sdk/src/rp2_common/hardware_irq/irq.c.obj
                0x10001cc0                irq_init_priorities
 .text.pll_init
                0x10001cdc      0x118 CMakeFiles/Teclado.dir/E_/Users/dario/Documents/Pico/pico-sdk/src/rp2_common/hardware_pll/pll.c.obj
                0x10001cdc                pll_init
 .text.watchdog_start_tick
                0x10001df4       0x10 CMakeFiles/Teclado.dir/E_/Users/dario/Documents/Pico/pico-sdk/src/rp2_common/hardware_watchdog/watchdog.c.obj
                0x10001df4                watchdog_start_tick
 .text.xosc_init
                0x10001e04       0x28 CMakeFiles/Teclado.dir/E_/Users/dario/Documents/Pico/pico-sdk/src/rp2_common/hardware_xosc/xosc.c.obj
                0x10001e04                xosc_init
 .text._out_null
                0x10001e2c        0x2 CMakeFiles/Teclado.dir/E_/Users/dario/Documents/Pico/pico-sdk/src/rp2_common/pico_printf/printf.c.obj
 .text._out_fct
                0x10001e2e        0xe CMakeFiles/Teclado.dir/E_/Users/dario/Documents/Pico/pico-sdk/src/rp2_common/pico_printf/printf.c.obj
 .text._atoi    0x10001e3c       0x24 CMakeFiles/Teclado.dir/E_/Users/dario/Documents/Pico/pico-sdk/src/rp2_common/pico_printf/printf.c.obj
 .text._out_rev
                0x10001e60       0xae CMakeFiles/Teclado.dir/E_/Users/dario/Documents/Pico/pico-sdk/src/rp2_common/pico_printf/printf.c.obj
 .text._ntoa_format
                0x10001f0e      0x112 CMakeFiles/Teclado.dir/E_/Users/dario/Documents/Pico/pico-sdk/src/rp2_common/pico_printf/printf.c.obj
 .text._ntoa_long
                0x10002020       0xbc CMakeFiles/Teclado.dir/E_/Users/dario/Documents/Pico/pico-sdk/src/rp2_common/pico_printf/printf.c.obj
 .text._ntoa_long_long
                0x100020dc       0xe2 CMakeFiles/Teclado.dir/E_/Users/dario/Documents/Pico/pico-sdk/src/rp2_common/pico_printf/printf.c.obj
 *fill*         0x100021be        0x2 
 .text._etoa    0x100021c0      0x414 CMakeFiles/Teclado.dir/E_/Users/dario/Documents/Pico/pico-sdk/src/rp2_common/pico_printf/printf.c.obj
 .text._ftoa    0x100025d4      0x354 CMakeFiles/Teclado.dir/E_/Users/dario/Documents/Pico/pico-sdk/src/rp2_common/pico_printf/printf.c.obj
 .text._vsnprintf
                0x10002928      0x624 CMakeFiles/Teclado.dir/E_/Users/dario/Documents/Pico/pico-sdk/src/rp2_common/pico_printf/printf.c.obj
 .text.vfctprintf
                0x10002f4c       0x20 CMakeFiles/Teclado.dir/E_/Users/dario/Documents/Pico/pico-sdk/src/rp2_common/pico_printf/printf.c.obj
                0x10002f4c                vfctprintf
 .text          0x10002f6c       0x10 CMakeFiles/Teclado.dir/E_/Users/dario/Documents/Pico/pico-sdk/src/rp2_common/pico_bit_ops/bit_ops_aeabi.S.obj
 .text.rom_func_lookup
                0x10002f7c       0x10 CMakeFiles/Teclado.dir/E_/Users/dario/Documents/Pico/pico-sdk/src/rp2_common/pico_bootrom/bootrom.c.obj
                0x10002f7c                rom_func_lookup
 .text.rom_data_lookup
                0x10002f8c       0x10 CMakeFiles/Teclado.dir/E_/Users/dario/Documents/Pico/pico-sdk/src/rp2_common/pico_bootrom/bootrom.c.obj
                0x10002f8c                rom_data_lookup
 .text.rom_funcs_lookup
                0x10002f9c       0x36 CMakeFiles/Teclado.dir/E_/Users/dario/Documents/Pico/pico-sdk/src/rp2_common/pico_bootrom/bootrom.c.obj
                0x10002f9c                rom_funcs_lookup
 *fill*         0x10002fd2        0x2 
 .text.__wrap___aeabi_idiv
                0x10002fd4       0x50 CMakeFiles/Teclado.dir/E_/Users/dario/Documents/Pico/pico-sdk/src/rp2_common/pico_divider/divider.S.obj
                0x10002fd4                __wrap___aeabi_idivmod
                0x10002fd4                divmod_s32s32
                0x10002fd4                div_s32s32
                0x10002fd4                __wrap___aeabi_idiv
                0x10002fdc                divmod_s32s32_unsafe
                0x10003008                divmod_s32s32_savestate
 .text.__wrap___aeabi_uidiv
                0x10003024       0x4c CMakeFiles/Teclado.dir/E_/Users/dario/Documents/Pico/pico-sdk/src/rp2_common/pico_divider/divider.S.obj
                0x10003024                __wrap___aeabi_uidiv
                0x10003024                __wrap___aeabi_uidivmod
                0x10003024                div_u32u32
                0x10003024                divmod_u32u32
                0x1000302c                divmod_u32u32_unsafe
                0x10003054                divmod_u32u32_savestate
 .text.__wrap___aeabi_ldiv
                0x10003070      0x434 CMakeFiles/Teclado.dir/E_/Users/dario/Documents/Pico/pico-sdk/src/rp2_common/pico_divider/divider.S.obj
                0x10003070                div_s64s64
                0x10003070                divmod_s64s64
                0x10003070                __wrap___aeabi_ldivmod
                0x100030a8                divmod_u64u64
                0x100030a8                div_u64u64
                0x100030a8                __wrap___aeabi_uldivmod
                0x100030b8                divmod_u64u64_savestate
                0x100030e0                divmod_s64s64_unsafe
                0x10003168                divmod_u64u64_unsafe
 .text.__wrap___aeabi_darithmetic
                0x100034a4       0x80 CMakeFiles/Teclado.dir/E_/Users/dario/Documents/Pico/pico-sdk/src/rp2_common/pico_double/double_aeabi.S.obj
                0x100034a4                __wrap___aeabi_drsub
                0x100034aa                __wrap___aeabi_dsub
                0x100034bc                __wrap___aeabi_dadd
                0x100034ce                __wrap___aeabi_ddiv
                0x1000350a                __wrap___aeabi_dmul
 .text.__wrap___aeabi_cdcmple
                0x10003524       0x6c CMakeFiles/Teclado.dir/E_/Users/dario/Documents/Pico/pico-sdk/src/rp2_common/pico_double/double_aeabi.S.obj
                0x10003524                __wrap___aeabi_cdrcmple
                0x10003534                __wrap___aeabi_cdcmpeq
                0x10003534                __wrap___aeabi_cdcmple
 .text.__wrap___aeabi_dcmplt
                0x10003590        0xc CMakeFiles/Teclado.dir/E_/Users/dario/Documents/Pico/pico-sdk/src/rp2_common/pico_double/double_aeabi.S.obj
                0x10003590                __wrap___aeabi_dcmplt
 .text.__wrap___aeabi_dcmple
                0x1000359c       0x10 CMakeFiles/Teclado.dir/E_/Users/dario/Documents/Pico/pico-sdk/src/rp2_common/pico_double/double_aeabi.S.obj
                0x1000359c                __wrap___aeabi_dcmple
 .text.__wrap___aeabi_dcmpge
                0x100035ac       0x10 CMakeFiles/Teclado.dir/E_/Users/dario/Documents/Pico/pico-sdk/src/rp2_common/pico_double/double_aeabi.S.obj
                0x100035ac                __wrap___aeabi_dcmpge
 .text.__wrap___aeabi_dcmpgt
                0x100035bc        0xa CMakeFiles/Teclado.dir/E_/Users/dario/Documents/Pico/pico-sdk/src/rp2_common/pico_double/double_aeabi.S.obj
                0x100035bc                __wrap___aeabi_dcmpgt
 .text.__wrap___aeabi_dcmpun
                0x100035c6       0x1c CMakeFiles/Teclado.dir/E_/Users/dario/Documents/Pico/pico-sdk/src/rp2_common/pico_double/double_aeabi.S.obj
                0x100035c6                __wrap___aeabi_dcmpun
 *fill*         0x100035e2        0x2 
 .text.__wrap___aeabi_i2d
                0x100035e4       0x38 CMakeFiles/Teclado.dir/E_/Users/dario/Documents/Pico/pico-sdk/src/rp2_common/pico_double/double_aeabi.S.obj
                0x100035e4                __wrap___aeabi_ui2d
                0x100035ec                __wrap___aeabi_i2d
 .text.__wrap___aeabi_d2iz
                0x1000361c       0x48 CMakeFiles/Teclado.dir/E_/Users/dario/Documents/Pico/pico-sdk/src/rp2_common/pico_double/double_aeabi.S.obj
                0x1000361c                double2int_z
                0x1000361c                __wrap___aeabi_d2iz
 .text.__wrap___aeabi_d2uiz
                0x10003664       0x18 CMakeFiles/Teclado.dir/E_/Users/dario/Documents/Pico/pico-sdk/src/rp2_common/pico_double/double_aeabi.S.obj
                0x10003664                __wrap___aeabi_d2uiz
                0x10003664                double2uint
 .text.__aeabi_double_init
                0x1000367c       0xc8 CMakeFiles/Teclado.dir/E_/Users/dario/Documents/Pico/pico-sdk/src/rp2_common/pico_double/double_init_rom.c.obj
                0x1000367c                __aeabi_double_init
 .text.double_table_shim_on_use_helper
                0x10003744       0x34 CMakeFiles/Teclado.dir/E_/Users/dario/Documents/Pico/pico-sdk/src/rp2_common/pico_double/double_v1_rom_shim.S.obj
                0x10003744                double_table_shim_on_use_helper
 .text.__wrap___aeabi_dsub
                0x10003778       0x10 CMakeFiles/Teclado.dir/E_/Users/dario/Documents/Pico/pico-sdk/src/rp2_common/pico_double/double_v1_rom_shim.S.obj
                0x10003778                drsub_shim
                0x1000377e                dsub_shim
 .text.dadd_shim
                0x10003788      0x15c CMakeFiles/Teclado.dir/E_/Users/dario/Documents/Pico/pico-sdk/src/rp2_common/pico_double/double_v1_rom_shim.S.obj
                0x10003788                dadd_shim
 .text.dmul_shim
                0x100038e4      0x15c CMakeFiles/Teclado.dir/E_/Users/dario/Documents/Pico/pico-sdk/src/rp2_common/pico_double/double_v1_rom_shim.S.obj
                0x100038e4                dmul_shim
 .text.ddiv_shim
                0x10003a40      0x1b0 CMakeFiles/Teclado.dir/E_/Users/dario/Documents/Pico/pico-sdk/src/rp2_common/pico_double/double_v1_rom_shim.S.obj
                0x10003a40                ddiv_shim
 .text.double2uint_shim
                0x10003bf0        0xe CMakeFiles/Teclado.dir/E_/Users/dario/Documents/Pico/pico-sdk/src/rp2_common/pico_double/double_v1_rom_shim.S.obj
                0x10003bf0                double2uint_shim
                0x10003bf2                double2ufix_shim
 *fill*         0x10003bfe        0x2 
 .text.double2uint64_shim
                0x10003c00       0x70 CMakeFiles/Teclado.dir/E_/Users/dario/Documents/Pico/pico-sdk/src/rp2_common/pico_double/double_v1_rom_shim.S.obj
                0x10003c00                double2uint64_shim
                0x10003c02                double2ufix64_shim
                0x10003c22                d2fix_a
 .text.dunpacks
                0x10003c70       0x3c CMakeFiles/Teclado.dir/E_/Users/dario/Documents/Pico/pico-sdk/src/rp2_common/pico_double/double_v1_rom_shim.S.obj
                0x10003c70                dunpacks
 .text.__aeabi_lmul
                0x10003cac       0x32 CMakeFiles/Teclado.dir/E_/Users/dario/Documents/Pico/pico-sdk/src/rp2_common/pico_int64_ops/pico_int64_ops_aeabi.S.obj
                0x10003cac                __wrap___aeabi_lmul
 *fill*         0x10003cde        0x2 
 .text.__aeabi_float_init
                0x10003ce0       0xfc CMakeFiles/Teclado.dir/E_/Users/dario/Documents/Pico/pico-sdk/src/rp2_common/pico_float/float_init_rom.c.obj
                0x10003ce0                __aeabi_float_init
 .text.float_table_shim_on_use_helper
                0x10003ddc       0x34 CMakeFiles/Teclado.dir/E_/Users/dario/Documents/Pico/pico-sdk/src/rp2_common/pico_float/float_v1_rom_shim.S.obj
                0x10003ddc                float_table_shim_on_use_helper
 .text          0x10003e10       0x10 CMakeFiles/Teclado.dir/E_/Users/dario/Documents/Pico/pico-sdk/src/rp2_common/pico_mem_ops/mem_ops_aeabi.S.obj
                0x10003e10                __aeabi_mem_init
 .text.memset   0x10003e20        0xc CMakeFiles/Teclado.dir/E_/Users/dario/Documents/Pico/pico-sdk/src/rp2_common/pico_mem_ops/mem_ops_aeabi.S.obj
                0x10003e20                __wrap_memset
 .text.memcpy   0x10003e2c        0xc CMakeFiles/Teclado.dir/E_/Users/dario/Documents/Pico/pico-sdk/src/rp2_common/pico_mem_ops/mem_ops_aeabi.S.obj
                0x10003e2c                __wrap_memcpy
                0x10003e2c                __wrap___aeabi_memcpy
 .text.stdio_out_chars_no_crlf
                0x10003e38        0xe CMakeFiles/Teclado.dir/E_/Users/dario/Documents/Pico/pico-sdk/src/rp2_common/pico_stdio/stdio.c.obj
 *fill*         0x10003e46        0x2 
 .text.stdio_out_chars_crlf
                0x10003e48       0x80 CMakeFiles/Teclado.dir/E_/Users/dario/Documents/Pico/pico-sdk/src/rp2_common/pico_stdio/stdio.c.obj
 .text.stdio_stack_buffer_flush
                0x10003ec8       0x44 CMakeFiles/Teclado.dir/E_/Users/dario/Documents/Pico/pico-sdk/src/rp2_common/pico_stdio/stdio.c.obj
 .text.stdio_buffered_printer
                0x10003f0c       0x20 CMakeFiles/Teclado.dir/E_/Users/dario/Documents/Pico/pico-sdk/src/rp2_common/pico_stdio/stdio.c.obj
 .text.stdout_serialize_begin
                0x10003f2c       0x30 CMakeFiles/Teclado.dir/E_/Users/dario/Documents/Pico/pico-sdk/src/rp2_common/pico_stdio/stdio.c.obj
                0x10003f2c                stdout_serialize_begin
 .text.stdout_serialize_end
                0x10003f5c       0x10 CMakeFiles/Teclado.dir/E_/Users/dario/Documents/Pico/pico-sdk/src/rp2_common/pico_stdio/stdio.c.obj
                0x10003f5c                stdout_serialize_end
 .text.stdio_put_string
                0x10003f6c       0x98 CMakeFiles/Teclado.dir/E_/Users/dario/Documents/Pico/pico-sdk/src/rp2_common/pico_stdio/stdio.c.obj
 .text.stdio_flush
                0x10004004       0x20 CMakeFiles/Teclado.dir/E_/Users/dario/Documents/Pico/pico-sdk/src/rp2_common/pico_stdio/stdio.c.obj
                0x10004004                stdio_flush
 .text.__wrap_puts
                0x10004024       0x1e CMakeFiles/Teclado.dir/E_/Users/dario/Documents/Pico/pico-sdk/src/rp2_common/pico_stdio/stdio.c.obj
                0x10004024                __wrap_puts
 *fill*         0x10004042        0x2 
 .text.__wrap_vprintf
                0x10004044       0x44 CMakeFiles/Teclado.dir/E_/Users/dario/Documents/Pico/pico-sdk/src/rp2_common/pico_stdio/stdio.c.obj
                0x10004044                __wrap_vprintf
 .text.__wrap_printf
                0x10004088       0x18 CMakeFiles/Teclado.dir/E_/Users/dario/Documents/Pico/pico-sdk/src/rp2_common/pico_stdio/stdio.c.obj
                0x10004088                __wrap_printf
 .text.abort    0x100040a0       0x10 c:/progra~2/gnuarm~1/102021~1.10/bin/../lib/gcc/arm-none-eabi/10.3.1/../../../../arm-none-eabi/lib/thumb/v6-m/nofp\libg.a(lib_a-abort.o)
                0x100040a0                abort
 .text.raise    0x100040b0       0x60 c:/progra~2/gnuarm~1/102021~1.10/bin/../lib/gcc/arm-none-eabi/10.3.1/../../../../arm-none-eabi/lib/thumb/v6-m/nofp\libg.a(lib_a-signal.o)
                0x100040b0                raise
 .text._kill_r  0x10004110       0x28 c:/progra~2/gnuarm~1/102021~1.10/bin/../lib/gcc/arm-none-eabi/10.3.1/../../../../arm-none-eabi/lib/thumb/v6-m/nofp\libg.a(lib_a-signalr.o)
                0x10004110                _kill_r
 .text._getpid_r
                0x10004138        0x8 c:/progra~2/gnuarm~1/102021~1.10/bin/../lib/gcc/arm-none-eabi/10.3.1/../../../../arm-none-eabi/lib/thumb/v6-m/nofp\libg.a(lib_a-signalr.o)
                0x10004138                _getpid_r
 .text.strlen   0x10004140       0x5c c:/progra~2/gnuarm~1/102021~1.10/bin/../lib/gcc/arm-none-eabi/10.3.1/../../../../arm-none-eabi/lib/thumb/v6-m/nofp\libg.a(lib_a-strlen-stub.o)
                0x10004140                strlen
 .text._getpid  0x1000419c       0x10 c:/progra~2/gnuarm~1/102021~1.10/bin/../lib/gcc/arm-none-eabi/10.3.1/../../../../arm-none-eabi/lib/thumb/v6-m/nofp\libnosys.a(getpid.o)
                0x1000419c                _getpid
 .text._kill    0x100041ac       0x10 c:/progra~2/gnuarm~1/102021~1.10/bin/../lib/gcc/arm-none-eabi/10.3.1/../../../../arm-none-eabi/lib/thumb/v6-m/nofp\libnosys.a(kill.o)
                0x100041ac                _kill
 *(.fini)
 .fini          0x100041bc        0x4 c:/progra~2/gnuarm~1/102021~1.10/bin/../lib/gcc/arm-none-eabi/10.3.1/thumb/v6-m/nofp/crti.o
                0x100041bc                _fini
 .fini.__stub   0x100041c0       0x50 linker stubs
 *crtbegin.o(.ctors)
 *crtbegin?.o(.ctors)
 *(EXCLUDE_FILE(*crtend.o *crtend?.o) .ctors)
 *(SORT_BY_NAME(.ctors.*))
 *(.ctors)
 *crtbegin.o(.dtors)
 *crtbegin?.o(.dtors)
 *(EXCLUDE_FILE(*crtend.o *crtend?.o) .dtors)
 *(SORT_BY_NAME(.dtors.*))
 *(.dtors)
 *(.eh_frame*)
 .eh_frame      0x10004210        0x0 c:/progra~2/gnuarm~1/102021~1.10/bin/../lib/gcc/arm-none-eabi/10.3.1/thumb/v6-m/nofp/crtbegin.o
                0x10004210                . = ALIGN (0x4)

.glue_7         0x10004210        0x0
 .glue_7        0x10004210        0x0 linker stubs

.glue_7t        0x10004210        0x0
 .glue_7t       0x10004210        0x0 linker stubs

.vfp11_veneer   0x10004210        0x0
 .vfp11_veneer  0x10004210        0x0 linker stubs

.v4_bx          0x10004210        0x0
 .v4_bx         0x10004210        0x0 linker stubs

.iplt           0x10004210        0x0
 .iplt          0x10004210        0x0 c:/progra~2/gnuarm~1/102021~1.10/bin/../lib/gcc/arm-none-eabi/10.3.1/thumb/v6-m/nofp/crtbegin.o

.rodata         0x10004210      0xeb8
 *(EXCLUDE_FILE(*libm.a: *libc.a:*lib_a-mem*.o *libgcc.a:) .rodata*)
 .rodata        0x10004210       0x24 CMakeFiles/Teclado.dir/Teclado.cpp.obj
 .rodata.repeating_timer_callback.str1.4
                0x10004234       0x57 CMakeFiles/Teclado.dir/E_/Users/dario/Documents/Pico/pico-sdk/src/common/pico_time/time.c.obj
 *fill*         0x1000428b        0x1 
 .rodata.alarm_pool_dump_key.str1.4
                0x1000428c       0x33 CMakeFiles/Teclado.dir/E_/Users/dario/Documents/Pico/pico-sdk/src/common/pico_time/time.c.obj
 *fill*         0x100042bf        0x1 
 .rodata.ph_add_child_node.str1.4
                0x100042c0       0xa2 CMakeFiles/Teclado.dir/E_/Users/dario/Documents/Pico/pico-sdk/src/common/pico_time/time.c.obj
 *fill*         0x10004362        0x2 
 .rodata.add_alarm_under_lock.str1.4
                0x10004364       0x28 CMakeFiles/Teclado.dir/E_/Users/dario/Documents/Pico/pico-sdk/src/common/pico_time/time.c.obj
                                 0x2b (size before relaxing)
 .rodata.alarm_pool_alarm_callback.str1.4
                0x1000438c       0xf2 CMakeFiles/Teclado.dir/E_/Users/dario/Documents/Pico/pico-sdk/src/common/pico_time/time.c.obj
 *fill*         0x1000447e        0x2 
 .rodata.alarm_pool_get_default.str1.4
                0x10004480       0x21 CMakeFiles/Teclado.dir/E_/Users/dario/Documents/Pico/pico-sdk/src/common/pico_time/time.c.obj
 *fill*         0x100044a1        0x3 
 .rodata.sleep_until.str1.4
                0x100044a4       0x4d CMakeFiles/Teclado.dir/E_/Users/dario/Documents/Pico/pico-sdk/src/common/pico_time/time.c.obj
 *fill*         0x100044f1        0x3 
 .rodata.__func__.10
                0x100044f4       0x15 CMakeFiles/Teclado.dir/E_/Users/dario/Documents/Pico/pico-sdk/src/common/pico_time/time.c.obj
 *fill*         0x10004509        0x3 
 .rodata.__func__.11
                0x1000450c       0x1a CMakeFiles/Teclado.dir/E_/Users/dario/Documents/Pico/pico-sdk/src/common/pico_time/time.c.obj
 *fill*         0x10004526        0x2 
 .rodata.__func__.12
                0x10004528        0xa CMakeFiles/Teclado.dir/E_/Users/dario/Documents/Pico/pico-sdk/src/common/pico_time/time.c.obj
 *fill*         0x10004532        0x2 
 .rodata.__func__.3
                0x10004534       0x17 CMakeFiles/Teclado.dir/E_/Users/dario/Documents/Pico/pico-sdk/src/common/pico_time/time.c.obj
 *fill*         0x1000454b        0x1 
 .rodata.__func__.4
                0x1000454c       0x12 CMakeFiles/Teclado.dir/E_/Users/dario/Documents/Pico/pico-sdk/src/common/pico_time/time.c.obj
 *fill*         0x1000455e        0x2 
 .rodata.__func__.5
                0x10004560        0xd CMakeFiles/Teclado.dir/E_/Users/dario/Documents/Pico/pico-sdk/src/common/pico_time/time.c.obj
 *fill*         0x1000456d        0x3 
 .rodata.__func__.6
                0x10004570       0x12 CMakeFiles/Teclado.dir/E_/Users/dario/Documents/Pico/pico-sdk/src/common/pico_time/time.c.obj
 *fill*         0x10004582        0x2 
 .rodata.__func__.7
                0x10004584        0xf CMakeFiles/Teclado.dir/E_/Users/dario/Documents/Pico/pico-sdk/src/common/pico_time/time.c.obj
 *fill*         0x10004593        0x1 
 .rodata.__func__.8
                0x10004594        0xc CMakeFiles/Teclado.dir/E_/Users/dario/Documents/Pico/pico-sdk/src/common/pico_time/time.c.obj
 .rodata.__func__.9
                0x100045a0       0x15 CMakeFiles/Teclado.dir/E_/Users/dario/Documents/Pico/pico-sdk/src/common/pico_time/time.c.obj
 *fill*         0x100045b5        0x3 
 .rodata.hardware_alarm_claim.str1.4
                0x100045b8       0x22 CMakeFiles/Teclado.dir/E_/Users/dario/Documents/Pico/pico-sdk/src/rp2_common/hardware_timer/timer.c.obj
 *fill*         0x100045da        0x2 
 .rodata.hardware_alarm_set_target.str1.4
                0x100045dc       0x71 CMakeFiles/Teclado.dir/E_/Users/dario/Documents/Pico/pico-sdk/src/rp2_common/hardware_timer/timer.c.obj
 *fill*         0x1000464d        0x3 
 .rodata.__func__.0
                0x10004650       0x1a CMakeFiles/Teclado.dir/E_/Users/dario/Documents/Pico/pico-sdk/src/rp2_common/hardware_timer/timer.c.obj
 *fill*         0x1000466a        0x2 
 .rodata.str1.4
                0x1000466c       0x95 CMakeFiles/Teclado.dir/E_/Users/dario/Documents/Pico/pico-sdk/src/common/pico_sync/mutex.c.obj
                                0x105 (size before relaxing)
 *fill*         0x10004701        0x3 
 .rodata.__func__.1
                0x10004704        0xb CMakeFiles/Teclado.dir/E_/Users/dario/Documents/Pico/pico-sdk/src/common/pico_sync/mutex.c.obj
 .rodata.ph_add_child_node.str1.4
                0x1000470f       0xa2 CMakeFiles/Teclado.dir/E_/Users/dario/Documents/Pico/pico-sdk/src/common/pico_util/pheap.c.obj
 *fill*         0x1000470f        0x1 
 .rodata.ph_remove_any_head.str1.4
                0x10004710       0x98 CMakeFiles/Teclado.dir/E_/Users/dario/Documents/Pico/pico-sdk/src/common/pico_util/pheap.c.obj
 .rodata.ph_remove_and_free_node.str1.4
                0x100047a8       0x26 CMakeFiles/Teclado.dir/E_/Users/dario/Documents/Pico/pico-sdk/src/common/pico_util/pheap.c.obj
 *fill*         0x100047ce        0x2 
 .rodata.__func__.0
                0x100047d0       0x18 CMakeFiles/Teclado.dir/E_/Users/dario/Documents/Pico/pico-sdk/src/common/pico_util/pheap.c.obj
 .rodata.__func__.1
                0x100047e8       0x13 CMakeFiles/Teclado.dir/E_/Users/dario/Documents/Pico/pico-sdk/src/common/pico_util/pheap.c.obj
 *fill*         0x100047fb        0x1 
 .rodata.__func__.2
                0x100047fc       0x12 CMakeFiles/Teclado.dir/E_/Users/dario/Documents/Pico/pico-sdk/src/common/pico_util/pheap.c.obj
 *fill*         0x1000480e        0x2 
 .rodata.__func__.3
                0x10004810        0xc CMakeFiles/Teclado.dir/E_/Users/dario/Documents/Pico/pico-sdk/src/common/pico_util/pheap.c.obj
 .rodata.__assert_func.str1.4
                0x1000481c       0x3f CMakeFiles/Teclado.dir/E_/Users/dario/Documents/Pico/pico-sdk/src/rp2_common/pico_runtime/runtime.c.obj
                                 0x43 (size before relaxing)
 *fill*         0x1000485b        0x1 
 .rodata.runtime_init.str1.4
                0x1000485c       0x6d CMakeFiles/Teclado.dir/E_/Users/dario/Documents/Pico/pico-sdk/src/rp2_common/pico_runtime/runtime.c.obj
 *fill*         0x100048c9        0x3 
 .rodata.panic.str1.4
                0x100048cc       0x12 CMakeFiles/Teclado.dir/E_/Users/dario/Documents/Pico/pico-sdk/src/rp2_common/pico_runtime/runtime.c.obj
 *fill*         0x100048de        0x2 
 .rodata.__func__.1
                0x100048e0        0xd CMakeFiles/Teclado.dir/E_/Users/dario/Documents/Pico/pico-sdk/src/rp2_common/pico_runtime/runtime.c.obj
 *fill*         0x100048ed        0x3 
 .rodata.clock_configure.str1.4
                0x100048f0       0x63 CMakeFiles/Teclado.dir/E_/Users/dario/Documents/Pico/pico-sdk/src/rp2_common/hardware_clocks/clocks.c.obj
 *fill*         0x10004953        0x1 
 .rodata.__func__.1
                0x10004954       0x10 CMakeFiles/Teclado.dir/E_/Users/dario/Documents/Pico/pico-sdk/src/rp2_common/hardware_clocks/clocks.c.obj
 .rodata.make_branch.str1.4
                0x10004964       0x59 CMakeFiles/Teclado.dir/E_/Users/dario/Documents/Pico/pico-sdk/src/rp2_common/hardware_irq/irq.c.obj
 *fill*         0x100049bd        0x3 
 .rodata.irq_set_exclusive_handler.str1.4
                0x100049c0       0x36 CMakeFiles/Teclado.dir/E_/Users/dario/Documents/Pico/pico-sdk/src/rp2_common/hardware_irq/irq.c.obj
 *fill*         0x100049f6        0x2 
 .rodata.irq_add_shared_handler.str1.4
                0x100049f8       0xd9 CMakeFiles/Teclado.dir/E_/Users/dario/Documents/Pico/pico-sdk/src/rp2_common/hardware_irq/irq.c.obj
 *fill*         0x10004ad1        0x3 
 .rodata.irq_remove_handler.str1.4
                0x10004ad4       0x2a CMakeFiles/Teclado.dir/E_/Users/dario/Documents/Pico/pico-sdk/src/rp2_common/hardware_irq/irq.c.obj
 *fill*         0x10004afe        0x2 
 .rodata.irq_add_tail_to_free_list.str1.4
                0x10004b00       0x32 CMakeFiles/Teclado.dir/E_/Users/dario/Documents/Pico/pico-sdk/src/rp2_common/hardware_irq/irq.c.obj
                                 0x3a (size before relaxing)
 *fill*         0x10004b32        0x2 
 .rodata.__func__.0
                0x10004b34       0x1a CMakeFiles/Teclado.dir/E_/Users/dario/Documents/Pico/pico-sdk/src/rp2_common/hardware_irq/irq.c.obj
 *fill*         0x10004b4e        0x2 
 .rodata.__func__.1
                0x10004b50       0x17 CMakeFiles/Teclado.dir/E_/Users/dario/Documents/Pico/pico-sdk/src/rp2_common/hardware_irq/irq.c.obj
 *fill*         0x10004b67        0x1 
 .rodata.__func__.2
                0x10004b68       0x13 CMakeFiles/Teclado.dir/E_/Users/dario/Documents/Pico/pico-sdk/src/rp2_common/hardware_irq/irq.c.obj
 *fill*         0x10004b7b        0x1 
 .rodata.__func__.3
                0x10004b7c        0xc CMakeFiles/Teclado.dir/E_/Users/dario/Documents/Pico/pico-sdk/src/rp2_common/hardware_irq/irq.c.obj
 .rodata.__func__.4
                0x10004b88        0xf CMakeFiles/Teclado.dir/E_/Users/dario/Documents/Pico/pico-sdk/src/rp2_common/hardware_irq/irq.c.obj
 *fill*         0x10004b97        0x1 
 .rodata.__func__.6
                0x10004b98       0x1a CMakeFiles/Teclado.dir/E_/Users/dario/Documents/Pico/pico-sdk/src/rp2_common/hardware_irq/irq.c.obj
 *fill*         0x10004bb2        0x2 
 .rodata.pll_init.str1.4
                0x10004bb4       0xe7 CMakeFiles/Teclado.dir/E_/Users/dario/Documents/Pico/pico-sdk/src/rp2_common/hardware_pll/pll.c.obj
 *fill*         0x10004c9b        0x1 
 .rodata.__func__.0
                0x10004c9c        0x9 CMakeFiles/Teclado.dir/E_/Users/dario/Documents/Pico/pico-sdk/src/rp2_common/hardware_pll/pll.c.obj
 *fill*         0x10004ca5        0x3 
 .rodata._ftoa.str1.4
                0x10004ca8       0x15 CMakeFiles/Teclado.dir/E_/Users/dario/Documents/Pico/pico-sdk/src/rp2_common/pico_printf/printf.c.obj
 *fill*         0x10004cbd        0x3 
 .rodata._vsnprintf
                0x10004cc0      0x1e0 CMakeFiles/Teclado.dir/E_/Users/dario/Documents/Pico/pico-sdk/src/rp2_common/pico_printf/printf.c.obj
 .rodata.pow10.0
                0x10004ea0       0x50 CMakeFiles/Teclado.dir/E_/Users/dario/Documents/Pico/pico-sdk/src/rp2_common/pico_printf/printf.c.obj
 .rodata.__aeabi_double_init.str1.4
                0x10004ef0       0xb4 CMakeFiles/Teclado.dir/E_/Users/dario/Documents/Pico/pico-sdk/src/rp2_common/pico_double/double_init_rom.c.obj
 .rodata.__func__.0
                0x10004fa4       0x14 CMakeFiles/Teclado.dir/E_/Users/dario/Documents/Pico/pico-sdk/src/rp2_common/pico_double/double_init_rom.c.obj
 .rodata.__aeabi_float_init.str1.4
                0x10004fb8       0x86 CMakeFiles/Teclado.dir/E_/Users/dario/Documents/Pico/pico-sdk/src/rp2_common/pico_float/float_init_rom.c.obj
                                 0x8a (size before relaxing)
 *fill*         0x1000503e        0x2 
 .rodata.__func__.0
                0x10005040       0x13 CMakeFiles/Teclado.dir/E_/Users/dario/Documents/Pico/pico-sdk/src/rp2_common/pico_float/float_init_rom.c.obj
 *fill*         0x10005053        0x1 
 .rodata.str1.4
                0x10005054       0x40 CMakeFiles/Teclado.dir/E_/Users/dario/Documents/Pico/pico-sdk/src/rp2_common/pico_standard_link/binary_info.c.obj
 .rodata.__bi_44
                0x10005094        0xc CMakeFiles/Teclado.dir/E_/Users/dario/Documents/Pico/pico-sdk/src/rp2_common/pico_standard_link/binary_info.c.obj
 .rodata.__bi_56
                0x100050a0        0xc CMakeFiles/Teclado.dir/E_/Users/dario/Documents/Pico/pico-sdk/src/rp2_common/pico_standard_link/binary_info.c.obj
 .rodata.__bi_75
                0x100050ac        0xc CMakeFiles/Teclado.dir/E_/Users/dario/Documents/Pico/pico-sdk/src/rp2_common/pico_standard_link/binary_info.c.obj
 .rodata.__bi_81
                0x100050b8        0xc CMakeFiles/Teclado.dir/E_/Users/dario/Documents/Pico/pico-sdk/src/rp2_common/pico_standard_link/binary_info.c.obj
 .rodata.crlf_str.3
                0x100050c4        0x2 CMakeFiles/Teclado.dir/E_/Users/dario/Documents/Pico/pico-sdk/src/rp2_common/pico_stdio/stdio.c.obj
                0x100050c8                . = ALIGN (0x4)
 *fill*         0x100050c6        0x2 
 *(SORT_BY_ALIGNMENT(SORT_BY_NAME(.flashdata*)))
                0x100050c8                . = ALIGN (0x4)

.ARM.extab      0x100050c8       0x30
 *(.ARM.extab* .gnu.linkonce.armextab.*)
 .ARM.extab     0x100050c8       0x24 c:/progra~2/gnuarm~1/102021~1.10/bin/../lib/gcc/arm-none-eabi/10.3.1/thumb/v6-m/nofp\libgcc.a(unwind-arm.o)
 .ARM.extab     0x100050ec        0xc c:/progra~2/gnuarm~1/102021~1.10/bin/../lib/gcc/arm-none-eabi/10.3.1/thumb/v6-m/nofp\libgcc.a(pr-support.o)
                0x100050f8                __exidx_start = .

.ARM.exidx      0x100050f8       0xd0
 *(.ARM.exidx* .gnu.linkonce.armexidx.*)
 .ARM.exidx.text.main
                0x100050f8       0x10 CMakeFiles/Teclado.dir/Teclado.cpp.obj
                                  0x8 (size before relaxing)
 .ARM.exidx     0x10005108       0x90 c:/progra~2/gnuarm~1/102021~1.10/bin/../lib/gcc/arm-none-eabi/10.3.1/thumb/v6-m/nofp\libgcc.a(unwind-arm.o)
                                 0xd8 (size before relaxing)
 .ARM.exidx     0x10005198       0x30 c:/progra~2/gnuarm~1/102021~1.10/bin/../lib/gcc/arm-none-eabi/10.3.1/thumb/v6-m/nofp\libgcc.a(pr-support.o)
                                 0x38 (size before relaxing)
                0x100051c8                __exidx_end = .

.rel.dyn        0x100051c8        0x0
 .rel.iplt      0x100051c8        0x0 c:/progra~2/gnuarm~1/102021~1.10/bin/../lib/gcc/arm-none-eabi/10.3.1/thumb/v6-m/nofp/crtbegin.o
                0x100051c8                . = ALIGN (0x4)
                0x100051c8                __binary_info_start = .

.binary_info    0x100051c8       0x20
 *(.binary_info.keep.*)
 .binary_info.keep.__bi_ptr22
                0x100051c8        0x4 CMakeFiles/Teclado.dir/E_/Users/dario/Documents/Pico/pico-sdk/src/rp2_common/pico_standard_link/binary_info.c.obj
 .binary_info.keep.__bi_ptr30
                0x100051cc        0x4 CMakeFiles/Teclado.dir/E_/Users/dario/Documents/Pico/pico-sdk/src/rp2_common/pico_standard_link/binary_info.c.obj
 .binary_info.keep.__bi_ptr38
                0x100051d0        0x4 CMakeFiles/Teclado.dir/E_/Users/dario/Documents/Pico/pico-sdk/src/rp2_common/pico_standard_link/binary_info.c.obj
 .binary_info.keep.__bi_ptr44
                0x100051d4        0x4 CMakeFiles/Teclado.dir/E_/Users/dario/Documents/Pico/pico-sdk/src/rp2_common/pico_standard_link/binary_info.c.obj
 .binary_info.keep.__bi_ptr50
                0x100051d8        0x4 CMakeFiles/Teclado.dir/E_/Users/dario/Documents/Pico/pico-sdk/src/rp2_common/pico_standard_link/binary_info.c.obj
 .binary_info.keep.__bi_ptr56
                0x100051dc        0x4 CMakeFiles/Teclado.dir/E_/Users/dario/Documents/Pico/pico-sdk/src/rp2_common/pico_standard_link/binary_info.c.obj
 .binary_info.keep.__bi_ptr75
                0x100051e0        0x4 CMakeFiles/Teclado.dir/E_/Users/dario/Documents/Pico/pico-sdk/src/rp2_common/pico_standard_link/binary_info.c.obj
 .binary_info.keep.__bi_ptr81
                0x100051e4        0x4 CMakeFiles/Teclado.dir/E_/Users/dario/Documents/Pico/pico-sdk/src/rp2_common/pico_standard_link/binary_info.c.obj
 *(.binary_info.*)
                0x100051e8                __binary_info_end = .
                0x100051e8                . = ALIGN (0x4)
                0x100051e8                __etext = .

.ram_vector_table
                0x20000000       0xc0
 *(.ram_vector_table)
 .ram_vector_table
                0x20000000       0xc0 CMakeFiles/Teclado.dir/E_/Users/dario/Documents/Pico/pico-sdk/src/rp2_common/pico_runtime/runtime.c.obj
                0x20000000                ram_vector_table

.data           0x200000c0     0x14fc load address 0x100051e8
                0x200000c0                __data_start__ = .
 *(vtable)
 *(.time_critical*)
 .time_critical.mutex_enter_blocking
                0x200000c0       0x48 CMakeFiles/Teclado.dir/E_/Users/dario/Documents/Pico/pico-sdk/src/common/pico_sync/mutex.c.obj
                0x200000c0                mutex_enter_blocking
 .time_critical.mutex_try_enter
                0x20000108       0x46 CMakeFiles/Teclado.dir/E_/Users/dario/Documents/Pico/pico-sdk/src/common/pico_sync/mutex.c.obj
                0x20000108                mutex_try_enter
 *fill*         0x2000014e        0x2 
 .time_critical.mutex_exit
                0x20000150       0x4c CMakeFiles/Teclado.dir/E_/Users/dario/Documents/Pico/pico-sdk/src/common/pico_sync/mutex.c.obj
                0x20000150                mutex_exit
 *(.text*)
 .text          0x2000019c        0x4 c:/progra~2/gnuarm~1/102021~1.10/bin/../lib/gcc/arm-none-eabi/10.3.1/thumb/v6-m/nofp\libgcc.a(_dvmd_tls.o)
                0x2000019c                __aeabi_idiv0
                0x2000019c                __aeabi_ldiv0
 .text          0x200001a0      0xa30 c:/progra~2/gnuarm~1/102021~1.10/bin/../lib/gcc/arm-none-eabi/10.3.1/thumb/v6-m/nofp\libgcc.a(unwind-arm.o)
                0x2000046c                _Unwind_GetCFA
                0x20000470                __gnu_Unwind_RaiseException
                0x200004c4                __gnu_Unwind_ForcedUnwind
                0x200004d8                __gnu_Unwind_Resume
                0x20000520                __gnu_Unwind_Resume_or_Rethrow
                0x2000053c                _Unwind_Complete
                0x20000540                _Unwind_DeleteException
                0x20000550                _Unwind_VRS_Get
                0x2000059c                _Unwind_VRS_Set
                0x200005e8                __gnu_Unwind_Backtrace
                0x20000944                __aeabi_unwind_cpp_pr0
                0x20000950                __aeabi_unwind_cpp_pr1
                0x2000095c                __aeabi_unwind_cpp_pr2
                0x20000968                _Unwind_VRS_Pop
 .text          0x20000bd0      0x144 c:/progra~2/gnuarm~1/102021~1.10/bin/../lib/gcc/arm-none-eabi/10.3.1/thumb/v6-m/nofp\libgcc.a(libunwind.o)
                0x20000bd0                __restore_core_regs
                0x20000bd0                restore_core_regs
                0x20000bfc                __gnu_Unwind_Restore_VFP
                0x20000c00                __gnu_Unwind_Save_VFP
                0x20000c04                __gnu_Unwind_Restore_VFP_D
                0x20000c08                __gnu_Unwind_Save_VFP_D
                0x20000c0c                __gnu_Unwind_Restore_VFP_D_16_to_31
                0x20000c10                __gnu_Unwind_Save_VFP_D_16_to_31
                0x20000c14                __gnu_Unwind_Restore_WMMXD
                0x20000c18                __gnu_Unwind_Save_WMMXD
                0x20000c1c                __gnu_Unwind_Restore_WMMXC
                0x20000c20                __gnu_Unwind_Save_WMMXC
                0x20000c24                ___Unwind_RaiseException
                0x20000c24                _Unwind_RaiseException
                0x20000c54                _Unwind_Resume
                0x20000c54                ___Unwind_Resume
                0x20000c84                _Unwind_Resume_or_Rethrow
                0x20000c84                ___Unwind_Resume_or_Rethrow
                0x20000cb4                _Unwind_ForcedUnwind
                0x20000cb4                ___Unwind_ForcedUnwind
                0x20000ce4                ___Unwind_Backtrace
                0x20000ce4                _Unwind_Backtrace
 .text          0x20000d14      0x38c c:/progra~2/gnuarm~1/102021~1.10/bin/../lib/gcc/arm-none-eabi/10.3.1/thumb/v6-m/nofp\libgcc.a(pr-support.o)
                0x20000d68                __gnu_unwind_execute
                0x20001058                __gnu_unwind_frame
                0x20001080                _Unwind_GetRegionStart
                0x2000108c                _Unwind_GetLanguageSpecificData
 .text.__stub   0x200010a0       0x30 linker stubs
                0x200010d0                . = ALIGN (0x4)
 *(.rodata*)
                0x200010d0                . = ALIGN (0x4)
 *(.data*)
 .data.striped_spin_lock_num
                0x200010d0        0x1 CMakeFiles/Teclado.dir/E_/Users/dario/Documents/Pico/pico-sdk/src/rp2_common/hardware_sync/sync.c.obj
 *fill*         0x200010d1        0x3 
 .data.default_alarm_pool
                0x200010d4       0x18 CMakeFiles/Teclado.dir/E_/Users/dario/Documents/Pico/pico-sdk/src/common/pico_time/time.c.obj
 .data.default_alarm_pool_heap
                0x200010ec       0x10 CMakeFiles/Teclado.dir/E_/Users/dario/Documents/Pico/pico-sdk/src/common/pico_time/time.c.obj
 .data          0x200010fc       0x48 CMakeFiles/Teclado.dir/E_/Users/dario/Documents/Pico/pico-sdk/src/rp2_common/hardware_irq/irq_handler_chain.S.obj
                0x200010fc                irq_handler_chain_slots
                0x2000112c                irq_handler_chain_first_slot
                0x20001136                irq_handler_chain_remove_tail
 *fill*         0x20001144        0xc 
 .data.aeabi_bits_funcs
                0x20001150       0x10 CMakeFiles/Teclado.dir/E_/Users/dario/Documents/Pico/pico-sdk/src/rp2_common/pico_bit_ops/bit_ops_aeabi.S.obj
                0x20001150                aeabi_bits_funcs
                0x20001160                aeabi_bits_funcs_end
 .data.aeabi_mem_funcs
                0x20001160       0x10 CMakeFiles/Teclado.dir/E_/Users/dario/Documents/Pico/pico-sdk/src/rp2_common/pico_mem_ops/mem_ops_aeabi.S.obj
                0x20001160                aeabi_mem_funcs
                0x20001170                aeabi_mem_funcs_end
 .data._impure_ptr
                0x20001170        0x4 c:/progra~2/gnuarm~1/102021~1.10/bin/../lib/gcc/arm-none-eabi/10.3.1/../../../../arm-none-eabi/lib/thumb/v6-m/nofp\libg.a(lib_a-impure.o)
                0x20001170                _impure_ptr
 *fill*         0x20001174        0x4 
 .data.impure_data
                0x20001178      0x428 c:/progra~2/gnuarm~1/102021~1.10/bin/../lib/gcc/arm-none-eabi/10.3.1/../../../../arm-none-eabi/lib/thumb/v6-m/nofp\libg.a(lib_a-impure.o)
                0x200015a0                . = ALIGN (0x4)
 *(.after_data.*)
                0x200015a0                . = ALIGN (0x4)
                0x200015a0                PROVIDE (__mutex_array_start = .)
 *(SORT_BY_NAME(.mutex_array.*))
 *(.mutex_array)
 .mutex_array   0x200015a0        0x8 CMakeFiles/Teclado.dir/E_/Users/dario/Documents/Pico/pico-sdk/src/rp2_common/pico_stdio/stdio.c.obj
                0x200015a8                PROVIDE (__mutex_array_end = .)
                0x200015a8                . = ALIGN (0x4)
                0x200015a8                PROVIDE (__preinit_array_start = .)
 *(SORT_BY_NAME(.preinit_array.*))
 .preinit_array.00001
                0x200015a8        0x4 CMakeFiles/Teclado.dir/E_/Users/dario/Documents/Pico/pico-sdk/src/rp2_common/pico_mem_ops/mem_ops_aeabi.S.obj
 .preinit_array.00010
                0x200015ac        0x4 CMakeFiles/Teclado.dir/E_/Users/dario/Documents/Pico/pico-sdk/src/rp2_common/pico_bit_ops/bit_ops_aeabi.S.obj
 .preinit_array.00020
                0x200015b0        0x4 CMakeFiles/Teclado.dir/E_/Users/dario/Documents/Pico/pico-sdk/src/rp2_common/pico_double/double_aeabi.S.obj
 .preinit_array.00020
                0x200015b4        0x4 CMakeFiles/Teclado.dir/E_/Users/dario/Documents/Pico/pico-sdk/src/rp2_common/pico_float/float_aeabi.S.obj
 *(.preinit_array)
                0x200015b8                PROVIDE (__preinit_array_end = .)
                0x200015b8                . = ALIGN (0x4)
                0x200015b8                PROVIDE (__init_array_start = .)
 *(SORT_BY_NAME(.init_array.*))
 *(.init_array)
 .init_array    0x200015b8        0x4 c:/progra~2/gnuarm~1/102021~1.10/bin/../lib/gcc/arm-none-eabi/10.3.1/thumb/v6-m/nofp/crtbegin.o
                0x200015bc                PROVIDE (__init_array_end = .)
                0x200015bc                . = ALIGN (0x4)
                [!provide]                PROVIDE (__fini_array_start = .)
 *(SORT_BY_NAME(.fini_array.*))
 *(.fini_array)
                [!provide]                PROVIDE (__fini_array_end = .)
 *(.jcr)
                0x200015bc                . = ALIGN (0x4)
                0x200015bc                __data_end__ = .

.igot.plt       0x200015bc        0x0 load address 0x100066e4
 .igot.plt      0x200015bc        0x0 c:/progra~2/gnuarm~1/102021~1.10/bin/../lib/gcc/arm-none-eabi/10.3.1/thumb/v6-m/nofp/crtbegin.o

.uninitialized_data
                0x200015bc        0x0 load address 0x100066e4
                0x200015bc                . = ALIGN (0x4)
 *(.uninitialized_data*)

.scratch_x      0x20040000        0x0 load address 0x100066e4
                0x20040000                __scratch_x_start__ = .
 *(.scratch_x.*)
                0x20040000                . = ALIGN (0x4)
                0x20040000                __scratch_x_end__ = .
                0x100066e4                __scratch_x_source__ = LOADADDR (.scratch_x)

.scratch_y      0x20041000        0x0 load address 0x100066e4
                0x20041000                __scratch_y_start__ = .
 *(.scratch_y.*)
                0x20041000                . = ALIGN (0x4)
                0x20041000                __scratch_y_end__ = .
                0x100066e4                __scratch_y_source__ = LOADADDR (.scratch_y)

.bss            0x200015c0      0x3cc
                0x200015c0                . = ALIGN (0x4)
                0x200015c0                __bss_start__ = .
 *(SORT_BY_ALIGNMENT(SORT_BY_NAME(.bss*)))
 .bss.default_alarm_pool_entries
                0x200015c0      0x100 CMakeFiles/Teclado.dir/E_/Users/dario/Documents/Pico/pico-sdk/src/common/pico_time/time.c.obj
 .bss           0x200016c0       0x1c c:/progra~2/gnuarm~1/102021~1.10/bin/../lib/gcc/arm-none-eabi/10.3.1/thumb/v6-m/nofp/crtbegin.o
 .bss.alarm_callbacks
                0x200016dc       0x10 CMakeFiles/Teclado.dir/E_/Users/dario/Documents/Pico/pico-sdk/src/rp2_common/hardware_timer/timer.c.obj
 .bss.configured_freq
                0x200016ec       0x28 CMakeFiles/Teclado.dir/E_/Users/dario/Documents/Pico/pico-sdk/src/rp2_common/hardware_clocks/clocks.c.obj
 .bss.default_alarm_pool_entry_ids_high
                0x20001714       0x10 CMakeFiles/Teclado.dir/E_/Users/dario/Documents/Pico/pico-sdk/src/common/pico_time/time.c.obj
 .bss.default_alarm_pool_heap_nodes
                0x20001724       0x30 CMakeFiles/Teclado.dir/E_/Users/dario/Documents/Pico/pico-sdk/src/common/pico_time/time.c.obj
 .bss.drivers   0x20001754        0x4 CMakeFiles/Teclado.dir/E_/Users/dario/Documents/Pico/pico-sdk/src/rp2_common/pico_stdio/stdio.c.obj
 .bss.errno     0x20001758        0x4 c:/progra~2/gnuarm~1/102021~1.10/bin/../lib/gcc/arm-none-eabi/10.3.1/../../../../arm-none-eabi/lib/thumb/v6-m/nofp\libg.a(lib_a-reent.o)
                0x20001758                errno
 .bss.filter    0x2000175c        0x4 CMakeFiles/Teclado.dir/E_/Users/dario/Documents/Pico/pico-sdk/src/rp2_common/pico_stdio/stdio.c.obj
 .bss.pools     0x20001760       0x10 CMakeFiles/Teclado.dir/E_/Users/dario/Documents/Pico/pico-sdk/src/common/pico_time/time.c.obj
 .bss.sd_table  0x20001770      0x100 CMakeFiles/Teclado.dir/E_/Users/dario/Documents/Pico/pico-sdk/src/rp2_common/pico_double/double_init_rom.c.obj
                0x20001770                sd_table
 .bss.sf_clz_func
                0x20001870        0x4 CMakeFiles/Teclado.dir/E_/Users/dario/Documents/Pico/pico-sdk/src/rp2_common/pico_double/double_init_rom.c.obj
                0x20001870                sf_clz_func
 .bss.sf_table  0x20001874      0x100 CMakeFiles/Teclado.dir/E_/Users/dario/Documents/Pico/pico-sdk/src/rp2_common/pico_float/float_init_rom.c.obj
                0x20001874                sf_table
 .bss.sleep_notifier
                0x20001974        0x4 CMakeFiles/Teclado.dir/E_/Users/dario/Documents/Pico/pico-sdk/src/common/pico_time/time.c.obj
 .bss.target_hi
                0x20001978       0x10 CMakeFiles/Teclado.dir/E_/Users/dario/Documents/Pico/pico-sdk/src/rp2_common/hardware_timer/timer.c.obj
 .bss.claimed   0x20001988        0x1 CMakeFiles/Teclado.dir/E_/Users/dario/Documents/Pico/pico-sdk/src/rp2_common/hardware_timer/timer.c.obj
 .bss.irq_hander_chain_free_slot_head
                0x20001989        0x1 CMakeFiles/Teclado.dir/E_/Users/dario/Documents/Pico/pico-sdk/src/rp2_common/hardware_irq/irq.c.obj
 .bss.timer_callbacks_pending
                0x2000198a        0x1 CMakeFiles/Teclado.dir/E_/Users/dario/Documents/Pico/pico-sdk/src/rp2_common/hardware_timer/timer.c.obj
 *(COMMON)
                0x2000198c                . = ALIGN (0x4)
 *fill*         0x2000198b        0x1 
                0x2000198c                __bss_end__ = .

.heap           0x2000198c      0x800
                0x2000198c                __end__ = .
                0x2000198c                end = __end__
 *(.heap*)
 .heap          0x2000198c      0x800 CMakeFiles/Teclado.dir/E_/Users/dario/Documents/Pico/pico-sdk/src/rp2_common/pico_standard_link/crt0.S.obj
                0x2000218c                __HeapLimit = .

.stack1_dummy   0x20040000        0x0
 *(.stack1*)

.stack_dummy    0x20041000      0x800
 *(.stack*)
 .stack         0x20041000      0x800 CMakeFiles/Teclado.dir/E_/Users/dario/Documents/Pico/pico-sdk/src/rp2_common/pico_standard_link/crt0.S.obj

.flash_end      0x100066e4        0x0
                0x100066e4                __flash_binary_end = .
                0x20040000                __StackLimit = (ORIGIN (RAM) + LENGTH (RAM))
                0x20041000                __StackOneTop = (ORIGIN (SCRATCH_X) + LENGTH (SCRATCH_X))
                0x20042000                __StackTop = (ORIGIN (SCRATCH_Y) + LENGTH (SCRATCH_Y))
                0x20041000                __StackOneBottom = (__StackOneTop - SIZEOF (.stack1_dummy))
                0x20041800                __StackBottom = (__StackTop - SIZEOF (.stack_dummy))
                0x20042000                PROVIDE (__stack = __StackTop)
                0x00000001                ASSERT ((__StackLimit >= __HeapLimit), region RAM overflowed)
                0x00000001                ASSERT (((__binary_info_header_end - __logical_binary_start) <= 0x100), Binary info must be in first 256 bytes of the binary)
LOAD CMakeFiles/Teclado.dir/Teclado.cpp.obj
LOAD CMakeFiles/Teclado.dir/E_/Users/dario/Documents/Pico/pico-sdk/src/rp2_common/pico_stdlib/stdlib.c.obj
LOAD CMakeFiles/Teclado.dir/E_/Users/dario/Documents/Pico/pico-sdk/src/rp2_common/hardware_gpio/gpio.c.obj
LOAD CMakeFiles/Teclado.dir/E_/Users/dario/Documents/Pico/pico-sdk/src/rp2_common/hardware_claim/claim.c.obj
LOAD CMakeFiles/Teclado.dir/E_/Users/dario/Documents/Pico/pico-sdk/src/rp2_common/pico_platform/platform.c.obj
LOAD CMakeFiles/Teclado.dir/E_/Users/dario/Documents/Pico/pico-sdk/src/rp2_common/hardware_sync/sync.c.obj
LOAD CMakeFiles/Teclado.dir/E_/Users/dario/Documents/Pico/pico-sdk/src/rp2_common/hardware_uart/uart.c.obj
LOAD CMakeFiles/Teclado.dir/E_/Users/dario/Documents/Pico/pico-sdk/src/rp2_common/hardware_divider/divider.S.obj
LOAD CMakeFiles/Teclado.dir/E_/Users/dario/Documents/Pico/pico-sdk/src/common/pico_time/time.c.obj
LOAD CMakeFiles/Teclado.dir/E_/Users/dario/Documents/Pico/pico-sdk/src/common/pico_time/timeout_helper.c.obj
LOAD CMakeFiles/Teclado.dir/E_/Users/dario/Documents/Pico/pico-sdk/src/rp2_common/hardware_timer/timer.c.obj
LOAD CMakeFiles/Teclado.dir/E_/Users/dario/Documents/Pico/pico-sdk/src/common/pico_sync/sem.c.obj
LOAD CMakeFiles/Teclado.dir/E_/Users/dario/Documents/Pico/pico-sdk/src/common/pico_sync/lock_core.c.obj
LOAD CMakeFiles/Teclado.dir/E_/Users/dario/Documents/Pico/pico-sdk/src/common/pico_sync/mutex.c.obj
LOAD CMakeFiles/Teclado.dir/E_/Users/dario/Documents/Pico/pico-sdk/src/common/pico_sync/critical_section.c.obj
LOAD CMakeFiles/Teclado.dir/E_/Users/dario/Documents/Pico/pico-sdk/src/common/pico_util/datetime.c.obj
LOAD CMakeFiles/Teclado.dir/E_/Users/dario/Documents/Pico/pico-sdk/src/common/pico_util/pheap.c.obj
LOAD CMakeFiles/Teclado.dir/E_/Users/dario/Documents/Pico/pico-sdk/src/common/pico_util/queue.c.obj
LOAD CMakeFiles/Teclado.dir/E_/Users/dario/Documents/Pico/pico-sdk/src/rp2_common/pico_runtime/runtime.c.obj
LOAD CMakeFiles/Teclado.dir/E_/Users/dario/Documents/Pico/pico-sdk/src/rp2_common/hardware_clocks/clocks.c.obj
LOAD CMakeFiles/Teclado.dir/E_/Users/dario/Documents/Pico/pico-sdk/src/rp2_common/hardware_irq/irq.c.obj
LOAD CMakeFiles/Teclado.dir/E_/Users/dario/Documents/Pico/pico-sdk/src/rp2_common/hardware_irq/irq_handler_chain.S.obj
LOAD CMakeFiles/Teclado.dir/E_/Users/dario/Documents/Pico/pico-sdk/src/rp2_common/hardware_pll/pll.c.obj
LOAD CMakeFiles/Teclado.dir/E_/Users/dario/Documents/Pico/pico-sdk/src/rp2_common/hardware_vreg/vreg.c.obj
LOAD CMakeFiles/Teclado.dir/E_/Users/dario/Documents/Pico/pico-sdk/src/rp2_common/hardware_watchdog/watchdog.c.obj
LOAD CMakeFiles/Teclado.dir/E_/Users/dario/Documents/Pico/pico-sdk/src/rp2_common/hardware_xosc/xosc.c.obj
LOAD CMakeFiles/Teclado.dir/E_/Users/dario/Documents/Pico/pico-sdk/src/rp2_common/pico_printf/printf.c.obj
LOAD CMakeFiles/Teclado.dir/E_/Users/dario/Documents/Pico/pico-sdk/src/rp2_common/pico_bit_ops/bit_ops_aeabi.S.obj
LOAD CMakeFiles/Teclado.dir/E_/Users/dario/Documents/Pico/pico-sdk/src/rp2_common/pico_bootrom/bootrom.c.obj
LOAD CMakeFiles/Teclado.dir/E_/Users/dario/Documents/Pico/pico-sdk/src/rp2_common/pico_divider/divider.S.obj
LOAD CMakeFiles/Teclado.dir/E_/Users/dario/Documents/Pico/pico-sdk/src/rp2_common/pico_double/double_aeabi.S.obj
LOAD CMakeFiles/Teclado.dir/E_/Users/dario/Documents/Pico/pico-sdk/src/rp2_common/pico_double/double_init_rom.c.obj
LOAD CMakeFiles/Teclado.dir/E_/Users/dario/Documents/Pico/pico-sdk/src/rp2_common/pico_double/double_math.c.obj
LOAD CMakeFiles/Teclado.dir/E_/Users/dario/Documents/Pico/pico-sdk/src/rp2_common/pico_double/double_v1_rom_shim.S.obj
LOAD CMakeFiles/Teclado.dir/E_/Users/dario/Documents/Pico/pico-sdk/src/rp2_common/pico_int64_ops/pico_int64_ops_aeabi.S.obj
LOAD CMakeFiles/Teclado.dir/E_/Users/dario/Documents/Pico/pico-sdk/src/rp2_common/pico_float/float_aeabi.S.obj
LOAD CMakeFiles/Teclado.dir/E_/Users/dario/Documents/Pico/pico-sdk/src/rp2_common/pico_float/float_init_rom.c.obj
LOAD CMakeFiles/Teclado.dir/E_/Users/dario/Documents/Pico/pico-sdk/src/rp2_common/pico_float/float_math.c.obj
LOAD CMakeFiles/Teclado.dir/E_/Users/dario/Documents/Pico/pico-sdk/src/rp2_common/pico_float/float_v1_rom_shim.S.obj
LOAD CMakeFiles/Teclado.dir/E_/Users/dario/Documents/Pico/pico-sdk/src/rp2_common/pico_malloc/pico_malloc.c.obj
LOAD CMakeFiles/Teclado.dir/E_/Users/dario/Documents/Pico/pico-sdk/src/rp2_common/pico_mem_ops/mem_ops_aeabi.S.obj
LOAD CMakeFiles/Teclado.dir/E_/Users/dario/Documents/Pico/pico-sdk/src/rp2_common/pico_standard_link/crt0.S.obj
LOAD CMakeFiles/Teclado.dir/E_/Users/dario/Documents/Pico/pico-sdk/src/rp2_common/pico_standard_link/new_delete.cpp.obj
LOAD CMakeFiles/Teclado.dir/E_/Users/dario/Documents/Pico/pico-sdk/src/rp2_common/pico_standard_link/binary_info.c.obj
LOAD CMakeFiles/Teclado.dir/E_/Users/dario/Documents/Pico/pico-sdk/src/rp2_common/pico_stdio/stdio.c.obj
LOAD CMakeFiles/Teclado.dir/E_/Users/dario/Documents/Pico/pico-sdk/src/rp2_common/pico_stdio_uart/stdio_uart.c.obj
LOAD C:\Users\dario\AppData\Local\Temp\ccMSEtcC.o
LOAD c:/progra~2/gnuarm~1/102021~1.10/bin/../lib/gcc/arm-none-eabi/10.3.1/../../../../arm-none-eabi/lib/thumb/v6-m/nofp\libstdc++.a
LOAD c:/progra~2/gnuarm~1/102021~1.10/bin/../lib/gcc/arm-none-eabi/10.3.1/../../../../arm-none-eabi/lib/thumb/v6-m/nofp\libm.a
START GROUP
LOAD c:/progra~2/gnuarm~1/102021~1.10/bin/../lib/gcc/arm-none-eabi/10.3.1/thumb/v6-m/nofp\libgcc.a
LOAD c:/progra~2/gnuarm~1/102021~1.10/bin/../lib/gcc/arm-none-eabi/10.3.1/../../../../arm-none-eabi/lib/thumb/v6-m/nofp\libg.a
LOAD c:/progra~2/gnuarm~1/102021~1.10/bin/../lib/gcc/arm-none-eabi/10.3.1/../../../../arm-none-eabi/lib/thumb/v6-m/nofp\libc.a
END GROUP
START GROUP
LOAD c:/progra~2/gnuarm~1/102021~1.10/bin/../lib/gcc/arm-none-eabi/10.3.1/thumb/v6-m/nofp\libgcc.a
LOAD c:/progra~2/gnuarm~1/102021~1.10/bin/../lib/gcc/arm-none-eabi/10.3.1/../../../../arm-none-eabi/lib/thumb/v6-m/nofp\libc.a
LOAD c:/progra~2/gnuarm~1/102021~1.10/bin/../lib/gcc/arm-none-eabi/10.3.1/../../../../arm-none-eabi/lib/thumb/v6-m/nofp\libnosys.a
END GROUP
LOAD c:/progra~2/gnuarm~1/102021~1.10/bin/../lib/gcc/arm-none-eabi/10.3.1/thumb/v6-m/nofp/crtend.o
LOAD c:/progra~2/gnuarm~1/102021~1.10/bin/../lib/gcc/arm-none-eabi/10.3.1/thumb/v6-m/nofp/crtn.o
OUTPUT(Teclado.elf elf32-littlearm)
LOAD linker stubs

.ARM.attributes
                0x00000000       0x28
 .ARM.attributes
                0x00000000       0x1e c:/progra~2/gnuarm~1/102021~1.10/bin/../lib/gcc/arm-none-eabi/10.3.1/thumb/v6-m/nofp/crti.o
 .ARM.attributes
                0x0000001e       0x2c c:/progra~2/gnuarm~1/102021~1.10/bin/../lib/gcc/arm-none-eabi/10.3.1/thumb/v6-m/nofp/crtbegin.o
 .ARM.attributes
                0x0000004a       0x2c CMakeFiles/Teclado.dir/Teclado.cpp.obj
 .ARM.attributes
                0x00000076       0x2c CMakeFiles/Teclado.dir/E_/Users/dario/Documents/Pico/pico-sdk/src/rp2_common/hardware_gpio/gpio.c.obj
 .ARM.attributes
                0x000000a2       0x2c CMakeFiles/Teclado.dir/E_/Users/dario/Documents/Pico/pico-sdk/src/rp2_common/hardware_claim/claim.c.obj
 .ARM.attributes
                0x000000ce       0x2c CMakeFiles/Teclado.dir/E_/Users/dario/Documents/Pico/pico-sdk/src/rp2_common/pico_platform/platform.c.obj
 .ARM.attributes
                0x000000fa       0x2c CMakeFiles/Teclado.dir/E_/Users/dario/Documents/Pico/pico-sdk/src/rp2_common/hardware_sync/sync.c.obj
 .ARM.attributes
                0x00000126       0x2c CMakeFiles/Teclado.dir/E_/Users/dario/Documents/Pico/pico-sdk/src/common/pico_time/time.c.obj
 .ARM.attributes
                0x00000152       0x2c CMakeFiles/Teclado.dir/E_/Users/dario/Documents/Pico/pico-sdk/src/rp2_common/hardware_timer/timer.c.obj
 .ARM.attributes
                0x0000017e       0x2c CMakeFiles/Teclado.dir/E_/Users/dario/Documents/Pico/pico-sdk/src/common/pico_sync/lock_core.c.obj
 .ARM.attributes
                0x000001aa       0x2c CMakeFiles/Teclado.dir/E_/Users/dario/Documents/Pico/pico-sdk/src/common/pico_sync/mutex.c.obj
 .ARM.attributes
                0x000001d6       0x2c CMakeFiles/Teclado.dir/E_/Users/dario/Documents/Pico/pico-sdk/src/common/pico_util/pheap.c.obj
 .ARM.attributes
                0x00000202       0x2c CMakeFiles/Teclado.dir/E_/Users/dario/Documents/Pico/pico-sdk/src/rp2_common/pico_runtime/runtime.c.obj
 .ARM.attributes
                0x0000022e       0x2c CMakeFiles/Teclado.dir/E_/Users/dario/Documents/Pico/pico-sdk/src/rp2_common/hardware_clocks/clocks.c.obj
 .ARM.attributes
                0x0000025a       0x2c CMakeFiles/Teclado.dir/E_/Users/dario/Documents/Pico/pico-sdk/src/rp2_common/hardware_irq/irq.c.obj
 .ARM.attributes
                0x00000286       0x22 CMakeFiles/Teclado.dir/E_/Users/dario/Documents/Pico/pico-sdk/src/rp2_common/hardware_irq/irq_handler_chain.S.obj
 .ARM.attributes
                0x000002a8       0x2c CMakeFiles/Teclado.dir/E_/Users/dario/Documents/Pico/pico-sdk/src/rp2_common/hardware_pll/pll.c.obj
 .ARM.attributes
                0x000002d4       0x2c CMakeFiles/Teclado.dir/E_/Users/dario/Documents/Pico/pico-sdk/src/rp2_common/hardware_watchdog/watchdog.c.obj
 .ARM.attributes
                0x00000300       0x2c CMakeFiles/Teclado.dir/E_/Users/dario/Documents/Pico/pico-sdk/src/rp2_common/hardware_xosc/xosc.c.obj
 .ARM.attributes
                0x0000032c       0x2c CMakeFiles/Teclado.dir/E_/Users/dario/Documents/Pico/pico-sdk/src/rp2_common/pico_printf/printf.c.obj
 .ARM.attributes
                0x00000358       0x22 CMakeFiles/Teclado.dir/E_/Users/dario/Documents/Pico/pico-sdk/src/rp2_common/pico_bit_ops/bit_ops_aeabi.S.obj
 .ARM.attributes
                0x0000037a       0x2c CMakeFiles/Teclado.dir/E_/Users/dario/Documents/Pico/pico-sdk/src/rp2_common/pico_bootrom/bootrom.c.obj
 .ARM.attributes
                0x000003a6       0x22 CMakeFiles/Teclado.dir/E_/Users/dario/Documents/Pico/pico-sdk/src/rp2_common/pico_divider/divider.S.obj
 .ARM.attributes
                0x000003c8       0x22 CMakeFiles/Teclado.dir/E_/Users/dario/Documents/Pico/pico-sdk/src/rp2_common/pico_double/double_aeabi.S.obj
 .ARM.attributes
                0x000003ea       0x2c CMakeFiles/Teclado.dir/E_/Users/dario/Documents/Pico/pico-sdk/src/rp2_common/pico_double/double_init_rom.c.obj
 .ARM.attributes
                0x00000416       0x22 CMakeFiles/Teclado.dir/E_/Users/dario/Documents/Pico/pico-sdk/src/rp2_common/pico_double/double_v1_rom_shim.S.obj
 .ARM.attributes
                0x00000438       0x22 CMakeFiles/Teclado.dir/E_/Users/dario/Documents/Pico/pico-sdk/src/rp2_common/pico_int64_ops/pico_int64_ops_aeabi.S.obj
 .ARM.attributes
                0x0000045a       0x22 CMakeFiles/Teclado.dir/E_/Users/dario/Documents/Pico/pico-sdk/src/rp2_common/pico_float/float_aeabi.S.obj
 .ARM.attributes
                0x0000047c       0x2c CMakeFiles/Teclado.dir/E_/Users/dario/Documents/Pico/pico-sdk/src/rp2_common/pico_float/float_init_rom.c.obj
 .ARM.attributes
                0x000004a8       0x22 CMakeFiles/Teclado.dir/E_/Users/dario/Documents/Pico/pico-sdk/src/rp2_common/pico_float/float_v1_rom_shim.S.obj
 .ARM.attributes
                0x000004ca       0x22 CMakeFiles/Teclado.dir/E_/Users/dario/Documents/Pico/pico-sdk/src/rp2_common/pico_mem_ops/mem_ops_aeabi.S.obj
 .ARM.attributes
                0x000004ec       0x22 CMakeFiles/Teclado.dir/E_/Users/dario/Documents/Pico/pico-sdk/src/rp2_common/pico_standard_link/crt0.S.obj
 .ARM.attributes
                0x0000050e       0x2c CMakeFiles/Teclado.dir/E_/Users/dario/Documents/Pico/pico-sdk/src/rp2_common/pico_standard_link/binary_info.c.obj
 .ARM.attributes
                0x0000053a       0x2c CMakeFiles/Teclado.dir/E_/Users/dario/Documents/Pico/pico-sdk/src/rp2_common/pico_stdio/stdio.c.obj
 .ARM.attributes
                0x00000566       0x22 C:\Users\dario\AppData\Local\Temp\ccMSEtcC.o
 .ARM.attributes
                0x00000588       0x1e c:/progra~2/gnuarm~1/102021~1.10/bin/../lib/gcc/arm-none-eabi/10.3.1/thumb/v6-m/nofp\libgcc.a(_dvmd_tls.o)
 .ARM.attributes
                0x000005a6       0x2c c:/progra~2/gnuarm~1/102021~1.10/bin/../lib/gcc/arm-none-eabi/10.3.1/thumb/v6-m/nofp\libgcc.a(unwind-arm.o)
 .ARM.attributes
                0x000005d2       0x1e c:/progra~2/gnuarm~1/102021~1.10/bin/../lib/gcc/arm-none-eabi/10.3.1/thumb/v6-m/nofp\libgcc.a(libunwind.o)
 .ARM.attributes
                0x000005f0       0x2c c:/progra~2/gnuarm~1/102021~1.10/bin/../lib/gcc/arm-none-eabi/10.3.1/thumb/v6-m/nofp\libgcc.a(pr-support.o)
 .ARM.attributes
                0x0000061c       0x2c c:/progra~2/gnuarm~1/102021~1.10/bin/../lib/gcc/arm-none-eabi/10.3.1/../../../../arm-none-eabi/lib/thumb/v6-m/nofp\libg.a(lib_a-abort.o)
 .ARM.attributes
                0x00000648       0x2c c:/progra~2/gnuarm~1/102021~1.10/bin/../lib/gcc/arm-none-eabi/10.3.1/../../../../arm-none-eabi/lib/thumb/v6-m/nofp\libg.a(lib_a-impure.o)
 .ARM.attributes
                0x00000674       0x2c c:/progra~2/gnuarm~1/102021~1.10/bin/../lib/gcc/arm-none-eabi/10.3.1/../../../../arm-none-eabi/lib/thumb/v6-m/nofp\libg.a(lib_a-signal.o)
 .ARM.attributes
                0x000006a0       0x2c c:/progra~2/gnuarm~1/102021~1.10/bin/../lib/gcc/arm-none-eabi/10.3.1/../../../../arm-none-eabi/lib/thumb/v6-m/nofp\libg.a(lib_a-signalr.o)
 .ARM.attributes
                0x000006cc       0x2c c:/progra~2/gnuarm~1/102021~1.10/bin/../lib/gcc/arm-none-eabi/10.3.1/../../../../arm-none-eabi/lib/thumb/v6-m/nofp\libg.a(lib_a-strlen-stub.o)
 .ARM.attributes
                0x000006f8       0x2c c:/progra~2/gnuarm~1/102021~1.10/bin/../lib/gcc/arm-none-eabi/10.3.1/../../../../arm-none-eabi/lib/thumb/v6-m/nofp\libg.a(lib_a-reent.o)
 .ARM.attributes
                0x00000724       0x2c c:/progra~2/gnuarm~1/102021~1.10/bin/../lib/gcc/arm-none-eabi/10.3.1/../../../../arm-none-eabi/lib/thumb/v6-m/nofp\libnosys.a(getpid.o)
 .ARM.attributes
                0x00000750       0x2c c:/progra~2/gnuarm~1/102021~1.10/bin/../lib/gcc/arm-none-eabi/10.3.1/../../../../arm-none-eabi/lib/thumb/v6-m/nofp\libnosys.a(kill.o)

.comment        0x00000000       0x49
 .comment       0x00000000       0x49 CMakeFiles/Teclado.dir/Teclado.cpp.obj
                                 0x4a (size before relaxing)
 .comment       0x00000049       0x4a CMakeFiles/Teclado.dir/E_/Users/dario/Documents/Pico/pico-sdk/src/rp2_common/hardware_gpio/gpio.c.obj
 .comment       0x00000049       0x4a CMakeFiles/Teclado.dir/E_/Users/dario/Documents/Pico/pico-sdk/src/rp2_common/hardware_claim/claim.c.obj
 .comment       0x00000049       0x4a CMakeFiles/Teclado.dir/E_/Users/dario/Documents/Pico/pico-sdk/src/rp2_common/pico_platform/platform.c.obj
 .comment       0x00000049       0x4a CMakeFiles/Teclado.dir/E_/Users/dario/Documents/Pico/pico-sdk/src/rp2_common/hardware_sync/sync.c.obj
 .comment       0x00000049       0x4a CMakeFiles/Teclado.dir/E_/Users/dario/Documents/Pico/pico-sdk/src/common/pico_time/time.c.obj
 .comment       0x00000049       0x4a CMakeFiles/Teclado.dir/E_/Users/dario/Documents/Pico/pico-sdk/src/rp2_common/hardware_timer/timer.c.obj
 .comment       0x00000049       0x4a CMakeFiles/Teclado.dir/E_/Users/dario/Documents/Pico/pico-sdk/src/common/pico_sync/lock_core.c.obj
 .comment       0x00000049       0x4a CMakeFiles/Teclado.dir/E_/Users/dario/Documents/Pico/pico-sdk/src/common/pico_sync/mutex.c.obj
 .comment       0x00000049       0x4a CMakeFiles/Teclado.dir/E_/Users/dario/Documents/Pico/pico-sdk/src/common/pico_util/pheap.c.obj
 .comment       0x00000049       0x4a CMakeFiles/Teclado.dir/E_/Users/dario/Documents/Pico/pico-sdk/src/rp2_common/pico_runtime/runtime.c.obj
 .comment       0x00000049       0x4a CMakeFiles/Teclado.dir/E_/Users/dario/Documents/Pico/pico-sdk/src/rp2_common/hardware_clocks/clocks.c.obj
 .comment       0x00000049       0x4a CMakeFiles/Teclado.dir/E_/Users/dario/Documents/Pico/pico-sdk/src/rp2_common/hardware_irq/irq.c.obj
 .comment       0x00000049       0x4a CMakeFiles/Teclado.dir/E_/Users/dario/Documents/Pico/pico-sdk/src/rp2_common/hardware_pll/pll.c.obj
 .comment       0x00000049       0x4a CMakeFiles/Teclado.dir/E_/Users/dario/Documents/Pico/pico-sdk/src/rp2_common/hardware_watchdog/watchdog.c.obj
 .comment       0x00000049       0x4a CMakeFiles/Teclado.dir/E_/Users/dario/Documents/Pico/pico-sdk/src/rp2_common/hardware_xosc/xosc.c.obj
 .comment       0x00000049       0x4a CMakeFiles/Teclado.dir/E_/Users/dario/Documents/Pico/pico-sdk/src/rp2_common/pico_printf/printf.c.obj
 .comment       0x00000049       0x4a CMakeFiles/Teclado.dir/E_/Users/dario/Documents/Pico/pico-sdk/src/rp2_common/pico_bootrom/bootrom.c.obj
 .comment       0x00000049       0x4a CMakeFiles/Teclado.dir/E_/Users/dario/Documents/Pico/pico-sdk/src/rp2_common/pico_double/double_init_rom.c.obj
 .comment       0x00000049       0x4a CMakeFiles/Teclado.dir/E_/Users/dario/Documents/Pico/pico-sdk/src/rp2_common/pico_float/float_init_rom.c.obj
 .comment       0x00000049       0x4a CMakeFiles/Teclado.dir/E_/Users/dario/Documents/Pico/pico-sdk/src/rp2_common/pico_standard_link/binary_info.c.obj
 .comment       0x00000049       0x4a CMakeFiles/Teclado.dir/E_/Users/dario/Documents/Pico/pico-sdk/src/rp2_common/pico_stdio/stdio.c.obj

.debug_info     0x00000000    0x1252f
 .debug_info    0x00000000      0x914 CMakeFiles/Teclado.dir/Teclado.cpp.obj
 .debug_info    0x00000914     0x1491 CMakeFiles/Teclado.dir/E_/Users/dario/Documents/Pico/pico-sdk/src/rp2_common/hardware_gpio/gpio.c.obj
 .debug_info    0x00001da5      0x6bb CMakeFiles/Teclado.dir/E_/Users/dario/Documents/Pico/pico-sdk/src/rp2_common/hardware_claim/claim.c.obj
 .debug_info    0x00002460      0x1e3 CMakeFiles/Teclado.dir/E_/Users/dario/Documents/Pico/pico-sdk/src/rp2_common/pico_platform/platform.c.obj
 .debug_info    0x00002643      0x58e CMakeFiles/Teclado.dir/E_/Users/dario/Documents/Pico/pico-sdk/src/rp2_common/hardware_sync/sync.c.obj
 .debug_info    0x00002bd1     0x3b3b CMakeFiles/Teclado.dir/E_/Users/dario/Documents/Pico/pico-sdk/src/common/pico_time/time.c.obj
 .debug_info    0x0000670c     0x1134 CMakeFiles/Teclado.dir/E_/Users/dario/Documents/Pico/pico-sdk/src/rp2_common/hardware_timer/timer.c.obj
 .debug_info    0x00007840      0x1a4 CMakeFiles/Teclado.dir/E_/Users/dario/Documents/Pico/pico-sdk/src/common/pico_sync/lock_core.c.obj
 .debug_info    0x000079e4     0x2022 CMakeFiles/Teclado.dir/E_/Users/dario/Documents/Pico/pico-sdk/src/common/pico_sync/mutex.c.obj
 .debug_info    0x00009a06     0x120c CMakeFiles/Teclado.dir/E_/Users/dario/Documents/Pico/pico-sdk/src/common/pico_util/pheap.c.obj
 .debug_info    0x0000ac12      0xa87 CMakeFiles/Teclado.dir/E_/Users/dario/Documents/Pico/pico-sdk/src/rp2_common/pico_runtime/runtime.c.obj
 .debug_info    0x0000b699      0xf6c CMakeFiles/Teclado.dir/E_/Users/dario/Documents/Pico/pico-sdk/src/rp2_common/hardware_clocks/clocks.c.obj
 .debug_info    0x0000c605     0x1968 CMakeFiles/Teclado.dir/E_/Users/dario/Documents/Pico/pico-sdk/src/rp2_common/hardware_irq/irq.c.obj
 .debug_info    0x0000df6d      0x51b CMakeFiles/Teclado.dir/E_/Users/dario/Documents/Pico/pico-sdk/src/rp2_common/hardware_pll/pll.c.obj
 .debug_info    0x0000e488      0x4ee CMakeFiles/Teclado.dir/E_/Users/dario/Documents/Pico/pico-sdk/src/rp2_common/hardware_watchdog/watchdog.c.obj
 .debug_info    0x0000e976      0x1d8 CMakeFiles/Teclado.dir/E_/Users/dario/Documents/Pico/pico-sdk/src/rp2_common/hardware_xosc/xosc.c.obj
 .debug_info    0x0000eb4e     0x1a5f CMakeFiles/Teclado.dir/E_/Users/dario/Documents/Pico/pico-sdk/src/rp2_common/pico_printf/printf.c.obj
 .debug_info    0x000105ad       0x22 CMakeFiles/Teclado.dir/E_/Users/dario/Documents/Pico/pico-sdk/src/rp2_common/pico_bit_ops/bit_ops_aeabi.S.obj
 .debug_info    0x000105cf      0x27c CMakeFiles/Teclado.dir/E_/Users/dario/Documents/Pico/pico-sdk/src/rp2_common/pico_bootrom/bootrom.c.obj
 .debug_info    0x0001084b       0x22 CMakeFiles/Teclado.dir/E_/Users/dario/Documents/Pico/pico-sdk/src/rp2_common/pico_divider/divider.S.obj
 .debug_info    0x0001086d       0x22 CMakeFiles/Teclado.dir/E_/Users/dario/Documents/Pico/pico-sdk/src/rp2_common/pico_double/double_aeabi.S.obj
 .debug_info    0x0001088f      0x2d1 CMakeFiles/Teclado.dir/E_/Users/dario/Documents/Pico/pico-sdk/src/rp2_common/pico_double/double_init_rom.c.obj
 .debug_info    0x00010b60       0x22 CMakeFiles/Teclado.dir/E_/Users/dario/Documents/Pico/pico-sdk/src/rp2_common/pico_double/double_v1_rom_shim.S.obj
 .debug_info    0x00010b82       0x26 CMakeFiles/Teclado.dir/E_/Users/dario/Documents/Pico/pico-sdk/src/rp2_common/pico_int64_ops/pico_int64_ops_aeabi.S.obj
 .debug_info    0x00010ba8       0x22 CMakeFiles/Teclado.dir/E_/Users/dario/Documents/Pico/pico-sdk/src/rp2_common/pico_float/float_aeabi.S.obj
 .debug_info    0x00010bca      0x2eb CMakeFiles/Teclado.dir/E_/Users/dario/Documents/Pico/pico-sdk/src/rp2_common/pico_float/float_init_rom.c.obj
 .debug_info    0x00010eb5       0x22 CMakeFiles/Teclado.dir/E_/Users/dario/Documents/Pico/pico-sdk/src/rp2_common/pico_float/float_v1_rom_shim.S.obj
 .debug_info    0x00010ed7       0x22 CMakeFiles/Teclado.dir/E_/Users/dario/Documents/Pico/pico-sdk/src/rp2_common/pico_mem_ops/mem_ops_aeabi.S.obj
 .debug_info    0x00010ef9       0x22 CMakeFiles/Teclado.dir/E_/Users/dario/Documents/Pico/pico-sdk/src/rp2_common/pico_standard_link/crt0.S.obj
 .debug_info    0x00010f1b      0x327 CMakeFiles/Teclado.dir/E_/Users/dario/Documents/Pico/pico-sdk/src/rp2_common/pico_standard_link/binary_info.c.obj
 .debug_info    0x00011242     0x12ed CMakeFiles/Teclado.dir/E_/Users/dario/Documents/Pico/pico-sdk/src/rp2_common/pico_stdio/stdio.c.obj

.debug_abbrev   0x00000000     0x39cc
 .debug_abbrev  0x00000000      0x284 CMakeFiles/Teclado.dir/Teclado.cpp.obj
 .debug_abbrev  0x00000284      0x2c4 CMakeFiles/Teclado.dir/E_/Users/dario/Documents/Pico/pico-sdk/src/rp2_common/hardware_gpio/gpio.c.obj
 .debug_abbrev  0x00000548      0x2e9 CMakeFiles/Teclado.dir/E_/Users/dario/Documents/Pico/pico-sdk/src/rp2_common/hardware_claim/claim.c.obj
 .debug_abbrev  0x00000831       0xeb CMakeFiles/Teclado.dir/E_/Users/dario/Documents/Pico/pico-sdk/src/rp2_common/pico_platform/platform.c.obj
 .debug_abbrev  0x0000091c      0x21b CMakeFiles/Teclado.dir/E_/Users/dario/Documents/Pico/pico-sdk/src/rp2_common/hardware_sync/sync.c.obj
 .debug_abbrev  0x00000b37      0x54d CMakeFiles/Teclado.dir/E_/Users/dario/Documents/Pico/pico-sdk/src/common/pico_time/time.c.obj
 .debug_abbrev  0x00001084      0x3a2 CMakeFiles/Teclado.dir/E_/Users/dario/Documents/Pico/pico-sdk/src/rp2_common/hardware_timer/timer.c.obj
 .debug_abbrev  0x00001426      0x116 CMakeFiles/Teclado.dir/E_/Users/dario/Documents/Pico/pico-sdk/src/common/pico_sync/lock_core.c.obj
 .debug_abbrev  0x0000153c      0x386 CMakeFiles/Teclado.dir/E_/Users/dario/Documents/Pico/pico-sdk/src/common/pico_sync/mutex.c.obj
 .debug_abbrev  0x000018c2      0x297 CMakeFiles/Teclado.dir/E_/Users/dario/Documents/Pico/pico-sdk/src/common/pico_util/pheap.c.obj
 .debug_abbrev  0x00001b59      0x3aa CMakeFiles/Teclado.dir/E_/Users/dario/Documents/Pico/pico-sdk/src/rp2_common/pico_runtime/runtime.c.obj
 .debug_abbrev  0x00001f03      0x3a5 CMakeFiles/Teclado.dir/E_/Users/dario/Documents/Pico/pico-sdk/src/rp2_common/hardware_clocks/clocks.c.obj
 .debug_abbrev  0x000022a8      0x4cd CMakeFiles/Teclado.dir/E_/Users/dario/Documents/Pico/pico-sdk/src/rp2_common/hardware_irq/irq.c.obj
 .debug_abbrev  0x00002775      0x1ea CMakeFiles/Teclado.dir/E_/Users/dario/Documents/Pico/pico-sdk/src/rp2_common/hardware_pll/pll.c.obj
 .debug_abbrev  0x0000295f      0x1a8 CMakeFiles/Teclado.dir/E_/Users/dario/Documents/Pico/pico-sdk/src/rp2_common/hardware_watchdog/watchdog.c.obj
 .debug_abbrev  0x00002b07      0x109 CMakeFiles/Teclado.dir/E_/Users/dario/Documents/Pico/pico-sdk/src/rp2_common/hardware_xosc/xosc.c.obj
 .debug_abbrev  0x00002c10      0x384 CMakeFiles/Teclado.dir/E_/Users/dario/Documents/Pico/pico-sdk/src/rp2_common/pico_printf/printf.c.obj
 .debug_abbrev  0x00002f94       0x12 CMakeFiles/Teclado.dir/E_/Users/dario/Documents/Pico/pico-sdk/src/rp2_common/pico_bit_ops/bit_ops_aeabi.S.obj
 .debug_abbrev  0x00002fa6      0x13b CMakeFiles/Teclado.dir/E_/Users/dario/Documents/Pico/pico-sdk/src/rp2_common/pico_bootrom/bootrom.c.obj
 .debug_abbrev  0x000030e1       0x12 CMakeFiles/Teclado.dir/E_/Users/dario/Documents/Pico/pico-sdk/src/rp2_common/pico_divider/divider.S.obj
 .debug_abbrev  0x000030f3       0x12 CMakeFiles/Teclado.dir/E_/Users/dario/Documents/Pico/pico-sdk/src/rp2_common/pico_double/double_aeabi.S.obj
 .debug_abbrev  0x00003105      0x179 CMakeFiles/Teclado.dir/E_/Users/dario/Documents/Pico/pico-sdk/src/rp2_common/pico_double/double_init_rom.c.obj
 .debug_abbrev  0x0000327e       0x12 CMakeFiles/Teclado.dir/E_/Users/dario/Documents/Pico/pico-sdk/src/rp2_common/pico_double/double_v1_rom_shim.S.obj
 .debug_abbrev  0x00003290       0x14 CMakeFiles/Teclado.dir/E_/Users/dario/Documents/Pico/pico-sdk/src/rp2_common/pico_int64_ops/pico_int64_ops_aeabi.S.obj
 .debug_abbrev  0x000032a4       0x12 CMakeFiles/Teclado.dir/E_/Users/dario/Documents/Pico/pico-sdk/src/rp2_common/pico_float/float_aeabi.S.obj
 .debug_abbrev  0x000032b6      0x18c CMakeFiles/Teclado.dir/E_/Users/dario/Documents/Pico/pico-sdk/src/rp2_common/pico_float/float_init_rom.c.obj
 .debug_abbrev  0x00003442       0x12 CMakeFiles/Teclado.dir/E_/Users/dario/Documents/Pico/pico-sdk/src/rp2_common/pico_float/float_v1_rom_shim.S.obj
 .debug_abbrev  0x00003454       0x12 CMakeFiles/Teclado.dir/E_/Users/dario/Documents/Pico/pico-sdk/src/rp2_common/pico_mem_ops/mem_ops_aeabi.S.obj
 .debug_abbrev  0x00003466       0x12 CMakeFiles/Teclado.dir/E_/Users/dario/Documents/Pico/pico-sdk/src/rp2_common/pico_standard_link/crt0.S.obj
 .debug_abbrev  0x00003478       0xad CMakeFiles/Teclado.dir/E_/Users/dario/Documents/Pico/pico-sdk/src/rp2_common/pico_standard_link/binary_info.c.obj
 .debug_abbrev  0x00003525      0x4a7 CMakeFiles/Teclado.dir/E_/Users/dario/Documents/Pico/pico-sdk/src/rp2_common/pico_stdio/stdio.c.obj

.debug_loc      0x00000000     0xcd51
 .debug_loc     0x00000000      0x31f CMakeFiles/Teclado.dir/Teclado.cpp.obj
 .debug_loc     0x0000031f      0xede CMakeFiles/Teclado.dir/E_/Users/dario/Documents/Pico/pico-sdk/src/rp2_common/hardware_gpio/gpio.c.obj
 .debug_loc     0x000011fd      0x45f CMakeFiles/Teclado.dir/E_/Users/dario/Documents/Pico/pico-sdk/src/rp2_common/hardware_claim/claim.c.obj
 .debug_loc     0x0000165c       0xe9 CMakeFiles/Teclado.dir/E_/Users/dario/Documents/Pico/pico-sdk/src/rp2_common/pico_platform/platform.c.obj
 .debug_loc     0x00001745      0x233 CMakeFiles/Teclado.dir/E_/Users/dario/Documents/Pico/pico-sdk/src/rp2_common/hardware_sync/sync.c.obj
 .debug_loc     0x00001978     0x2e2a CMakeFiles/Teclado.dir/E_/Users/dario/Documents/Pico/pico-sdk/src/common/pico_time/time.c.obj
 .debug_loc     0x000047a2      0x952 CMakeFiles/Teclado.dir/E_/Users/dario/Documents/Pico/pico-sdk/src/rp2_common/hardware_timer/timer.c.obj
 .debug_loc     0x000050f4       0x60 CMakeFiles/Teclado.dir/E_/Users/dario/Documents/Pico/pico-sdk/src/common/pico_sync/lock_core.c.obj
 .debug_loc     0x00005154     0x1469 CMakeFiles/Teclado.dir/E_/Users/dario/Documents/Pico/pico-sdk/src/common/pico_sync/mutex.c.obj
 .debug_loc     0x000065bd     0x1439 CMakeFiles/Teclado.dir/E_/Users/dario/Documents/Pico/pico-sdk/src/common/pico_util/pheap.c.obj
 .debug_loc     0x000079f6      0x3f0 CMakeFiles/Teclado.dir/E_/Users/dario/Documents/Pico/pico-sdk/src/rp2_common/pico_runtime/runtime.c.obj
 .debug_loc     0x00007de6      0x7eb CMakeFiles/Teclado.dir/E_/Users/dario/Documents/Pico/pico-sdk/src/rp2_common/hardware_clocks/clocks.c.obj
 .debug_loc     0x000085d1     0x1274 CMakeFiles/Teclado.dir/E_/Users/dario/Documents/Pico/pico-sdk/src/rp2_common/hardware_irq/irq.c.obj
 .debug_loc     0x00009845      0x300 CMakeFiles/Teclado.dir/E_/Users/dario/Documents/Pico/pico-sdk/src/rp2_common/hardware_pll/pll.c.obj
 .debug_loc     0x00009b45      0x2ec CMakeFiles/Teclado.dir/E_/Users/dario/Documents/Pico/pico-sdk/src/rp2_common/hardware_watchdog/watchdog.c.obj
 .debug_loc     0x00009e31       0x71 CMakeFiles/Teclado.dir/E_/Users/dario/Documents/Pico/pico-sdk/src/rp2_common/hardware_xosc/xosc.c.obj
 .debug_loc     0x00009ea2     0x2095 CMakeFiles/Teclado.dir/E_/Users/dario/Documents/Pico/pico-sdk/src/rp2_common/pico_printf/printf.c.obj
 .debug_loc     0x0000bf37      0x1a1 CMakeFiles/Teclado.dir/E_/Users/dario/Documents/Pico/pico-sdk/src/rp2_common/pico_bootrom/bootrom.c.obj
 .debug_loc     0x0000c0d8       0x59 CMakeFiles/Teclado.dir/E_/Users/dario/Documents/Pico/pico-sdk/src/rp2_common/pico_double/double_init_rom.c.obj
 .debug_loc     0x0000c131       0x73 CMakeFiles/Teclado.dir/E_/Users/dario/Documents/Pico/pico-sdk/src/rp2_common/pico_float/float_init_rom.c.obj
 .debug_loc     0x0000c1a4      0xbad CMakeFiles/Teclado.dir/E_/Users/dario/Documents/Pico/pico-sdk/src/rp2_common/pico_stdio/stdio.c.obj

.debug_aranges  0x00000000      0xcd8
 .debug_aranges
                0x00000000       0x20 CMakeFiles/Teclado.dir/Teclado.cpp.obj
 .debug_aranges
                0x00000020       0xd8 CMakeFiles/Teclado.dir/E_/Users/dario/Documents/Pico/pico-sdk/src/rp2_common/hardware_gpio/gpio.c.obj
 .debug_aranges
                0x000000f8       0x48 CMakeFiles/Teclado.dir/E_/Users/dario/Documents/Pico/pico-sdk/src/rp2_common/hardware_claim/claim.c.obj
 .debug_aranges
                0x00000140       0x28 CMakeFiles/Teclado.dir/E_/Users/dario/Documents/Pico/pico-sdk/src/rp2_common/pico_platform/platform.c.obj
 .debug_aranges
                0x00000168       0x58 CMakeFiles/Teclado.dir/E_/Users/dario/Documents/Pico/pico-sdk/src/rp2_common/hardware_sync/sync.c.obj
 .debug_aranges
                0x000001c0       0xd0 CMakeFiles/Teclado.dir/E_/Users/dario/Documents/Pico/pico-sdk/src/common/pico_time/time.c.obj
 .debug_aranges
                0x00000290       0x78 CMakeFiles/Teclado.dir/E_/Users/dario/Documents/Pico/pico-sdk/src/rp2_common/hardware_timer/timer.c.obj
 .debug_aranges
                0x00000308       0x20 CMakeFiles/Teclado.dir/E_/Users/dario/Documents/Pico/pico-sdk/src/common/pico_sync/lock_core.c.obj
 .debug_aranges
                0x00000328       0x88 CMakeFiles/Teclado.dir/E_/Users/dario/Documents/Pico/pico-sdk/src/common/pico_sync/mutex.c.obj
 .debug_aranges
                0x000003b0       0x78 CMakeFiles/Teclado.dir/E_/Users/dario/Documents/Pico/pico-sdk/src/common/pico_util/pheap.c.obj
 .debug_aranges
                0x00000428       0x60 CMakeFiles/Teclado.dir/E_/Users/dario/Documents/Pico/pico-sdk/src/rp2_common/pico_runtime/runtime.c.obj
 .debug_aranges